2026-07-29 11:59:12.623 INFO   Freerouting v2.2.4 (build-date: 2026-05-13)
2026-07-29 11:59:13.968 WARN   DSN file 'lumina-carrier.dsn' was loaded with 4 warning(s).
2026-07-29 11:59:14.148 INFO   [E61F37\0BAD4A] Job 'E61F37\0BAD4A' started at 2026-07-29T18:59:14.148033800Z.
2026-07-29 11:59:14.488 INFO   New version available: v2.2.4
2026-07-29 11:59:14.719 ERROR  Error during routing passes
java.lang.NullPointerException: Cannot load from object array because "to_trace_entries" is null
	at app.freerouting.board.ShapeSearchTree.merge_entries_in_front(ShapeSearchTree.java:175)
	at app.freerouting.board.SearchTreeManager.merge_entries_in_front(SearchTreeManager.java:245)
	at app.freerouting.board.PolylineTrace.combine_at_start(PolylineTrace.java:289)
	at app.freerouting.board.PolylineTrace.combine(PolylineTrace.java:175)
	at app.freerouting.board.PolylineTrace.normalize(PolylineTrace.java:781)
	at app.freerouting.board.PolylineTrace.normalize(PolylineTrace.java:735)
	at app.freerouting.board.BasicBoard.normalize_traces(BasicBoard.java:830)
	at app.freerouting.autoroute.InsertFoundConnectionAlgo.get_instance(InsertFoundConnectionAlgo.java:87)
	at app.freerouting.autoroute.AutorouteEngine.autoroute_connection(AutorouteEngine.java:241)
	at app.freerouting.autoroute.BatchAutorouter.autoroute_item(BatchAutorouter.java:1104)
	at app.freerouting.autoroute.BatchAutorouter.autoroute_pass(BatchAutorouter.java:451)
	at app.freerouting.autoroute.BatchAutorouter.runBatchLoop(BatchAutorouter.java:744)
	at app.freerouting.management.RoutingJobSchedulerActionThread.thread_action(RoutingJobSchedulerActionThread.java:114)
	at app.freerouting.core.StoppableThread.run(StoppableThread.java:22)
2026-07-29 11:59:14.754 ERROR  Error during routing passes
java.lang.ArrayIndexOutOfBoundsException: Index -1 out of bounds for length 8
	at app.freerouting.geometry.planar.Polyline.remove_overlaps(Polyline.java:157)
	at app.freerouting.geometry.planar.Polyline.<init>(Polyline.java:86)
	at app.freerouting.board.PolylineTrace.combine_at_end(PolylineTrace.java:379)
	at app.freerouting.board.PolylineTrace.combine(PolylineTrace.java:178)
	at app.freerouting.board.PolylineTrace.normalize(PolylineTrace.java:781)
	at app.freerouting.board.PolylineTrace.normalize(PolylineTrace.java:735)
	at app.freerouting.board.BasicBoard.normalize_traces(BasicBoard.java:830)
	at app.freerouting.autoroute.InsertFoundConnectionAlgo.get_instance(InsertFoundConnectionAlgo.java:87)
	at app.freerouting.autoroute.AutorouteEngine.autoroute_connection(AutorouteEngine.java:241)
	at app.freerouting.autoroute.BatchAutorouter.autoroute_item(BatchAutorouter.java:1104)
	at app.freerouting.autoroute.BatchAutorouter.autoroute_pass(BatchAutorouter.java:451)
	at app.freerouting.autoroute.BatchAutorouter.runBatchLoop(BatchAutorouter.java:744)
	at app.freerouting.management.RoutingJobSchedulerActionThread.thread_action(RoutingJobSchedulerActionThread.java:114)
	at app.freerouting.core.StoppableThread.run(StoppableThread.java:22)
2026-07-29 11:59:14.779 ERROR  Error during routing passes
java.lang.NullPointerException: Cannot load from object array because "to_trace_entries" is null
	at app.freerouting.board.ShapeSearchTree.merge_entries_in_front(ShapeSearchTree.java:175)
	at app.freerouting.board.SearchTreeManager.merge_entries_in_front(SearchTreeManager.java:245)
	at app.freerouting.board.PolylineTrace.combine_at_start(PolylineTrace.java:289)
	at app.freerouting.board.PolylineTrace.combine(PolylineTrace.java:175)
	at app.freerouting.board.PolylineTrace.normalize(PolylineTrace.java:781)
	at app.freerouting.board.PolylineTrace.normalize(PolylineTrace.java:735)
	at app.freerouting.board.BasicBoard.normalize_traces(BasicBoard.java:830)
	at app.freerouting.autoroute.InsertFoundConnectionAlgo.get_instance(InsertFoundConnectionAlgo.java:87)
	at app.freerouting.autoroute.AutorouteEngine.autoroute_connection(AutorouteEngine.java:241)
	at app.freerouting.autoroute.BatchAutorouter.autoroute_item(BatchAutorouter.java:1104)
	at app.freerouting.autoroute.BatchAutorouter.autoroute_pass(BatchAutorouter.java:451)
	at app.freerouting.autoroute.BatchAutorouter.runBatchLoop(BatchAutorouter.java:744)
	at app.freerouting.management.RoutingJobSchedulerActionThread.thread_action(RoutingJobSchedulerActionThread.java:114)
	at app.freerouting.core.StoppableThread.run(StoppableThread.java:22)
2026-07-29 11:59:15.577 WARN   Polyline: must contain at least 2 different points
2026-07-29 11:59:15.577 ERROR  Error during routing passes
java.lang.NullPointerException: Cannot invoke "Object.equals(Object)" because "from_corner" is null
	at app.freerouting.board.RoutingBoard.insert_forced_trace_polyline(RoutingBoard.java:603)
	at app.freerouting.autoroute.InsertFoundConnectionAlgo.insert_trace(InsertFoundConnectionAlgo.java:143)
	at app.freerouting.autoroute.InsertFoundConnectionAlgo.get_instance(InsertFoundConnectionAlgo.java:64)
	at app.freerouting.autoroute.AutorouteEngine.autoroute_connection(AutorouteEngine.java:241)
	at app.freerouting.autoroute.BatchAutorouter.autoroute_item(BatchAutorouter.java:1104)
	at app.freerouting.autoroute.BatchAutorouter.autoroute_pass(BatchAutorouter.java:451)
	at app.freerouting.autoroute.BatchAutorouter.runBatchLoop(BatchAutorouter.java:744)
	at app.freerouting.management.RoutingJobSchedulerActionThread.thread_action(RoutingJobSchedulerActionThread.java:114)
	at app.freerouting.core.StoppableThread.run(StoppableThread.java:22)
2026-07-29 11:59:16.234 ERROR  Error during routing passes
java.lang.ArrayIndexOutOfBoundsException: Index -1 out of bounds for length 8
	at app.freerouting.geometry.planar.Polyline.remove_overlaps(Polyline.java:157)
	at app.freerouting.geometry.planar.Polyline.<init>(Polyline.java:86)
	at app.freerouting.board.PolylineTrace.combine_at_end(PolylineTrace.java:379)
	at app.freerouting.board.PolylineTrace.combine(PolylineTrace.java:178)
	at app.freerouting.board.PolylineTrace.normalize(PolylineTrace.java:781)
	at app.freerouting.board.PolylineTrace.normalize(PolylineTrace.java:735)
	at app.freerouting.board.BasicBoard.normalize_traces(BasicBoard.java:830)
	at app.freerouting.autoroute.InsertFoundConnectionAlgo.get_instance(InsertFoundConnectionAlgo.java:87)
	at app.freerouting.autoroute.AutorouteEngine.autoroute_connection(AutorouteEngine.java:241)
	at app.freerouting.autoroute.BatchAutorouter.autoroute_item(BatchAutorouter.java:1104)
	at app.freerouting.autoroute.BatchAutorouter.autoroute_pass(BatchAutorouter.java:451)
	at app.freerouting.autoroute.BatchAutorouter.runBatchLoop(BatchAutorouter.java:744)
	at app.freerouting.management.RoutingJobSchedulerActionThread.thread_action(RoutingJobSchedulerActionThread.java:114)
	at app.freerouting.core.StoppableThread.run(StoppableThread.java:22)
2026-07-29 11:59:16.248 ERROR  Error during routing passes
java.lang.ArrayIndexOutOfBoundsException: Index -1 out of bounds for length 8
	at app.freerouting.geometry.planar.Polyline.remove_overlaps(Polyline.java:157)
	at app.freerouting.geometry.planar.Polyline.<init>(Polyline.java:86)
	at app.freerouting.board.PolylineTrace.combine_at_end(PolylineTrace.java:379)
	at app.freerouting.board.PolylineTrace.combine(PolylineTrace.java:178)
	at app.freerouting.board.PolylineTrace.normalize(PolylineTrace.java:781)
	at app.freerouting.board.PolylineTrace.normalize(PolylineTrace.java:735)
	at app.freerouting.board.BasicBoard.normalize_traces(BasicBoard.java:830)
	at app.freerouting.autoroute.InsertFoundConnectionAlgo.get_instance(InsertFoundConnectionAlgo.java:87)
	at app.freerouting.autoroute.AutorouteEngine.autoroute_connection(AutorouteEngine.java:241)
	at app.freerouting.autoroute.BatchAutorouter.autoroute_item(BatchAutorouter.java:1104)
	at app.freerouting.autoroute.BatchAutorouter.autoroute_pass(BatchAutorouter.java:451)
	at app.freerouting.autoroute.BatchAutorouter.runBatchLoop(BatchAutorouter.java:744)
	at app.freerouting.management.RoutingJobSchedulerActionThread.thread_action(RoutingJobSchedulerActionThread.java:114)
	at app.freerouting.core.StoppableThread.run(StoppableThread.java:22)
2026-07-29 11:59:16.262 ERROR  Error during routing passes
java.lang.ArrayIndexOutOfBoundsException: Index -1 out of bounds for length 8
	at app.freerouting.geometry.planar.Polyline.remove_overlaps(Polyline.java:157)
	at app.freerouting.geometry.planar.Polyline.<init>(Polyline.java:86)
	at app.freerouting.board.PolylineTrace.combine_at_end(PolylineTrace.java:379)
	at app.freerouting.board.PolylineTrace.combine(PolylineTrace.java:178)
	at app.freerouting.board.PolylineTrace.normalize(PolylineTrace.java:781)
	at app.freerouting.board.PolylineTrace.normalize(PolylineTrace.java:735)
	at app.freerouting.board.BasicBoard.normalize_traces(BasicBoard.java:830)
	at app.freerouting.autoroute.InsertFoundConnectionAlgo.get_instance(InsertFoundConnectionAlgo.java:87)
	at app.freerouting.autoroute.AutorouteEngine.autoroute_connection(AutorouteEngine.java:241)
	at app.freerouting.autoroute.BatchAutorouter.autoroute_item(BatchAutorouter.java:1104)
	at app.freerouting.autoroute.BatchAutorouter.autoroute_pass(BatchAutorouter.java:451)
	at app.freerouting.autoroute.BatchAutorouter.runBatchLoop(BatchAutorouter.java:744)
	at app.freerouting.management.RoutingJobSchedulerActionThread.thread_action(RoutingJobSchedulerActionThread.java:114)
	at app.freerouting.core.StoppableThread.run(StoppableThread.java:22)
2026-07-29 11:59:16.277 ERROR  Error during routing passes
java.lang.ArrayIndexOutOfBoundsException: Index -1 out of bounds for length 8
	at app.freerouting.geometry.planar.Polyline.remove_overlaps(Polyline.java:157)
	at app.freerouting.geometry.planar.Polyline.<init>(Polyline.java:86)
	at app.freerouting.board.PolylineTrace.combine_at_end(PolylineTrace.java:379)
	at app.freerouting.board.PolylineTrace.combine(PolylineTrace.java:178)
	at app.freerouting.board.PolylineTrace.normalize(PolylineTrace.java:781)
	at app.freerouting.board.PolylineTrace.normalize(PolylineTrace.java:735)
	at app.freerouting.board.BasicBoard.normalize_traces(BasicBoard.java:830)
	at app.freerouting.autoroute.InsertFoundConnectionAlgo.get_instance(InsertFoundConnectionAlgo.java:87)
	at app.freerouting.autoroute.AutorouteEngine.autoroute_connection(AutorouteEngine.java:241)
	at app.freerouting.autoroute.BatchAutorouter.autoroute_item(BatchAutorouter.java:1104)
	at app.freerouting.autoroute.BatchAutorouter.autoroute_pass(BatchAutorouter.java:451)
	at app.freerouting.autoroute.BatchAutorouter.runBatchLoop(BatchAutorouter.java:744)
	at app.freerouting.management.RoutingJobSchedulerActionThread.thread_action(RoutingJobSchedulerActionThread.java:114)
	at app.freerouting.core.StoppableThread.run(StoppableThread.java:22)
2026-07-29 11:59:16.293 ERROR  Error during routing passes
java.lang.ArrayIndexOutOfBoundsException: Index -1 out of bounds for length 8
	at app.freerouting.geometry.planar.Polyline.remove_overlaps(Polyline.java:157)
	at app.freerouting.geometry.planar.Polyline.<init>(Polyline.java:86)
	at app.freerouting.board.PolylineTrace.combine_at_end(PolylineTrace.java:379)
	at app.freerouting.board.PolylineTrace.combine(PolylineTrace.java:178)
	at app.freerouting.board.PolylineTrace.normalize(PolylineTrace.java:781)
	at app.freerouting.board.PolylineTrace.normalize(PolylineTrace.java:735)
	at app.freerouting.board.BasicBoard.normalize_traces(BasicBoard.java:830)
	at app.freerouting.autoroute.InsertFoundConnectionAlgo.get_instance(InsertFoundConnectionAlgo.java:87)
	at app.freerouting.autoroute.AutorouteEngine.autoroute_connection(AutorouteEngine.java:241)
	at app.freerouting.autoroute.BatchAutorouter.autoroute_item(BatchAutorouter.java:1104)
	at app.freerouting.autoroute.BatchAutorouter.autoroute_pass(BatchAutorouter.java:451)
	at app.freerouting.autoroute.BatchAutorouter.runBatchLoop(BatchAutorouter.java:744)
	at app.freerouting.management.RoutingJobSchedulerActionThread.thread_action(RoutingJobSchedulerActionThread.java:114)
	at app.freerouting.core.StoppableThread.run(StoppableThread.java:22)
2026-07-29 11:59:16.351 ERROR  Error during routing passes
java.lang.ArrayIndexOutOfBoundsException: Index -1 out of bounds for length 8
	at app.freerouting.geometry.planar.Polyline.remove_overlaps(Polyline.java:157)
	at app.freerouting.geometry.planar.Polyline.<init>(Polyline.java:86)
	at app.freerouting.board.PolylineTrace.combine_at_end(PolylineTrace.java:379)
	at app.freerouting.board.PolylineTrace.combine(PolylineTrace.java:178)
	at app.freerouting.board.PolylineTrace.normalize(PolylineTrace.java:781)
	at app.freerouting.board.PolylineTrace.normalize(PolylineTrace.java:735)
	at app.freerouting.board.BasicBoard.normalize_traces(BasicBoard.java:830)
	at app.freerouting.autoroute.InsertFoundConnectionAlgo.get_instance(InsertFoundConnectionAlgo.java:87)
	at app.freerouting.autoroute.AutorouteEngine.autoroute_connection(AutorouteEngine.java:241)
	at app.freerouting.autoroute.BatchAutorouter.autoroute_item(BatchAutorouter.java:1104)
	at app.freerouting.autoroute.BatchAutorouter.autoroute_pass(BatchAutorouter.java:451)
	at app.freerouting.autoroute.BatchAutorouter.runBatchLoop(BatchAutorouter.java:744)
	at app.freerouting.management.RoutingJobSchedulerActionThread.thread_action(RoutingJobSchedulerActionThread.java:114)
	at app.freerouting.core.StoppableThread.run(StoppableThread.java:22)
2026-07-29 11:59:16.363 ERROR  Error during routing passes
java.lang.ArrayIndexOutOfBoundsException: Index -1 out of bounds for length 8
	at app.freerouting.geometry.planar.Polyline.remove_overlaps(Polyline.java:157)
	at app.freerouting.geometry.planar.Polyline.<init>(Polyline.java:86)
	at app.freerouting.board.PolylineTrace.combine_at_end(PolylineTrace.java:379)
	at app.freerouting.board.PolylineTrace.combine(PolylineTrace.java:178)
	at app.freerouting.board.PolylineTrace.normalize(PolylineTrace.java:781)
	at app.freerouting.board.PolylineTrace.normalize(PolylineTrace.java:735)
	at app.freerouting.board.BasicBoard.normalize_traces(BasicBoard.java:830)
	at app.freerouting.autoroute.InsertFoundConnectionAlgo.get_instance(InsertFoundConnectionAlgo.java:87)
	at app.freerouting.autoroute.AutorouteEngine.autoroute_connection(AutorouteEngine.java:241)
	at app.freerouting.autoroute.BatchAutorouter.autoroute_item(BatchAutorouter.java:1104)
	at app.freerouting.autoroute.BatchAutorouter.autoroute_pass(BatchAutorouter.java:451)
	at app.freerouting.autoroute.BatchAutorouter.runBatchLoop(BatchAutorouter.java:744)
	at app.freerouting.management.RoutingJobSchedulerActionThread.thread_action(RoutingJobSchedulerActionThread.java:114)
	at app.freerouting.core.StoppableThread.run(StoppableThread.java:22)
2026-07-29 11:59:16.375 ERROR  Error during routing passes
java.lang.ArrayIndexOutOfBoundsException: Index -1 out of bounds for length 8
	at app.freerouting.geometry.planar.Polyline.remove_overlaps(Polyline.java:157)
	at app.freerouting.geometry.planar.Polyline.<init>(Polyline.java:86)
	at app.freerouting.board.PolylineTrace.combine_at_end(PolylineTrace.java:379)
	at app.freerouting.board.PolylineTrace.combine(PolylineTrace.java:178)
	at app.freerouting.board.PolylineTrace.normalize(PolylineTrace.java:781)
	at app.freerouting.board.PolylineTrace.normalize(PolylineTrace.java:735)
	at app.freerouting.board.BasicBoard.normalize_traces(BasicBoard.java:830)
	at app.freerouting.autoroute.InsertFoundConnectionAlgo.get_instance(InsertFoundConnectionAlgo.java:87)
	at app.freerouting.autoroute.AutorouteEngine.autoroute_connection(AutorouteEngine.java:241)
	at app.freerouting.autoroute.BatchAutorouter.autoroute_item(BatchAutorouter.java:1104)
	at app.freerouting.autoroute.BatchAutorouter.autoroute_pass(BatchAutorouter.java:451)
	at app.freerouting.autoroute.BatchAutorouter.runBatchLoop(BatchAutorouter.java:744)
	at app.freerouting.management.RoutingJobSchedulerActionThread.thread_action(RoutingJobSchedulerActionThread.java:114)
	at app.freerouting.core.StoppableThread.run(StoppableThread.java:22)
2026-07-29 11:59:16.387 ERROR  Error during routing passes
java.lang.ArrayIndexOutOfBoundsException: Index -1 out of bounds for length 8
	at app.freerouting.geometry.planar.Polyline.remove_overlaps(Polyline.java:157)
	at app.freerouting.geometry.planar.Polyline.<init>(Polyline.java:86)
	at app.freerouting.board.PolylineTrace.combine_at_end(PolylineTrace.java:379)
	at app.freerouting.board.PolylineTrace.combine(PolylineTrace.java:178)
	at app.freerouting.board.PolylineTrace.normalize(PolylineTrace.java:781)
	at app.freerouting.board.PolylineTrace.normalize(PolylineTrace.java:735)
	at app.freerouting.board.BasicBoard.normalize_traces(BasicBoard.java:830)
	at app.freerouting.autoroute.InsertFoundConnectionAlgo.get_instance(InsertFoundConnectionAlgo.java:87)
	at app.freerouting.autoroute.AutorouteEngine.autoroute_connection(AutorouteEngine.java:241)
	at app.freerouting.autoroute.BatchAutorouter.autoroute_item(BatchAutorouter.java:1104)
	at app.freerouting.autoroute.BatchAutorouter.autoroute_pass(BatchAutorouter.java:451)
	at app.freerouting.autoroute.BatchAutorouter.runBatchLoop(BatchAutorouter.java:744)
	at app.freerouting.management.RoutingJobSchedulerActionThread.thread_action(RoutingJobSchedulerActionThread.java:114)
	at app.freerouting.core.StoppableThread.run(StoppableThread.java:22)
