2026-08-08 18:28:43.630 INFO   Freerouting v2.2.4 (build-date: 2026-05-13)
2026-08-08 18:28:44.974 WARN   DSN file 'b09.dsn' was loaded with 1 warning(s).
2026-08-08 18:28:45.115 INFO   [9D3C37\20CAD5] Job '9D3C37\20CAD5' started at 2026-08-09T01:28:45.115997100Z.
2026-08-08 18:28:45.392 INFO   New version available: v2.3.0
2026-08-08 18:28:45.485 ERROR  Error during routing passes
java.lang.ArrayIndexOutOfBoundsException: Index -1 out of bounds for length 8
	at app.freerouting.geometry.planar.Polyline.remove_overlaps(Polyline.java:157)
	at app.freerouting.geometry.planar.Polyline.<init>(Polyline.java:86)
	at app.freerouting.board.PolylineTrace.combine_at_end(PolylineTrace.java:379)
	at app.freerouting.board.PolylineTrace.combine(PolylineTrace.java:178)
	at app.freerouting.board.PolylineTrace.normalize(PolylineTrace.java:781)
	at app.freerouting.board.PolylineTrace.normalize(PolylineTrace.java:735)
	at app.freerouting.board.BasicBoard.normalize_traces(BasicBoard.java:830)
	at app.freerouting.autoroute.InsertFoundConnectionAlgo.get_instance(InsertFoundConnectionAlgo.java:87)
	at app.freerouting.autoroute.AutorouteEngine.autoroute_connection(AutorouteEngine.java:241)
	at app.freerouting.autoroute.BatchAutorouter.autoroute_item(BatchAutorouter.java:1104)
	at app.freerouting.autoroute.BatchAutorouter.autoroute_pass(BatchAutorouter.java:451)
	at app.freerouting.autoroute.BatchAutorouter.runBatchLoop(BatchAutorouter.java:744)
	at app.freerouting.management.RoutingJobSchedulerActionThread.thread_action(RoutingJobSchedulerActionThread.java:114)
	at app.freerouting.core.StoppableThread.run(StoppableThread.java:22)
2026-08-08 18:28:45.555 ERROR  Error during routing passes
java.lang.ArrayIndexOutOfBoundsException: Index -1 out of bounds for length 8
	at app.freerouting.geometry.planar.Polyline.remove_overlaps(Polyline.java:157)
	at app.freerouting.geometry.planar.Polyline.<init>(Polyline.java:86)
	at app.freerouting.board.PolylineTrace.combine_at_end(PolylineTrace.java:379)
	at app.freerouting.board.PolylineTrace.combine(PolylineTrace.java:178)
	at app.freerouting.board.PolylineTrace.normalize(PolylineTrace.java:781)
	at app.freerouting.board.PolylineTrace.normalize(PolylineTrace.java:735)
	at app.freerouting.board.BasicBoard.normalize_traces(BasicBoard.java:830)
	at app.freerouting.autoroute.InsertFoundConnectionAlgo.get_instance(InsertFoundConnectionAlgo.java:87)
	at app.freerouting.autoroute.AutorouteEngine.autoroute_connection(AutorouteEngine.java:241)
	at app.freerouting.autoroute.BatchAutorouter.autoroute_item(BatchAutorouter.java:1104)
	at app.freerouting.autoroute.BatchAutorouter.autoroute_pass(BatchAutorouter.java:451)
	at app.freerouting.autoroute.BatchAutorouter.runBatchLoop(BatchAutorouter.java:744)
	at app.freerouting.management.RoutingJobSchedulerActionThread.thread_action(RoutingJobSchedulerActionThread.java:114)
	at app.freerouting.core.StoppableThread.run(StoppableThread.java:22)
2026-08-08 18:28:45.580 ERROR  Error during routing passes
java.lang.ArrayIndexOutOfBoundsException: Index -1 out of bounds for length 8
	at app.freerouting.geometry.planar.Polyline.remove_overlaps(Polyline.java:157)
	at app.freerouting.geometry.planar.Polyline.<init>(Polyline.java:86)
	at app.freerouting.board.PolylineTrace.combine_at_end(PolylineTrace.java:379)
	at app.freerouting.board.PolylineTrace.combine(PolylineTrace.java:178)
	at app.freerouting.board.PolylineTrace.normalize(PolylineTrace.java:781)
	at app.freerouting.board.PolylineTrace.normalize(PolylineTrace.java:735)
	at app.freerouting.board.BasicBoard.normalize_traces(BasicBoard.java:830)
	at app.freerouting.autoroute.InsertFoundConnectionAlgo.get_instance(InsertFoundConnectionAlgo.java:87)
	at app.freerouting.autoroute.AutorouteEngine.autoroute_connection(AutorouteEngine.java:241)
	at app.freerouting.autoroute.BatchAutorouter.autoroute_item(BatchAutorouter.java:1104)
	at app.freerouting.autoroute.BatchAutorouter.autoroute_pass(BatchAutorouter.java:451)
	at app.freerouting.autoroute.BatchAutorouter.runBatchLoop(BatchAutorouter.java:744)
	at app.freerouting.management.RoutingJobSchedulerActionThread.thread_action(RoutingJobSchedulerActionThread.java:114)
	at app.freerouting.core.StoppableThread.run(StoppableThread.java:22)
2026-08-08 18:28:45.600 ERROR  Error during routing passes
java.lang.ArrayIndexOutOfBoundsException: Index -1 out of bounds for length 8
	at app.freerouting.geometry.planar.Polyline.remove_overlaps(Polyline.java:157)
	at app.freerouting.geometry.planar.Polyline.<init>(Polyline.java:86)
	at app.freerouting.board.PolylineTrace.combine_at_end(PolylineTrace.java:379)
	at app.freerouting.board.PolylineTrace.combine(PolylineTrace.java:178)
	at app.freerouting.board.PolylineTrace.normalize(PolylineTrace.java:781)
	at app.freerouting.board.PolylineTrace.normalize(PolylineTrace.java:735)
	at app.freerouting.board.BasicBoard.normalize_traces(BasicBoard.java:830)
	at app.freerouting.autoroute.InsertFoundConnectionAlgo.get_instance(InsertFoundConnectionAlgo.java:87)
	at app.freerouting.autoroute.AutorouteEngine.autoroute_connection(AutorouteEngine.java:241)
	at app.freerouting.autoroute.BatchAutorouter.autoroute_item(BatchAutorouter.java:1104)
	at app.freerouting.autoroute.BatchAutorouter.autoroute_pass(BatchAutorouter.java:451)
	at app.freerouting.autoroute.BatchAutorouter.runBatchLoop(BatchAutorouter.java:744)
	at app.freerouting.management.RoutingJobSchedulerActionThread.thread_action(RoutingJobSchedulerActionThread.java:114)
	at app.freerouting.core.StoppableThread.run(StoppableThread.java:22)
2026-08-08 18:28:45.645 ERROR  Error during routing passes
java.lang.ArrayIndexOutOfBoundsException: Index -1 out of bounds for length 8
	at app.freerouting.geometry.planar.Polyline.remove_overlaps(Polyline.java:157)
	at app.freerouting.geometry.planar.Polyline.<init>(Polyline.java:86)
	at app.freerouting.board.PolylineTrace.combine_at_end(PolylineTrace.java:379)
	at app.freerouting.board.PolylineTrace.combine(PolylineTrace.java:178)
	at app.freerouting.board.PolylineTrace.normalize(PolylineTrace.java:781)
	at app.freerouting.board.PolylineTrace.normalize(PolylineTrace.java:735)
	at app.freerouting.board.BasicBoard.normalize_traces(BasicBoard.java:830)
	at app.freerouting.autoroute.InsertFoundConnectionAlgo.get_instance(InsertFoundConnectionAlgo.java:87)
	at app.freerouting.autoroute.AutorouteEngine.autoroute_connection(AutorouteEngine.java:241)
	at app.freerouting.autoroute.BatchAutorouter.autoroute_item(BatchAutorouter.java:1104)
	at app.freerouting.autoroute.BatchAutorouter.autoroute_pass(BatchAutorouter.java:451)
	at app.freerouting.autoroute.BatchAutorouter.runBatchLoop(BatchAutorouter.java:744)
	at app.freerouting.management.RoutingJobSchedulerActionThread.thread_action(RoutingJobSchedulerActionThread.java:114)
	at app.freerouting.core.StoppableThread.run(StoppableThread.java:22)
2026-08-08 18:28:45.662 ERROR  Error during routing passes
java.lang.ArrayIndexOutOfBoundsException: Index -1 out of bounds for length 8
	at app.freerouting.geometry.planar.Polyline.remove_overlaps(Polyline.java:157)
	at app.freerouting.geometry.planar.Polyline.<init>(Polyline.java:86)
	at app.freerouting.board.PolylineTrace.combine_at_end(PolylineTrace.java:379)
	at app.freerouting.board.PolylineTrace.combine(PolylineTrace.java:178)
	at app.freerouting.board.PolylineTrace.normalize(PolylineTrace.java:781)
	at app.freerouting.board.PolylineTrace.normalize(PolylineTrace.java:735)
	at app.freerouting.board.BasicBoard.normalize_traces(BasicBoard.java:830)
	at app.freerouting.autoroute.InsertFoundConnectionAlgo.get_instance(InsertFoundConnectionAlgo.java:87)
	at app.freerouting.autoroute.AutorouteEngine.autoroute_connection(AutorouteEngine.java:241)
	at app.freerouting.autoroute.BatchAutorouter.autoroute_item(BatchAutorouter.java:1104)
	at app.freerouting.autoroute.BatchAutorouter.autoroute_pass(BatchAutorouter.java:451)
	at app.freerouting.autoroute.BatchAutorouter.runBatchLoop(BatchAutorouter.java:744)
	at app.freerouting.management.RoutingJobSchedulerActionThread.thread_action(RoutingJobSchedulerActionThread.java:114)
	at app.freerouting.core.StoppableThread.run(StoppableThread.java:22)
2026-08-08 18:28:46.202 ERROR  Error during routing passes
java.lang.ArrayIndexOutOfBoundsException: Index -1 out of bounds for length 8
	at app.freerouting.geometry.planar.Polyline.remove_overlaps(Polyline.java:157)
	at app.freerouting.geometry.planar.Polyline.<init>(Polyline.java:86)
	at app.freerouting.board.PolylineTrace.combine_at_end(PolylineTrace.java:379)
	at app.freerouting.board.PolylineTrace.combine(PolylineTrace.java:178)
	at app.freerouting.board.PolylineTrace.normalize(PolylineTrace.java:781)
	at app.freerouting.board.PolylineTrace.normalize(PolylineTrace.java:735)
	at app.freerouting.board.BasicBoard.normalize_traces(BasicBoard.java:830)
	at app.freerouting.autoroute.InsertFoundConnectionAlgo.get_instance(InsertFoundConnectionAlgo.java:87)
	at app.freerouting.autoroute.AutorouteEngine.autoroute_connection(AutorouteEngine.java:241)
	at app.freerouting.autoroute.BatchAutorouter.autoroute_item(BatchAutorouter.java:1104)
	at app.freerouting.autoroute.BatchAutorouter.autoroute_pass(BatchAutorouter.java:451)
	at app.freerouting.autoroute.BatchAutorouter.runBatchLoop(BatchAutorouter.java:744)
	at app.freerouting.management.RoutingJobSchedulerActionThread.thread_action(RoutingJobSchedulerActionThread.java:114)
	at app.freerouting.core.StoppableThread.run(StoppableThread.java:22)
2026-08-08 18:28:47.172 ERROR  Error during routing passes
java.lang.ArrayIndexOutOfBoundsException: Index -1 out of bounds for length 8
	at app.freerouting.geometry.planar.Polyline.remove_overlaps(Polyline.java:157)
	at app.freerouting.geometry.planar.Polyline.<init>(Polyline.java:86)
	at app.freerouting.board.PolylineTrace.combine_at_end(PolylineTrace.java:379)
	at app.freerouting.board.PolylineTrace.combine(PolylineTrace.java:178)
	at app.freerouting.board.PolylineTrace.normalize(PolylineTrace.java:781)
	at app.freerouting.board.PolylineTrace.normalize(PolylineTrace.java:735)
	at app.freerouting.board.BasicBoard.normalize_traces(BasicBoard.java:830)
	at app.freerouting.autoroute.InsertFoundConnectionAlgo.get_instance(InsertFoundConnectionAlgo.java:87)
	at app.freerouting.autoroute.AutorouteEngine.autoroute_connection(AutorouteEngine.java:241)
	at app.freerouting.autoroute.BatchAutorouter.autoroute_item(BatchAutorouter.java:1104)
	at app.freerouting.autoroute.BatchAutorouter.autoroute_pass(BatchAutorouter.java:451)
	at app.freerouting.autoroute.BatchAutorouter.runBatchLoop(BatchAutorouter.java:744)
	at app.freerouting.management.RoutingJobSchedulerActionThread.thread_action(RoutingJobSchedulerActionThread.java:114)
	at app.freerouting.core.StoppableThread.run(StoppableThread.java:22)
2026-08-08 18:28:47.200 ERROR  Error during routing passes
java.lang.ArrayIndexOutOfBoundsException: Index -1 out of bounds for length 8
	at app.freerouting.geometry.planar.Polyline.remove_overlaps(Polyline.java:157)
	at app.freerouting.geometry.planar.Polyline.<init>(Polyline.java:86)
	at app.freerouting.board.PolylineTrace.combine_at_end(PolylineTrace.java:379)
	at app.freerouting.board.PolylineTrace.combine(PolylineTrace.java:178)
	at app.freerouting.board.PolylineTrace.normalize(PolylineTrace.java:781)
	at app.freerouting.board.PolylineTrace.normalize(PolylineTrace.java:735)
	at app.freerouting.board.BasicBoard.normalize_traces(BasicBoard.java:830)
	at app.freerouting.autoroute.InsertFoundConnectionAlgo.get_instance(InsertFoundConnectionAlgo.java:87)
	at app.freerouting.autoroute.AutorouteEngine.autoroute_connection(AutorouteEngine.java:241)
	at app.freerouting.autoroute.BatchAutorouter.autoroute_item(BatchAutorouter.java:1104)
	at app.freerouting.autoroute.BatchAutorouter.autoroute_pass(BatchAutorouter.java:451)
	at app.freerouting.autoroute.BatchAutorouter.runBatchLoop(BatchAutorouter.java:744)
	at app.freerouting.management.RoutingJobSchedulerActionThread.thread_action(RoutingJobSchedulerActionThread.java:114)
	at app.freerouting.core.StoppableThread.run(StoppableThread.java:22)
2026-08-08 18:28:47.979 ERROR  [9D3C37\20CAD5] Something went wrong during the auto-routing
java.lang.ArrayIndexOutOfBoundsException: Index -1 out of bounds for length 8
	at app.freerouting.geometry.planar.Polyline.remove_overlaps(Polyline.java:157)
	at app.freerouting.geometry.planar.Polyline.<init>(Polyline.java:86)
	at app.freerouting.board.PolylineTrace.combine_at_end(PolylineTrace.java:379)
	at app.freerouting.board.PolylineTrace.combine(PolylineTrace.java:178)
	at app.freerouting.board.BasicBoard.combine_traces(BasicBoard.java:797)
	at app.freerouting.board.RoutingBoard.remove_trace_tails(RoutingBoard.java:1138)
	at app.freerouting.autoroute.BatchAutorouter.remove_tails(BatchAutorouter.java:1033)
	at app.freerouting.autoroute.BatchAutorouter.autoroute_pass(BatchAutorouter.java:589)
	at app.freerouting.autoroute.BatchAutorouter.runBatchLoop(BatchAutorouter.java:744)
	at app.freerouting.management.RoutingJobSchedulerActionThread.thread_action(RoutingJobSchedulerActionThread.java:114)
	at app.freerouting.core.StoppableThread.run(StoppableThread.java:22)
2026-08-08 18:28:47.990 INFO   [9D3C37\20CAD5] Auto-router pass #1 on board '6d2659d2a56614246c8d16b10b476045' was completed in 2.71 seconds with the score of 815.04 (98 unrouted), using 1.80 CPU seconds and the job allocated 0.66 GB of memory so far.
2026-08-08 18:28:48.024 INFO   [9D3C37\20CAD5] Auto-router session completed: started with 125 unrouted nets, completed in 2.83 seconds, final score: 815.04 (98 unrouted), using 1.80 total CPU seconds, 0.66 GB total allocated, and 419.49 MB peak heap usage.

2026-08-08 18:28:45.485 ERROR  Error during routing passes
java.lang.ArrayIndexOutOfBoundsException: Index -1 out of bounds for length 8
	at app.freerouting.geometry.planar.Polyline.remove_overlaps(Polyline.java:157)
	at app.freerouting.geometry.planar.Polyline.<init>(Polyline.java:86)
	at app.freerouting.board.PolylineTrace.combine_at_end(PolylineTrace.java:379)
	at app.freerouting.board.PolylineTrace.combine(PolylineTrace.java:178)
	at app.freerouting.board.PolylineTrace.normalize(PolylineTrace.java:781)
	at app.freerouting.board.PolylineTrace.normalize(PolylineTrace.java:735)
	at app.freerouting.board.BasicBoard.normalize_traces(BasicBoard.java:830)
	at app.freerouting.autoroute.InsertFoundConnectionAlgo.get_instance(InsertFoundConnectionAlgo.java:87)
	at app.freerouting.autoroute.AutorouteEngine.autoroute_connection(AutorouteEngine.java:241)
	at app.freerouting.autoroute.BatchAutorouter.autoroute_item(BatchAutorouter.java:1104)
	at app.freerouting.autoroute.BatchAutorouter.autoroute_pass(BatchAutorouter.java:451)
	at app.freerouting.autoroute.BatchAutorouter.runBatchLoop(BatchAutorouter.java:744)
	at app.freerouting.management.RoutingJobSchedulerActionThread.thread_action(RoutingJobSchedulerActionThread.java:114)
	at app.freerouting.core.StoppableThread.run(StoppableThread.java:22)
2026-08-08 18:28:45.555 ERROR  Error during routing passes
java.lang.ArrayIndexOutOfBoundsException: Index -1 out of bounds for length 8
	at app.freerouting.geometry.planar.Polyline.remove_overlaps(Polyline.java:157)
	at app.freerouting.geometry.planar.Polyline.<init>(Polyline.java:86)
	at app.freerouting.board.PolylineTrace.combine_at_end(PolylineTrace.java:379)
	at app.freerouting.board.PolylineTrace.combine(PolylineTrace.java:178)
	at app.freerouting.board.PolylineTrace.normalize(PolylineTrace.java:781)
	at app.freerouting.board.PolylineTrace.normalize(PolylineTrace.java:735)
	at app.freerouting.board.BasicBoard.normalize_traces(BasicBoard.java:830)
	at app.freerouting.autoroute.InsertFoundConnectionAlgo.get_instance(InsertFoundConnectionAlgo.java:87)
	at app.freerouting.autoroute.AutorouteEngine.autoroute_connection(AutorouteEngine.java:241)
	at app.freerouting.autoroute.BatchAutorouter.autoroute_item(BatchAutorouter.java:1104)
	at app.freerouting.autoroute.BatchAutorouter.autoroute_pass(BatchAutorouter.java:451)
	at app.freerouting.autoroute.BatchAutorouter.runBatchLoop(BatchAutorouter.java:744)
	at app.freerouting.management.RoutingJobSchedulerActionThread.thread_action(RoutingJobSchedulerActionThread.java:114)
	at app.freerouting.core.StoppableThread.run(StoppableThread.java:22)
2026-08-08 18:28:45.580 ERROR  Error during routing passes
java.lang.ArrayIndexOutOfBoundsException: Index -1 out of bounds for length 8
	at app.freerouting.geometry.planar.Polyline.remove_overlaps(Polyline.java:157)
	at app.freerouting.geometry.planar.Polyline.<init>(Polyline.java:86)
	at app.freerouting.board.PolylineTrace.combine_at_end(PolylineTrace.java:379)
	at app.freerouting.board.PolylineTrace.combine(PolylineTrace.java:178)
	at app.freerouting.board.PolylineTrace.normalize(PolylineTrace.java:781)
	at app.freerouting.board.PolylineTrace.normalize(PolylineTrace.java:735)
	at app.freerouting.board.BasicBoard.normalize_traces(BasicBoard.java:830)
	at app.freerouting.autoroute.InsertFoundConnectionAlgo.get_instance(InsertFoundConnectionAlgo.java:87)
	at app.freerouting.autoroute.AutorouteEngine.autoroute_connection(AutorouteEngine.java:241)
	at app.freerouting.autoroute.BatchAutorouter.autoroute_item(BatchAutorouter.java:1104)
	at app.freerouting.autoroute.BatchAutorouter.autoroute_pass(BatchAutorouter.java:451)
	at app.freerouting.autoroute.BatchAutorouter.runBatchLoop(BatchAutorouter.java:744)
	at app.freerouting.management.RoutingJobSchedulerActionThread.thread_action(RoutingJobSchedulerActionThread.java:114)
	at app.freerouting.core.StoppableThread.run(StoppableThread.java:22)
2026-08-08 18:28:45.600 ERROR  Error during routing passes
java.lang.ArrayIndexOutOfBoundsException: Index -1 out of bounds for length 8
	at app.freerouting.geometry.planar.Polyline.remove_overlaps(Polyline.java:157)
	at app.freerouting.geometry.planar.Polyline.<init>(Polyline.java:86)
	at app.freerouting.board.PolylineTrace.combine_at_end(PolylineTrace.java:379)
	at app.freerouting.board.PolylineTrace.combine(PolylineTrace.java:178)
	at app.freerouting.board.PolylineTrace.normalize(PolylineTrace.java:781)
	at app.freerouting.board.PolylineTrace.normalize(PolylineTrace.java:735)
	at app.freerouting.board.BasicBoard.normalize_traces(BasicBoard.java:830)
	at app.freerouting.autoroute.InsertFoundConnectionAlgo.get_instance(InsertFoundConnectionAlgo.java:87)
	at app.freerouting.autoroute.AutorouteEngine.autoroute_connection(AutorouteEngine.java:241)
	at app.freerouting.autoroute.BatchAutorouter.autoroute_item(BatchAutorouter.java:1104)
	at app.freerouting.autoroute.BatchAutorouter.autoroute_pass(BatchAutorouter.java:451)
	at app.freerouting.autoroute.BatchAutorouter.runBatchLoop(BatchAutorouter.java:744)
	at app.freerouting.management.RoutingJobSchedulerActionThread.thread_action(RoutingJobSchedulerActionThread.java:114)
	at app.freerouting.core.StoppableThread.run(StoppableThread.java:22)
2026-08-08 18:28:45.645 ERROR  Error during routing passes
java.lang.ArrayIndexOutOfBoundsException: Index -1 out of bounds for length 8
	at app.freerouting.geometry.planar.Polyline.remove_overlaps(Polyline.java:157)
	at app.freerouting.geometry.planar.Polyline.<init>(Polyline.java:86)
	at app.freerouting.board.PolylineTrace.combine_at_end(PolylineTrace.java:379)
	at app.freerouting.board.PolylineTrace.combine(PolylineTrace.java:178)
	at app.freerouting.board.PolylineTrace.normalize(PolylineTrace.java:781)
	at app.freerouting.board.PolylineTrace.normalize(PolylineTrace.java:735)
	at app.freerouting.board.BasicBoard.normalize_traces(BasicBoard.java:830)
	at app.freerouting.autoroute.InsertFoundConnectionAlgo.get_instance(InsertFoundConnectionAlgo.java:87)
	at app.freerouting.autoroute.AutorouteEngine.autoroute_connection(AutorouteEngine.java:241)
	at app.freerouting.autoroute.BatchAutorouter.autoroute_item(BatchAutorouter.java:1104)
	at app.freerouting.autoroute.BatchAutorouter.autoroute_pass(BatchAutorouter.java:451)
	at app.freerouting.autoroute.BatchAutorouter.runBatchLoop(BatchAutorouter.java:744)
	at app.freerouting.management.RoutingJobSchedulerActionThread.thread_action(RoutingJobSchedulerActionThread.java:114)
	at app.freerouting.core.StoppableThread.run(StoppableThread.java:22)
2026-08-08 18:28:45.662 ERROR  Error during routing passes
java.lang.ArrayIndexOutOfBoundsException: Index -1 out of bounds for length 8
	at app.freerouting.geometry.planar.Polyline.remove_overlaps(Polyline.java:157)
	at app.freerouting.geometry.planar.Polyline.<init>(Polyline.java:86)
	at app.freerouting.board.PolylineTrace.combine_at_end(PolylineTrace.java:379)
	at app.freerouting.board.PolylineTrace.combine(PolylineTrace.java:178)
	at app.freerouting.board.PolylineTrace.normalize(PolylineTrace.java:781)
	at app.freerouting.board.PolylineTrace.normalize(PolylineTrace.java:735)
	at app.freerouting.board.BasicBoard.normalize_traces(BasicBoard.java:830)
	at app.freerouting.autoroute.InsertFoundConnectionAlgo.get_instance(InsertFoundConnectionAlgo.java:87)
	at app.freerouting.autoroute.AutorouteEngine.autoroute_connection(AutorouteEngine.java:241)
	at app.freerouting.autoroute.BatchAutorouter.autoroute_item(BatchAutorouter.java:1104)
	at app.freerouting.autoroute.BatchAutorouter.autoroute_pass(BatchAutorouter.java:451)
	at app.freerouting.autoroute.BatchAutorouter.runBatchLoop(BatchAutorouter.java:744)
	at app.freerouting.management.RoutingJobSchedulerActionThread.thread_action(RoutingJobSchedulerActionThread.java:114)
	at app.freerouting.core.StoppableThread.run(StoppableThread.java:22)
2026-08-08 18:28:46.202 ERROR  Error during routing passes
java.lang.ArrayIndexOutOfBoundsException: Index -1 out of bounds for length 8
	at app.freerouting.geometry.planar.Polyline.remove_overlaps(Polyline.java:157)
	at app.freerouting.geometry.planar.Polyline.<init>(Polyline.java:86)
	at app.freerouting.board.PolylineTrace.combine_at_end(PolylineTrace.java:379)
	at app.freerouting.board.PolylineTrace.combine(PolylineTrace.java:178)
	at app.freerouting.board.PolylineTrace.normalize(PolylineTrace.java:781)
	at app.freerouting.board.PolylineTrace.normalize(PolylineTrace.java:735)
	at app.freerouting.board.BasicBoard.normalize_traces(BasicBoard.java:830)
	at app.freerouting.autoroute.InsertFoundConnectionAlgo.get_instance(InsertFoundConnectionAlgo.java:87)
	at app.freerouting.autoroute.AutorouteEngine.autoroute_connection(AutorouteEngine.java:241)
	at app.freerouting.autoroute.BatchAutorouter.autoroute_item(BatchAutorouter.java:1104)
	at app.freerouting.autoroute.BatchAutorouter.autoroute_pass(BatchAutorouter.java:451)
	at app.freerouting.autoroute.BatchAutorouter.runBatchLoop(BatchAutorouter.java:744)
	at app.freerouting.management.RoutingJobSchedulerActionThread.thread_action(RoutingJobSchedulerActionThread.java:114)
	at app.freerouting.core.StoppableThread.run(StoppableThread.java:22)
2026-08-08 18:28:47.172 ERROR  Error during routing passes
java.lang.ArrayIndexOutOfBoundsException: Index -1 out of bounds for length 8
	at app.freerouting.geometry.planar.Polyline.remove_overlaps(Polyline.java:157)
	at app.freerouting.geometry.planar.Polyline.<init>(Polyline.java:86)
	at app.freerouting.board.PolylineTrace.combine_at_end(PolylineTrace.java:379)
	at app.freerouting.board.PolylineTrace.combine(PolylineTrace.java:178)
	at app.freerouting.board.PolylineTrace.normalize(PolylineTrace.java:781)
	at app.freerouting.board.PolylineTrace.normalize(PolylineTrace.java:735)
	at app.freerouting.board.BasicBoard.normalize_traces(BasicBoard.java:830)
	at app.freerouting.autoroute.InsertFoundConnectionAlgo.get_instance(InsertFoundConnectionAlgo.java:87)
	at app.freerouting.autoroute.AutorouteEngine.autoroute_connection(AutorouteEngine.java:241)
	at app.freerouting.autoroute.BatchAutorouter.autoroute_item(BatchAutorouter.java:1104)
	at app.freerouting.autoroute.BatchAutorouter.autoroute_pass(BatchAutorouter.java:451)
	at app.freerouting.autoroute.BatchAutorouter.runBatchLoop(BatchAutorouter.java:744)
	at app.freerouting.management.RoutingJobSchedulerActionThread.thread_action(RoutingJobSchedulerActionThread.java:114)
	at app.freerouting.core.StoppableThread.run(StoppableThread.java:22)
2026-08-08 18:28:47.200 ERROR  Error during routing passes
java.lang.ArrayIndexOutOfBoundsException: Index -1 out of bounds for length 8
	at app.freerouting.geometry.planar.Polyline.remove_overlaps(Polyline.java:157)
	at app.freerouting.geometry.planar.Polyline.<init>(Polyline.java:86)
	at app.freerouting.board.PolylineTrace.combine_at_end(PolylineTrace.java:379)
	at app.freerouting.board.PolylineTrace.combine(PolylineTrace.java:178)
	at app.freerouting.board.PolylineTrace.normalize(PolylineTrace.java:781)
	at app.freerouting.board.PolylineTrace.normalize(PolylineTrace.java:735)
	at app.freerouting.board.BasicBoard.normalize_traces(BasicBoard.java:830)
	at app.freerouting.autoroute.InsertFoundConnectionAlgo.get_instance(InsertFoundConnectionAlgo.java:87)
	at app.freerouting.autoroute.AutorouteEngine.autoroute_connection(AutorouteEngine.java:241)
	at app.freerouting.autoroute.BatchAutorouter.autoroute_item(BatchAutorouter.java:1104)
	at app.freerouting.autoroute.BatchAutorouter.autoroute_pass(BatchAutorouter.java:451)
	at app.freerouting.autoroute.BatchAutorouter.runBatchLoop(BatchAutorouter.java:744)
	at app.freerouting.management.RoutingJobSchedulerActionThread.thread_action(RoutingJobSchedulerActionThread.java:114)
	at app.freerouting.core.StoppableThread.run(StoppableThread.java:22)
2026-08-08 18:28:47.979 ERROR  [9D3C37\20CAD5] Something went wrong during the auto-routing
java.lang.ArrayIndexOutOfBoundsException: Index -1 out of bounds for length 8
	at app.freerouting.geometry.planar.Polyline.remove_overlaps(Polyline.java:157)
	at app.freerouting.geometry.planar.Polyline.<init>(Polyline.java:86)
	at app.freerouting.board.PolylineTrace.combine_at_end(PolylineTrace.java:379)
	at app.freerouting.board.PolylineTrace.combine(PolylineTrace.java:178)
	at app.freerouting.board.BasicBoard.combine_traces(BasicBoard.java:797)
	at app.freerouting.board.RoutingBoard.remove_trace_tails(RoutingBoard.java:1138)
	at app.freerouting.autoroute.BatchAutorouter.remove_tails(BatchAutorouter.java:1033)
	at app.freerouting.autoroute.BatchAutorouter.autoroute_pass(BatchAutorouter.java:589)
	at app.freerouting.autoroute.BatchAutorouter.runBatchLoop(BatchAutorouter.java:744)
	at app.freerouting.management.RoutingJobSchedulerActionThread.thread_action(RoutingJobSchedulerActionThread.java:114)
	at app.freerouting.core.StoppableThread.run(StoppableThread.java:22)
