2026-07-28 00:26:30.998 INFO   Freerouting v2.2.4 (build-date: 2026-05-13)
2026-07-28 00:26:32.239 WARN   DSN file 'stm32-blinky.dsn' was loaded with 1 warning(s).
2026-07-28 00:26:32.309 INFO   [62CDB2\EED3C9] Job '62CDB2\EED3C9' started at 2026-07-28T07:26:32.309267800Z.
2026-07-28 00:26:32.708 INFO   New version available: v2.2.4
2026-07-28 00:26:34.502 INFO   [62CDB2\EED3C9] Auto-router pass #1 on board '6802e8d6e0f666ce3ccf05a376f74514' was completed in 2.07 seconds with the score of 923.67 (14 unrouted), using 1.94 CPU seconds and the job allocated 0.75 GB of memory so far.
2026-07-28 00:26:35.412 INFO   [62CDB2\EED3C9] Auto-router pass #2 on board '8c4746c958d7fb4f8427696ec927602b' was completed in 0.89 seconds with the score of 929.62 (13 unrouted), using 2.94 CPU seconds and the job allocated 1.35 GB of memory so far.
2026-07-28 00:26:36.182 INFO   [62CDB2\EED3C9] Auto-router pass #3 on board 'da2070f7c3c8b9a4cba138c4b3ad822c' was completed in 0.76 seconds with the score of 929.62 (13 unrouted), using 2.94 CPU seconds and the job allocated 1.35 GB of memory so far.
2026-07-28 00:26:36.928 INFO   [62CDB2\EED3C9] Auto-router pass #4 on board '78dece0806dcf48a040d583992b41cdc' was completed in 0.73 seconds with the score of 929.62 (13 unrouted), using 3.89 CPU seconds and the job allocated 2.11 GB of memory so far.
2026-07-28 00:26:37.604 INFO   [62CDB2\EED3C9] Auto-router pass #5 on board 'abcdcb00cc23530bd87d250d77e92519' was completed in 0.66 seconds with the score of 929.62 (13 unrouted), using 4.86 CPU seconds and the job allocated 2.93 GB of memory so far.
2026-07-28 00:26:38.079 INFO   [62CDB2\EED3C9] Auto-router pass #6 on board '3f857bc15a36eff20c810085299e8ae1' was completed in 0.46 seconds with the score of 929.62 (13 unrouted), using 4.86 CPU seconds and the job allocated 2.93 GB of memory so far.
2026-07-28 00:26:38.521 INFO   [62CDB2\EED3C9] Auto-router pass #7 on board '531aeb0152eda849e9f177030f4b80ba' was completed in 0.43 seconds with the score of 929.62 (13 unrouted), using 5.84 CPU seconds and the job allocated 4.09 GB of memory so far.
2026-07-28 00:26:39.022 INFO   [62CDB2\EED3C9] Auto-router pass #8 on board '6b53d36a7f38d0d72fb66e6f18b12032' was completed in 0.49 seconds with the score of 929.62 (13 unrouted), using 5.84 CPU seconds and the job allocated 4.09 GB of memory so far.
2026-07-28 00:26:39.495 INFO   [62CDB2\EED3C9] Auto-router pass #9 on board 'b0780359183060485fa5e831a842f411' was completed in 0.47 seconds with the score of 929.62 (13 unrouted), using 6.78 CPU seconds and the job allocated 5.27 GB of memory so far.
2026-07-28 00:26:39.983 INFO   [62CDB2\EED3C9] Auto-router pass #10 on board '8f26c8ff3c31efa747769d2c87f51a2e' was completed in 0.48 seconds with the score of 929.62 (13 unrouted), using 6.78 CPU seconds and the job allocated 5.27 GB of memory so far.
2026-07-28 00:26:40.492 INFO   [62CDB2\EED3C9] Auto-router pass #11 on board '5edf711c765a67d52cd178eec0f3c49d' was completed in 0.50 seconds with the score of 929.62 (13 unrouted), using 7.73 CPU seconds and the job allocated 6.45 GB of memory so far.
2026-07-28 00:26:40.998 INFO   [62CDB2\EED3C9] Auto-router pass #12 on board '8042e64d70cd5ff93869d29a4ee63649' was completed in 0.50 seconds with the score of 929.62 (13 unrouted), using 7.73 CPU seconds and the job allocated 6.45 GB of memory so far.
2026-07-28 00:26:41.446 INFO   [62CDB2\EED3C9] Auto-router pass #13 on board 'c173f8a846d2e9575fb6dc19ce45cbc0' was completed in 0.44 seconds with the score of 929.62 (13 unrouted), using 8.69 CPU seconds and the job allocated 7.63 GB of memory so far.
2026-07-28 00:26:41.913 INFO   [62CDB2\EED3C9] Auto-router pass #14 on board '729254d7a00c23c8f8d2dab22ac15e50' was completed in 0.46 seconds with the score of 929.62 (13 unrouted), using 8.69 CPU seconds and the job allocated 7.63 GB of memory so far.
2026-07-28 00:26:42.385 INFO   [62CDB2\EED3C9] Auto-router pass #15 on board '721b3e743872401281228c6d14d54194' was completed in 0.47 seconds with the score of 929.62 (13 unrouted), using 9.69 CPU seconds and the job allocated 8.85 GB of memory so far.
2026-07-28 00:26:42.847 INFO   [62CDB2\EED3C9] Auto-router pass #16 on board 'feaedf6b7e5340715880939b9cd0881e' was completed in 0.45 seconds with the score of 929.62 (13 unrouted), using 9.69 CPU seconds and the job allocated 8.85 GB of memory so far.
2026-07-28 00:26:43.309 INFO   [62CDB2\EED3C9] Auto-router pass #17 on board '06c00824549be9e7632ce24ce6846cfb' was completed in 0.46 seconds with the score of 929.62 (13 unrouted), using 9.69 CPU seconds and the job allocated 8.85 GB of memory so far.
2026-07-28 00:26:43.791 INFO   [62CDB2\EED3C9] Auto-router pass #18 on board '4963708ba7178a5556c037cfe1663e20' was completed in 0.47 seconds with the score of 929.62 (13 unrouted), using 10.64 CPU seconds and the job allocated 10.07 GB of memory so far.
2026-07-28 00:26:43.794 INFO   [62CDB2\EED3C9] The router's score (929.62) has not improved by more than 0.5 points in the last 10 passes (13 items still unconnected). Stopping the auto-router.
The following connections could not be routed -- please review your design (e.g. check pad clearances, trace width rules, and available routing space):
  Net '+5V' (1 unrouted connection):
    - C6-1  ->  U2-3
  Net '/VIN' (1 unrouted connection):
    - J1-1  ->  D1-2
  Net '+3V3' (10 unrouted connections):
    - U1-24  ->  C2-1
    - U1-36  ->  C3-1
    - C4-1  ->  C10-1
    - U1-1  ->  U1-48
    - C11-1  ->  R1-1
    - C1-1  ->  U1-48
    - U2-2  ->  C5-1
    - C10-1  ->  U1-9
    - C3-1  ->  J2-3
    - U1-24  ->  U1-36
  Net '/NRST' (1 unrouted connection):
    - U1-7  ->  C9-1
2026-07-28 00:26:43.801 INFO   [62CDB2\EED3C9] Auto-router session completed: started with 41 unrouted nets, completed in 11.43 seconds, final score: 929.62 (13 unrouted), using 10.64 total CPU seconds, 10.07 GB total allocated, and 483.76 MB peak heap usage.

