2026-07-28 00:26:45.293 INFO   Freerouting v2.2.4 (build-date: 2026-05-13)
2026-07-28 00:26:46.517 WARN   DSN file 'stm32-blinky.dsn' was loaded with 1 warning(s).
2026-07-28 00:26:46.588 INFO   [DF3EB3\DC5BB8] Job 'DF3EB3\DC5BB8' started at 2026-07-28T07:26:46.588535100Z.
2026-07-28 00:26:46.869 INFO   New version available: v2.2.4
2026-07-28 00:26:48.715 INFO   [DF3EB3\DC5BB8] Auto-router pass #1 on board '6802e8d6e0f666ce3ccf05a376f74514' was completed in 2.01 seconds with the score of 923.67 (14 unrouted), using 1.95 CPU seconds and the job allocated 0.77 GB of memory so far.
2026-07-28 00:26:49.620 INFO   [DF3EB3\DC5BB8] Auto-router pass #2 on board '8c4746c958d7fb4f8427696ec927602b' was completed in 0.88 seconds with the score of 929.62 (13 unrouted), using 2.95 CPU seconds and the job allocated 1.38 GB of memory so far.
2026-07-28 00:26:50.354 INFO   [DF3EB3\DC5BB8] Auto-router pass #3 on board 'da2070f7c3c8b9a4cba138c4b3ad822c' was completed in 0.72 seconds with the score of 929.62 (13 unrouted), using 2.95 CPU seconds and the job allocated 1.38 GB of memory so far.
2026-07-28 00:26:51.035 INFO   [DF3EB3\DC5BB8] Auto-router pass #4 on board '78dece0806dcf48a040d583992b41cdc' was completed in 0.67 seconds with the score of 929.62 (13 unrouted), using 3.92 CPU seconds and the job allocated 2.21 GB of memory so far.
2026-07-28 00:26:51.535 INFO   [DF3EB3\DC5BB8] Auto-router pass #5 on board 'abcdcb00cc23530bd87d250d77e92519' was completed in 0.49 seconds with the score of 929.62 (13 unrouted), using 3.92 CPU seconds and the job allocated 2.21 GB of memory so far.
2026-07-28 00:26:52.034 INFO   [DF3EB3\DC5BB8] Auto-router pass #6 on board '3f857bc15a36eff20c810085299e8ae1' was completed in 0.49 seconds with the score of 929.62 (13 unrouted), using 4.91 CPU seconds and the job allocated 3.28 GB of memory so far.
2026-07-28 00:26:52.521 INFO   [DF3EB3\DC5BB8] Auto-router pass #7 on board '531aeb0152eda849e9f177030f4b80ba' was completed in 0.48 seconds with the score of 929.62 (13 unrouted), using 4.91 CPU seconds and the job allocated 3.28 GB of memory so far.
2026-07-28 00:26:53.002 INFO   [DF3EB3\DC5BB8] Auto-router pass #8 on board '6b53d36a7f38d0d72fb66e6f18b12032' was completed in 0.47 seconds with the score of 929.62 (13 unrouted), using 5.88 CPU seconds and the job allocated 4.49 GB of memory so far.
2026-07-28 00:26:53.490 INFO   [DF3EB3\DC5BB8] Auto-router pass #9 on board 'b0780359183060485fa5e831a842f411' was completed in 0.48 seconds with the score of 929.62 (13 unrouted), using 5.88 CPU seconds and the job allocated 4.49 GB of memory so far.
2026-07-28 00:26:53.987 INFO   [DF3EB3\DC5BB8] Auto-router pass #10 on board '8f26c8ff3c31efa747769d2c87f51a2e' was completed in 0.49 seconds with the score of 929.62 (13 unrouted), using 6.88 CPU seconds and the job allocated 5.70 GB of memory so far.
2026-07-28 00:26:54.502 INFO   [DF3EB3\DC5BB8] Auto-router pass #11 on board '5edf711c765a67d52cd178eec0f3c49d' was completed in 0.51 seconds with the score of 929.62 (13 unrouted), using 6.88 CPU seconds and the job allocated 5.70 GB of memory so far.
2026-07-28 00:26:55.018 INFO   [DF3EB3\DC5BB8] Auto-router pass #12 on board '8042e64d70cd5ff93869d29a4ee63649' was completed in 0.51 seconds with the score of 929.62 (13 unrouted), using 7.86 CPU seconds and the job allocated 6.86 GB of memory so far.
2026-07-28 00:26:55.487 INFO   [DF3EB3\DC5BB8] Auto-router pass #13 on board 'c173f8a846d2e9575fb6dc19ce45cbc0' was completed in 0.46 seconds with the score of 929.62 (13 unrouted), using 7.86 CPU seconds and the job allocated 6.86 GB of memory so far.
2026-07-28 00:26:55.951 INFO   [DF3EB3\DC5BB8] Auto-router pass #14 on board '729254d7a00c23c8f8d2dab22ac15e50' was completed in 0.46 seconds with the score of 929.62 (13 unrouted), using 8.81 CPU seconds and the job allocated 8.08 GB of memory so far.
2026-07-28 00:26:56.431 INFO   [DF3EB3\DC5BB8] Auto-router pass #15 on board '721b3e743872401281228c6d14d54194' was completed in 0.47 seconds with the score of 929.62 (13 unrouted), using 8.81 CPU seconds and the job allocated 8.08 GB of memory so far.
2026-07-28 00:26:56.919 INFO   [DF3EB3\DC5BB8] Auto-router pass #16 on board 'feaedf6b7e5340715880939b9cd0881e' was completed in 0.48 seconds with the score of 929.62 (13 unrouted), using 9.81 CPU seconds and the job allocated 9.31 GB of memory so far.
2026-07-28 00:26:57.428 INFO   [DF3EB3\DC5BB8] Auto-router pass #17 on board '06c00824549be9e7632ce24ce6846cfb' was completed in 0.50 seconds with the score of 929.62 (13 unrouted), using 9.81 CPU seconds and the job allocated 9.31 GB of memory so far.
2026-07-28 00:26:57.914 INFO   [DF3EB3\DC5BB8] Auto-router pass #18 on board '4963708ba7178a5556c037cfe1663e20' was completed in 0.48 seconds with the score of 929.62 (13 unrouted), using 10.78 CPU seconds and the job allocated 10.49 GB of memory so far.
2026-07-28 00:26:57.917 INFO   [DF3EB3\DC5BB8] The router's score (929.62) has not improved by more than 0.5 points in the last 10 passes (13 items still unconnected). Stopping the auto-router.
The following connections could not be routed -- please review your design (e.g. check pad clearances, trace width rules, and available routing space):
  Net '+5V' (1 unrouted connection):
    - C6-1  ->  U2-3
  Net '/VIN' (1 unrouted connection):
    - J1-1  ->  D1-2
  Net '+3V3' (10 unrouted connections):
    - C2-1  ->  U1-24
    - C3-1  ->  U1-36
    - C4-1  ->  C10-1
    - U1-48  ->  U1-1
    - C11-1  ->  R1-1
    - C1-1  ->  U1-48
    - C5-1  ->  U2-2
    - U1-9  ->  C10-1
    - J2-3  ->  C3-1
    - C2-1  ->  U1-36
  Net '/NRST' (1 unrouted connection):
    - C9-1  ->  U1-7
2026-07-28 00:26:57.922 INFO   [DF3EB3\DC5BB8] Auto-router session completed: started with 41 unrouted nets, completed in 11.28 seconds, final score: 929.62 (13 unrouted), using 10.78 total CPU seconds, 10.49 GB total allocated, and 460.72 MB peak heap usage.

