xi entries 72
Y10: 1132 silk-legal poses
C30: 2692 silk-legal poses
C31: 2692 silk-legal poses
R35: 2682 silk-legal poses
R36: 2682 silk-legal poses
seed 1 anneal -> 23.078 (copper 20.393)
seed 1 polish -> 22.852 (copper 20.167, r36->via 2.685)
seed 3 anneal -> 23.612 (copper 21.156)
seed 3 polish -> 23.413 (copper 21.111, r36->via 2.302)
seed 7 anneal -> 30.356 (copper 23.645)
seed 7 polish -> 30.316 (copper 23.605, r36->via 6.711)
seed 13 anneal -> 22.515 (copper 21.360)
seed 13 polish -> 22.513 (copper 21.358, r36->via 1.155)
seed 17 anneal -> 22.080 (copper 20.925)
seed 17 polish -> 21.983 (copper 20.828, r36->via 1.155)
seed 23 anneal -> 24.213 (copper 21.404)
seed 23 polish -> 24.185 (copper 21.376, r36->via 2.809)
seed 29 anneal -> 19.817 (copper 18.550)
seed 29 polish -> 19.817 (copper 18.550, r36->via 1.266)
