2026-07-29 10:52:16.409 INFO   Freerouting v2.2.4 (build-date: 2026-05-13)
2026-07-29 10:52:17.730 ERROR  Couldn't load the input file 'work\p6\probe_work\probe.dsn'
java.io.FileNotFoundException: work\p6\probe_work\probe.dsn (The system cannot find the path specified)
	at java.base/java.io.FileInputStream.open0(Native Method)
	at java.base/java.io.FileInputStream.open(Unknown Source)
	at java.base/java.io.FileInputStream.<init>(Unknown Source)
	at app.freerouting.core.RoutingJob.setInput(RoutingJob.java:378)
	at app.freerouting.core.RoutingJob.setInput(RoutingJob.java:372)
	at app.freerouting.Freerouting.InitializeCLI(Freerouting.java:82)
	at app.freerouting.Freerouting.main(Freerouting.java:783)
2026-07-29 10:52:17.732 WARN   Couldn't read the input file 'work\p6\probe_work\probe.dsn', aborting.

2026-07-29 10:52:17.730 ERROR  Couldn't load the input file 'work\p6\probe_work\probe.dsn'
java.io.FileNotFoundException: work\p6\probe_work\probe.dsn (The system cannot find the path specified)
	at java.base/java.io.FileInputStream.open0(Native Method)
	at java.base/java.io.FileInputStream.open(Unknown Source)
	at java.base/java.io.FileInputStream.<init>(Unknown Source)
	at app.freerouting.core.RoutingJob.setInput(RoutingJob.java:378)
	at app.freerouting.core.RoutingJob.setInput(RoutingJob.java:372)
	at app.freerouting.Freerouting.InitializeCLI(Freerouting.java:82)
	at app.freerouting.Freerouting.main(Freerouting.java:783)
