2026-07-29 12:15:18.798 INFO   Freerouting v2.2.4 (build-date: 2026-05-13)
2026-07-29 12:15:20.309 INFO   [E27394\AC29EE] Job 'E27394\AC29EE' started at 2026-07-29T19:15:20.308261700Z.
2026-07-29 12:15:20.604 INFO   New version available: v2.2.4
2026-07-29 12:15:33.835 INFO   [E27394\AC29EE] Auto-router pass #1 on board '688f0d5201fbb1d2281b408e1921cd3f' was completed in 13.35 seconds with the score of 897.34 (83 unrouted), using 12.64 CPU seconds and the job allocated 8.26 GB of memory so far.
2026-07-29 12:15:45.831 INFO   [E27394\AC29EE] Auto-router pass #2 on board 'e236bd7e2aff6e0746e79fac636eb687' was completed in 11.94 seconds with the score of 929.18 (62 unrouted), using 24.41 CPU seconds and the job allocated 17.43 GB of memory so far.
2026-07-29 12:15:57.061 INFO   [E27394\AC29EE] Auto-router pass #3 on board 'b77b8e531dae29ac258aae50ea8c8e45' was completed in 11.16 seconds with the score of 952.13 (44 unrouted), using 35.19 CPU seconds and the job allocated 25.98 GB of memory so far.
2026-07-29 12:16:04.518 INFO   [E27394\AC29EE] Auto-router pass #4 on board 'b59840f194e7b57b83766fde5717ba23' was completed in 7.38 seconds with the score of 964.45 (33 unrouted), using 42.89 CPU seconds and the job allocated 31.91 GB of memory so far.
2026-07-29 12:16:11.312 INFO   [E27394\AC29EE] Auto-router pass #5 on board '40c900c2c67a157c4850d3160f031aa0' was completed in 6.70 seconds with the score of 966.49 (31 unrouted), using 48.77 CPU seconds and the job allocated 36.19 GB of memory so far.
2026-07-29 12:16:15.777 INFO   [E27394\AC29EE] Auto-router pass #6 on board '4c0348195dec29dc71f6f7eb54e239f9' was completed in 4.39 seconds with the score of 966.47 (31 unrouted), using 53.70 CPU seconds and the job allocated 39.65 GB of memory so far.
2026-07-29 12:16:19.165 INFO   [E27394\AC29EE] Auto-router pass #7 on board '4cef7d1b57f64717f1b6c9cc6e4db41a' was completed in 3.32 seconds with the score of 969.53 (28 unrouted), using 56.59 CPU seconds and the job allocated 41.67 GB of memory so far.
2026-07-29 12:16:22.212 INFO   [E27394\AC29EE] Auto-router pass #8 on board 'b1dd3741f162604e8af7524e6370cc5f' was completed in 2.98 seconds with the score of 969.53 (28 unrouted), using 59.50 CPU seconds and the job allocated 43.73 GB of memory so far.
2026-07-29 12:16:25.211 INFO   [E27394\AC29EE] Auto-router pass #9 on board 'a934e50106205953cad92f1aa7a08fe6' was completed in 2.93 seconds with the score of 969.53 (28 unrouted), using 62.44 CPU seconds and the job allocated 45.78 GB of memory so far.
2026-07-29 12:16:28.255 INFO   [E27394\AC29EE] Auto-router pass #10 on board 'b397a6b61145894236a8e054e658d370' was completed in 2.97 seconds with the score of 969.53 (28 unrouted), using 65.36 CPU seconds and the job allocated 47.82 GB of memory so far.
2026-07-29 12:16:31.369 INFO   [E27394\AC29EE] Auto-router pass #11 on board 'fb94c5fc202561fb677084bf1e448f5f' was completed in 3.04 seconds with the score of 969.53 (28 unrouted), using 68.25 CPU seconds and the job allocated 49.83 GB of memory so far.
2026-07-29 12:16:34.503 INFO   [E27394\AC29EE] Auto-router pass #12 on board '0be3239bce08d2b286b3e2eda03275c5' was completed in 3.06 seconds with the score of 969.53 (28 unrouted), using 72.16 CPU seconds and the job allocated 52.45 GB of memory so far.
2026-07-29 12:16:37.650 INFO   [E27394\AC29EE] Auto-router pass #13 on board '938b4d7717da0649f5fd7a80b003ca04' was completed in 3.08 seconds with the score of 969.53 (28 unrouted), using 75.05 CPU seconds and the job allocated 54.38 GB of memory so far.
2026-07-29 12:16:40.803 INFO   [E27394\AC29EE] Auto-router pass #14 on board 'b395caa39f59a22e85fc7807a6de4d11' was completed in 3.08 seconds with the score of 969.53 (28 unrouted), using 78.00 CPU seconds and the job allocated 56.34 GB of memory so far.
2026-07-29 12:16:45.320 INFO   [E27394\AC29EE] Auto-router pass #15 on board '376cd70938ca4a7f0f7197bca07b4f72' was completed in 4.43 seconds with the score of 969.53 (28 unrouted), using 81.48 CPU seconds and the job allocated 58.12 GB of memory so far.
2026-07-29 12:16:48.541 INFO   [E27394\AC29EE] Auto-router pass #16 on board '542d73b3c012de6a46f43ac23164135e' was completed in 3.14 seconds with the score of 969.53 (28 unrouted), using 85.38 CPU seconds and the job allocated 60.67 GB of memory so far.
2026-07-29 12:16:51.673 INFO   [E27394\AC29EE] Auto-router pass #17 on board '5ffca149bd5635268aaa239598866a85' was completed in 3.06 seconds with the score of 969.53 (28 unrouted), using 88.30 CPU seconds and the job allocated 62.59 GB of memory so far.
2026-07-29 12:16:54.714 INFO   [E27394\AC29EE] Auto-router pass #18 on board 'd680e3d294fe6b57081b884f89e43df2' was completed in 2.97 seconds with the score of 969.53 (28 unrouted), using 91.19 CPU seconds and the job allocated 64.59 GB of memory so far.
2026-07-29 12:16:54.746 INFO   [E27394\AC29EE] The router's score (969.53) has not improved by more than 0.5 points in the last 10 passes (28 items still unconnected). Stopping the auto-router.
The following connections could not be routed -- please review your design (e.g. check pad clearances, trace width rules, and available routing space):
  Net 'GND' (15 unrouted connections):
    - conductionarea  ->  conductionarea
    - conductionarea  ->  conductionarea
    - via  ->  C35-2
    - via  ->  C31-2
    - via  ->  C37-2
    - U10-16  ->  U10-14
    - U22-9  ->  via
    - U10-16  ->  U10-19
    - U10-23  ->  U10-19
    - U30-40  ->  conductionarea
    - U10-48  ->  U10-3
    - U10-3  ->  U10-9
    - via  ->  U30-1
    - C40-2  ->  U10-29
    - U10-14  ->  U10-9
  Net '+3V3' (9 unrouted connections):
    - conductionarea  ->  conductionarea
    - conductionarea  ->  conductionarea
    - U10-15  ->  U10-17
    - U10-28  ->  via
    - via  ->  U10-15
    - U10-21  ->  via
    - via  ->  C37-1
    - U30-2  ->  conductionarea
    - conductionarea  ->  J1-5
  Net '+12V' (1 unrouted connection):
    - L20-2  ->  J3-11
  Net 'V48_RAW' (1 unrouted connection):
    - U22-3  ->  U22-6
  Net '/mcu/BOOT' (1 unrouted connection):
    - J2-6  ->  SW1-1
  Net '/mcu/EN' (1 unrouted connection):
    - C85-1  ->  via
2026-07-29 12:16:54.796 INFO   [E27394\AC29EE] Auto-router session completed: started with 259 unrouted nets, completed in 1 minute 34.40 seconds, final score: 969.53 (28 unrouted), using 91.19 total CPU seconds, 64.59 GB total allocated, and 783.04 MB peak heap usage.

