2026-07-29 12:13:36.734 INFO   Freerouting v2.2.4 (build-date: 2026-05-13)
2026-07-29 12:13:38.303 INFO   [CE8D1F\1D2B81] Job 'CE8D1F\1D2B81' started at 2026-07-29T19:13:38.302943500Z.
2026-07-29 12:13:38.543 INFO   New version available: v2.2.4
2026-07-29 12:13:53.739 INFO   [CE8D1F\1D2B81] Auto-router pass #1 on board '688f0d5201fbb1d2281b408e1921cd3f' was completed in 15.22 seconds with the score of 897.34 (83 unrouted), using 14.73 CPU seconds and the job allocated 8.58 GB of memory so far.
2026-07-29 12:14:07.012 INFO   [CE8D1F\1D2B81] Auto-router pass #2 on board 'e236bd7e2aff6e0746e79fac636eb687' was completed in 13.21 seconds with the score of 929.18 (62 unrouted), using 27.50 CPU seconds and the job allocated 17.56 GB of memory so far.
2026-07-29 12:14:18.650 INFO   [CE8D1F\1D2B81] Auto-router pass #3 on board 'b77b8e531dae29ac258aae50ea8c8e45' was completed in 11.57 seconds with the score of 952.13 (44 unrouted), using 39.17 CPU seconds and the job allocated 26.61 GB of memory so far.
2026-07-29 12:14:26.621 INFO   [CE8D1F\1D2B81] Auto-router pass #4 on board 'b59840f194e7b57b83766fde5717ba23' was completed in 7.91 seconds with the score of 964.45 (33 unrouted), using 46.91 CPU seconds and the job allocated 32.28 GB of memory so far.
2026-07-29 12:14:34.062 INFO   [CE8D1F\1D2B81] Auto-router pass #5 on board '40c900c2c67a157c4850d3160f031aa0' was completed in 7.27 seconds with the score of 966.49 (31 unrouted), using 53.45 CPU seconds and the job allocated 36.77 GB of memory so far.
2026-07-29 12:14:38.616 INFO   [CE8D1F\1D2B81] Auto-router pass #6 on board '4c0348195dec29dc71f6f7eb54e239f9' was completed in 4.49 seconds with the score of 966.47 (31 unrouted), using 58.33 CPU seconds and the job allocated 40.29 GB of memory so far.
2026-07-29 12:14:42.101 INFO   [CE8D1F\1D2B81] Auto-router pass #7 on board '4cef7d1b57f64717f1b6c9cc6e4db41a' was completed in 3.42 seconds with the score of 969.53 (28 unrouted), using 61.28 CPU seconds and the job allocated 42.20 GB of memory so far.
2026-07-29 12:14:45.210 INFO   [CE8D1F\1D2B81] Auto-router pass #8 on board 'b1dd3741f162604e8af7524e6370cc5f' was completed in 3.04 seconds with the score of 969.53 (28 unrouted), using 64.22 CPU seconds and the job allocated 44.25 GB of memory so far.
2026-07-29 12:14:48.376 INFO   [CE8D1F\1D2B81] Auto-router pass #9 on board 'a934e50106205953cad92f1aa7a08fe6' was completed in 3.10 seconds with the score of 969.53 (28 unrouted), using 68.12 CPU seconds and the job allocated 46.90 GB of memory so far.
2026-07-29 12:14:51.589 INFO   [CE8D1F\1D2B81] Auto-router pass #10 on board 'b397a6b61145894236a8e054e658d370' was completed in 3.15 seconds with the score of 969.53 (28 unrouted), using 71.06 CPU seconds and the job allocated 48.84 GB of memory so far.
2026-07-29 12:14:54.754 INFO   [CE8D1F\1D2B81] Auto-router pass #11 on board 'fb94c5fc202561fb677084bf1e448f5f' was completed in 3.10 seconds with the score of 969.53 (28 unrouted), using 73.94 CPU seconds and the job allocated 50.77 GB of memory so far.
2026-07-29 12:14:58.028 INFO   [CE8D1F\1D2B81] Auto-router pass #12 on board '0be3239bce08d2b286b3e2eda03275c5' was completed in 3.20 seconds with the score of 969.53 (28 unrouted), using 76.86 CPU seconds and the job allocated 52.63 GB of memory so far.
2026-07-29 12:15:01.159 INFO   [CE8D1F\1D2B81] Auto-router pass #13 on board '938b4d7717da0649f5fd7a80b003ca04' was completed in 3.06 seconds with the score of 969.53 (28 unrouted), using 79.83 CPU seconds and the job allocated 54.58 GB of memory so far.
2026-07-29 12:15:04.172 INFO   [CE8D1F\1D2B81] Auto-router pass #14 on board 'b395caa39f59a22e85fc7807a6de4d11' was completed in 2.94 seconds with the score of 969.53 (28 unrouted), using 82.73 CPU seconds and the job allocated 56.60 GB of memory so far.
2026-07-29 12:15:07.333 INFO   [CE8D1F\1D2B81] Auto-router pass #15 on board '376cd70938ca4a7f0f7197bca07b4f72' was completed in 3.09 seconds with the score of 969.53 (28 unrouted), using 85.61 CPU seconds and the job allocated 58.56 GB of memory so far.
2026-07-29 12:15:10.337 INFO   [CE8D1F\1D2B81] Auto-router pass #16 on board '542d73b3c012de6a46f43ac23164135e' was completed in 2.93 seconds with the score of 969.53 (28 unrouted), using 88.48 CPU seconds and the job allocated 60.58 GB of memory so far.
2026-07-29 12:15:13.756 INFO   [CE8D1F\1D2B81] Auto-router pass #17 on board '5ffca149bd5635268aaa239598866a85' was completed in 3.35 seconds with the score of 969.53 (28 unrouted), using 92.25 CPU seconds and the job allocated 63.11 GB of memory so far.
2026-07-29 12:15:17.219 INFO   [CE8D1F\1D2B81] Auto-router pass #18 on board 'd680e3d294fe6b57081b884f89e43df2' was completed in 3.38 seconds with the score of 969.53 (28 unrouted), using 95.22 CPU seconds and the job allocated 64.84 GB of memory so far.
2026-07-29 12:15:17.256 INFO   [CE8D1F\1D2B81] The router's score (969.53) has not improved by more than 0.5 points in the last 10 passes (28 items still unconnected). Stopping the auto-router.
The following connections could not be routed -- please review your design (e.g. check pad clearances, trace width rules, and available routing space):
  Net 'GND' (15 unrouted connections):
    - conductionarea  ->  conductionarea
    - conductionarea  ->  conductionarea
    - via  ->  C35-2
    - via  ->  C31-2
    - C37-2  ->  via
    - U10-14  ->  U10-16
    - via  ->  U22-9
    - U10-19  ->  U10-16
    - U10-23  ->  U10-19
    - conductionarea  ->  U30-40
    - conductionarea  ->  U30-1
    - U10-3  ->  U10-48
    - U10-3  ->  U10-9
    - U10-29  ->  C40-2
    - U10-9  ->  U10-14
  Net '+3V3' (9 unrouted connections):
    - conductionarea  ->  conductionarea
    - conductionarea  ->  conductionarea
    - via  ->  C37-1
    - U10-15  ->  U10-17
    - via  ->  U10-28
    - U10-15  ->  via
    - via  ->  U10-21
    - conductionarea  ->  U30-2
    - conductionarea  ->  J1-5
  Net '+12V' (1 unrouted connection):
    - L20-2  ->  J3-11
  Net 'V48_RAW' (1 unrouted connection):
    - U22-3  ->  U22-6
  Net '/mcu/BOOT' (1 unrouted connection):
    - J2-6  ->  SW1-1
  Net '/mcu/EN' (1 unrouted connection):
    - C85-1  ->  via
2026-07-29 12:15:17.313 INFO   [CE8D1F\1D2B81] Auto-router session completed: started with 259 unrouted nets, completed in 1 minute 38.90 seconds, final score: 969.53 (28 unrouted), using 95.22 total CPU seconds, 64.84 GB total allocated, and 737.54 MB peak heap usage.

