--track-width not given; using the board Default net-class 0.2mm.
--hole-to-hole-clearance not given; using the board min_hole_to_hole 0.25mm.
Loading C:\dev\ai-ee3\boards\lumina-carrier\kicad\lumina-carrier.kicad_pcb to expand net patterns...
Routing 1 nets: ['/eth/EXRES']
Loaded per-net clearances for 7/85 nets from C:\dev\ai-ee3\boards\lumina-carrier\work\p7\krtf_exres2_netclr.json
Loading C:\dev\ai-ee3\boards\lumina-carrier\kicad\lumina-carrier.kicad_pcb...
Auto-read netclass track widths for 9 non-Default net(s) (#435 single-ended companion).
Using 4 routing layers: ['F.Cu', 'In1.Cu', 'In2.Cu', 'B.Cu']
  Layer costs: F.Cu=1.0x, In1.Cu=-1.0x, In2.Cu=-1.0x, B.Cu=1.0x
No BGA components detected - no exclusion zones needed

Using MPS ordering strategy...
MPS: Using segment intersection method (no nets on BGA chips)
MPS: 1 nets with 0 crossing conflicts detected
MPS Round 1: 1 units: /eth/EXRES

Routing 1 single-ended net(s)...
============================================================
4 pre-existing net(s) eligible for rip-up: /poe/LED_Y_A, /ETH_CSn, /ETH_MISO, /ETH_RSTn
Building base obstacle map...
Base obstacle map built in 11.50s
Found 85 unrouted nets in PCB for stub proximity
Pre-computing net obstacle cache...
Net obstacle cache built in 1.17s (85 nets)

[1/1] Routing /eth/EXRES (id=47)
----------------------------------------
forward stuck (184 < 5000), backward=5000
  forward cell (1964, 1659, layer=0): ok, 3/8 neighbors blocked
No route found after 5184 iterations (both directions)
  FAILED: Could not find route (0.24s)
  Forward direction failed fastest (184 iterations, 100 blocked cells)
  Frontier blocked by 1 nets (15 cells, 15 unique; near: 15 src, 0 tgt)
  Coverage: 15/100 frontier cells attributed to routed nets; 85 static/unrippable
  Top blockers:
    1. /ETH_RSTn: 15 (100.0%), 15 uniq (100%), near: 15 src, 0 tgt
  Via-in-pad decline blamed PRE-EXISTING net(s) '+3V3' - not rippable this run; retry with --rip-existing-nets to authorize
  Ripping up /ETH_RSTn to retry...
    Ripped /ETH_RSTn
Probe: forward=5000, backward=5000 iters, trying forward with full iterations...
Route found in 44730 iterations, path length: 287
  RETRY SUCCESS (N=1): 10 segments, 2 vias, length=18.97mm

[REROUTE 2/2] Re-routing ripped net /ETH_RSTn
----------------------------------------
  Multi-point net with 3 pads - routing main + taps
  Multi-point net Phase 1: routing longest MST edge (pads 0 and 2, length=25.88mm)
  forward stuck (79 < 5000), backward=5000
    forward cell (1844, 1519, layer=0): ok, 3/8 neighbors blocked
  Phase 1 edge (pads 0,2) failed after 5079 iterations - trying next MST edge
  Multi-point net Phase 1: retrying with next MST edge (2/2) (pads 0 and 1, length=17.51mm)
  forward stuck (96 < 5000), backward=5000
    forward cell (1844, 1519, layer=0): ok, 3/8 neighbors blocked
  Phase 1 edge (pads 0,1) failed after 5096 iterations
  Failed to route a main edge after 10175 iterations (2 edge(s) tried)
  REROUTE FAILED: (0.28s) - attempting rip-up and retry...
  Frontier blocked by 1 nets (40 cells, 40 unique; near: 40 src, 0 tgt)
  Coverage: 40/76 frontier cells attributed to routed nets; 36 static/unrippable
  Top blockers:
    1. /ETH_CSn: 40 (100.0%), 40 uniq (100%), near: 40 src, 0 tgt
  Ripping up /ETH_CSn to retry reroute...
  Multi-point net Phase 1: routing longest MST edge (pads 0 and 2, length=25.88mm)
  Probe: forward=5000, backward=5000 iters, trying forward with full iterations...
  No route found after 200000 iterations (forward), trying backward...
  Phase 1 edge (pads 0,2) failed after 410000 iterations - trying next MST edge
  Multi-point net Phase 1: retrying with next MST edge (2/2) (pads 0 and 1, length=17.51mm)
  Probe: forward=5000, backward=5000 iters, trying forward with full iterations...
  Phase 1 routed in 470753 iterations, 29 segments
  Multi-point net Phase 3: routing 1 remaining MST edges (longest first)
    [1/0] Routing MST edge: pad 0 -> pad 2 (length=25.88mm) target=(93.68, 100.31)
      Probe: forward=5000, backward=5000 iters, trying forward with full iterations...
      No route found after 200000 iterations (forward), trying backward...
      Probe: forward=5000, backward=5000 iters, trying forward with full iterations...
      No route found after 5000 iterations (forward), trying backward...
      [93mFailed to route MST edge after 410000 iterations (0.20s)[0m
    Fallback: attempting orphaned pad 2 directly from connected copper
    [2/0] (1 failed) Routing MST edge: pad 0 -> pad 2 (length=25.88mm) target=(93.68, 100.31)
      Probe: forward=5000, backward=5000 iters, trying forward with full iterations...
      No route found after 200000 iterations (forward), trying backward...
      Probe: forward=5000, backward=5000 iters, trying forward with full iterations...
      No route found after 5000 iterations (forward), trying backward...
      [93mFailed to route MST edge after 410000 iterations (0.21s)[0m
  [93mWarning: 1 pad(s) not connected (1 MST edge(s) failed)[0m
  Phase 3 routing complete: 0 edges, 29 total segments, 2 total vias
    [91mNOT CONNECTED (so far): /ETH_RSTn - U30 pad 23 at (93.68, 100.31) - may still be recovered; final verdict in the end-of-run summary[0m
  REROUTE RETRY SUCCESS (N=1): 29 segments, 2 vias, length=21.97mm (stubs=0.00mm)

[REROUTE 3/3] Re-routing ripped net /ETH_CSn
----------------------------------------
  Multi-point net with 3 pads - routing main + taps
  Multi-point net Phase 1: routing longest MST edge (pads 0 and 1, length=21.53mm)
  Both directions stuck (forward=56, backward=1699 < 5000)
    forward cell (1914, 1489, layer=0): ok, 3/8 neighbors blocked
    backward cell (1874, 1879, layer=0): ok, 0/8 neighbors blocked
  forward stuck (56 < 5000), backward=5000
    forward cell (1914, 1489, layer=0): ok, 3/8 neighbors blocked
  Phase 1 edge (pads 0,1) failed after 1755 iterations - trying next MST edge
  Multi-point net Phase 1: retrying with next MST edge (2/2) (pads 0 and 2, length=11.74mm)
  forward stuck (98 < 5000), backward=5000
    forward cell (1914, 1489, layer=0): ok, 3/8 neighbors blocked
  Phase 1 edge (pads 0,2) failed after 5098 iterations
  Failed to route a main edge after 6853 iterations (2 edge(s) tried)
  REROUTE FAILED: (0.35s) - attempting rip-up and retry...
  No previously-routed nets blocking (likely blocked by pads/stubs/zones)
  [91mROUTE FAILED - no rippable blockers found[0m
  Hint: search exhausted after only 5098 iterations with no rippable blockers - the start/target pads are boxed in by static obstacles (neighboring pads + clearance), not by congestion. For fine-pitch parts try a finer grid and/or smaller clearance/track, e.g. --grid-step 0.025 scoped to just the failing nets via --nets (board-global it is ~13M cells/layer and may exhaust memory) --clearance 0.15 --track-width 0.15 (current: grid 0.05, clearance 0.2, track 0.2 mm)
  RIP-RESTORE (#468): /ETH_CSn kept its escape stub (1 seg(s), 0 via(s)) -- full restore would short against copper routed since the rip

Sync pcb_data: 2998 -> 2959 (kept stubs) -> 2998 (after adding 39)

============================================================
Final reconciliation (casualties-only, depth 1): 1 net(s)/pair(s) ripped during routing never re-routed
============================================================
      restore skipped (net 51): saved copper would short other-net copper; left ripped (#134)
backward stuck (1500 < 5000), forward=5000
  backward cell (1914, 1489, layer=0): ok, 3/8 neighbors blocked
  backward cell (1874, 1879, layer=0): ok, 0/8 neighbors blocked
No route found after 6500 iterations (both directions)
  [91mPARTIAL[0m /ETH_CSn: reroute failed; restored 95 segment(s) + 2 via(s) of its pre-rip route (dropped 2 colliding piece(s)); net remains PARTIAL for a later pass
Dropped 1 superseded rip-reroute result(s) from the write-list
Stripped 65 stale input segment(s) of ripped/re-routed nets not on the final board (#220)
Stripping 6 stale input via(s) of ripped/re-routed nets not on the final board
[91mCOVERAGE GATE: /ETH_CSn was disturbed by this run (ripped/stripped) and ships with 1 disconnected pad(s) -- reporting as failed and queuing for the final reconciliation[0m

============================================================
Routing complete
============================================================
  Single-ended:  1/1 routed
  [91mMulti-point:   2/3 pads connected (1 FAILED)[0m
  Total vias:    4
  Total time:    0.86s
  Iterations:    1,397,695

[91mFailed multi-point connections:[0m
  [91m/ETH_RSTn: U30 pad ? at (93.68, 100.31) not connected[0m
  [91m/ETH_CSn: U10 pad ? at (95.68, 74.43) not connected[0m
JSON_SUMMARY: {"routed_single": ["/eth/EXRES"], "failed_single": [], "failed_multipoint": [{"net_name": "/ETH_RSTn", "failed_pads": [{"component_ref": "U30", "pad_number": "?", "x": 93.67999999999999, "y": 100.31200000000001}]}, {"net_name": "/ETH_CSn", "failed_pads": [{"component_ref": "U10", "pad_number": "?", "x": 95.6758, "y": 74.4319}]}], "multipoint_nets": 1, "multipoint_pads_connected": 2, "multipoint_pads_total": 3, "multipoint_edges_routed": 1, "multipoint_edges_failed": 1, "ripup_success_pairs": [], "rerouted_pairs": [], "single_ended_target_swaps": [], "layer_swaps": 0, "successful": 1, "failed": 0, "total_time": 0.86, "total_iterations": 1397695, "total_vias": 4, "cleanup_disconnected": [], "min_clearance_used": 0.2, "casualty_reconcile": {"attempted": 1, "restored": [], "rerouted": [], "partial": ["/ETH_CSn"], "unrecovered": []}, "coverage_gate_nets": ["/ETH_CSn"]}

Writing output to C:\dev\ai-ee3\boards\lumina-carrier\work\p7\krtf_exres2.kicad_pcb...
Removed 65 dead-end input segment(s) from the output
Removed 6 stale input via(s) from the output
Successfully wrote C:\dev\ai-ee3\boards\lumina-carrier\work\p7\krtf_exres2.kicad_pcb

Final reconciliation: retrying 2 incomplete net(s) against the finished board: /ETH_RSTn, /ETH_CSn
Loading C:\dev\ai-ee3\boards\lumina-carrier\work\p7\krtf_exres2.kicad_pcb...
Using 4 routing layers: ['F.Cu', 'In1.Cu', 'In2.Cu', 'B.Cu']
  Layer costs: F.Cu=1.0x, In1.Cu=-1.0x, In2.Cu=-1.0x, B.Cu=1.0x
No BGA components detected - no exclusion zones needed

Using MPS ordering strategy...
MPS: Using segment intersection method (no nets on BGA chips)
MPS: 2 nets with 1 crossing conflicts detected
WARNING: Could not find pads for both stub groups in /ETH_CSn (found 1 pads)
MPS Round 1: 1 units: /ETH_CSn
MPS Round 2: 1 units: /ETH_RSTn

Routing 2 single-ended net(s)...
============================================================
2 pre-existing net(s) eligible for rip-up: /poe/LED_Y_A, /ETH_MISO
Building base obstacle map...
Base obstacle map built in 11.40s
Found 85 unrouted nets in PCB for stub proximity
Pre-computing net obstacle cache...
Net obstacle cache built in 1.00s (85 nets)

[1/2] Routing /ETH_CSn (id=51)
----------------------------------------
  Detected multi-point net with 3 pads (Phase 1: main route only)
  Existing copper joins 3 terminals into 2 group(s)
  Multi-point net Phase 1: routing longest MST edge (pads 0 and 1, length=20.95mm)
  backward stuck (69 < 5000), forward=5000
    backward cell (1912, 1490, layer=0): ok, 5/8 neighbors blocked
      Blocking obstacles: /eth/SCLK_PHY(2)
    backward cell (1914, 1488, layer=0): ok, 3/8 neighbors blocked
    backward cell (1912, 1506, layer=0): ok, 7/8 neighbors blocked
      Blocking obstacles: /eth/XO(1), /eth/SCLK_PHY(1)
  Phase 1 edge (pads 0,1) failed after 5069 iterations
  Phase 1 exhausted from the pads; deferring 1 edge(s) to Phase 3's island-copper sources (base component: 1 terminal(s))
  SUCCESS: 0 segments, 0 vias, 5069 iterations, length=25.97mm (stubs=25.97mm) (0.34s)

[2/2] Routing /ETH_RSTn (id=56)
----------------------------------------
Probe: forward=5000, backward=5000 iters, trying forward with full iterations...
No route found after 200000 iterations (forward), trying backward...
No route found after 410000 iterations (both directions)
  FAILED: Could not find route (0.21s)
  Forward direction failed fastest (205000 iterations, 8406 blocked cells)
  Frontier blocked by 2 nets (449 cells, 449 unique; near: 30 src, 0 tgt)
  Coverage: 449/8406 frontier cells attributed to routed nets; 7957 static/unrippable
  Top blockers:
    1. /ETH_MISO: 349 (77.7%), 349 uniq (100%), near: 30 src, 0 tgt
    2. /poe/LED_Y_A: 100 (22.3%), 100 uniq (100%)
  Ripping up /ETH_MISO to retry...
    Ripped /ETH_MISO
Probe: forward=5000, backward=5000 iters, trying forward with full iterations...
No route found after 200000 iterations (forward), trying backward...
No route found after 410000 iterations (both directions)
  RETRY FAILED (N=1)
    Retry had 13451 blocked cells
  Re-analyzing 13451 blocked cells from N=1 retry:
    Frontier blocked by 1 nets (88 cells, 88 unique)
    Coverage: 88/13451 frontier cells attributed to routed nets; 13363 static/unrippable
    Top blockers:
      1. /poe/LED_Y_A: 88 (100.0%), 88 uniq (100%)
  Slot-0 guard: re-analysis refutes /ETH_MISO -> retrying /poe/LED_Y_A ALONE first
  Ripping up /poe/LED_Y_A to retry...
    Ripped /poe/LED_Y_A
Probe: forward=5000, backward=5000 iters, trying forward with full iterations...
No route found after 200000 iterations (forward), trying backward...
No route found after 410000 iterations (both directions)
  RETRY FAILED (N=1)
    Retry had 13015 blocked cells
  Re-analyzing 13015 blocked cells from N=1 retry:
    No previously-routed nets blocking (likely blocked by pads/stubs/zones)
  No additional rippable blockers from retry analysis
  [91mAll rip-up attempts failed: Restoring 1 net(s)[0m
  [91mROUTE FAILED - no rippable blockers found[0m
  Hint: the blocking copper belongs to pre-existing net(s) '/ETH_MOSI' '/mcu/EN' '/ETH_INTn' '/ETH_LED_ACT' '/eth/EXRES' '/mcu/TXD0' '/PWM3' (committed by an earlier run/step), which this run is not allowed to rip. Retry with --rip-existing-nets '/ETH_MOSI' '/mcu/EN' '/ETH_INTn' '/ETH_LED_ACT' '/eth/EXRES' '/mcu/TXD0' '/PWM3' to rip and re-route them in this run (issue #103) -- the decisive blocker may be any of them, so start with the full set (each ripped net is re-routed and the run reports honestly if one cannot be), then bisect if you want a minimal rip.

Sync pcb_data: 3077 -> 3077 (kept stubs) -> 3077 (after adding 0)

============================================================
Multi-point Phase 3: Routing 1 tap connections
============================================================

/ETH_CSn (net 51):
  Seeding tap sources from the base island's existing copper: 75 segment(s), 2 via(s)
  Multi-point net Phase 3: routing 1 remaining MST edges (longest first)
    [1/1] Routing MST edge: pad 0 -> pad 1 (length=20.95mm) target=(95.58, 75.28)
      backward stuck (1 < 5000), forward=5000
        backward cell (1912, 1506, layer=0): ok, 8/8 neighbors blocked
          ALL neighbors blocked: (1911,1505), (1911,1506), (1911,1507), (1912,1505), (1912,1507), (1913,1505), (1913,1506), (1913,1507)
          Blocking obstacles: /eth/XO(1), /eth/SCLK_PHY(1)
      [93mFailed to route MST edge after 5001 iterations (0.06s)[0m
    Fallback: attempting orphaned pad 1 directly from connected copper
    [2/1] (1 failed) Routing MST edge: pad 0 -> pad 1 (length=20.95mm) target=(95.58, 75.28)
      backward stuck (1 < 5000), forward=5000
        backward cell (1912, 1506, layer=0): ok, 8/8 neighbors blocked
          ALL neighbors blocked: (1911,1505), (1911,1506), (1911,1507), (1912,1505), (1912,1507), (1913,1505), (1913,1506), (1913,1507)
          Blocking obstacles: /eth/SCLK_PHY(1), /eth/XO(1)
      [93mFailed to route MST edge after 5001 iterations (0.06s)[0m
    Fallback: attempting orphaned pad 2 directly from connected copper
    [2/1] (1 failed) Routing MST edge: pad 0 -> pad 2 (length=21.80mm) target=(95.62, 74.47)
      backward stuck (76 < 5000), forward=5000
        backward cell (1912, 1490, layer=0): ok, 5/8 neighbors blocked
          Blocking obstacles: /eth/SCLK_PHY(2)
      [93mFailed to route MST edge after 5076 iterations (0.05s)[0m
  [93mWarning: 2 pad(s) not connected (2 MST edge(s) failed)[0m
  Phase 3 routing complete: 0 edges, 0 total segments, 0 total vias
  [91mNOT CONNECTED (so far): /ETH_CSn - ? pad  at (95.58, 75.28) - may still be recovered; final verdict in the end-of-run summary[0m
  [91mNOT CONNECTED (so far): /ETH_CSn - ? pad  at (95.62, 74.47) - may still be recovered; final verdict in the end-of-run summary[0m
  Net total time: 0.27s, 20147 iterations

Per-net fine-parameter rescue (#331/#371): 2 candidate net(s)
  Rescuing /ETH_CSn (partial, 2 disconnected parts)
backward stuck (1569 < 5000), forward=5000
  backward cell (3823, 3010, layer=0): ok, 6/8 neighbors blocked
    Blocking obstacles: /eth/XO(1), /eth/SCLK_PHY(1)
  backward cell (3823, 3011, layer=0): ok, 6/8 neighbors blocked
    Blocking obstacles: /eth/SCLK_PHY(1), /eth/XO(1)
  backward cell (3827, 2977, layer=0): ok, 0/8 neighbors blocked
No route found after 6569 iterations (both directions)
Probe: forward=5000, backward=5000 iters, trying forward with full iterations...
Route found in 15168 iterations, path length: 310
    [92mrescued a gap[0m: grid 0.025, clearance 0.2, track 0.1 (27 segs, 0 vias, 15168 iters)
    [92mfully reconnected[0m (2 -> 1 parts, 3.9s)
  Rescuing /ETH_RSTn (failed, 2 disconnected parts)
Probe: forward=5000, backward=5000 iters, trying forward with full iterations...
No route found after 1000000 iterations (forward), trying backward...
No route found after 2010000 iterations (both directions)
Probe: forward=5000, backward=5000 iters, trying forward with full iterations...
Route found in 417658 iterations, path length: 1045
    [92mrescued a gap[0m: grid 0.025, clearance 0.2, track 0.1 (43 segs, 2 vias, 417658 iters)
    [92mfully reconnected[0m (2 -> 1 parts, 15.6s)
Rescue pass: 2 recovered, 0 improved, 0 unchanged (19.5s)
Cycle prune: removed 2 redundant loop segment(s) across 1 net(s)
Strict collapse: removed 1 redundant segment(s) (superseded parallel/buried copper)

============================================================
Routing complete
============================================================
  Single-ended:  2/2 routed
  Multi-point:   3/3 pads connected (1 nets)
  Total vias:    2
  Total time:    0.55s
  Iterations:    415,069
JSON_SUMMARY: {"routed_single": ["/ETH_CSn", "/ETH_RSTn"], "failed_single": [], "failed_multipoint": [], "multipoint_nets": 1, "multipoint_pads_connected": 3, "multipoint_pads_total": 3, "multipoint_edges_routed": 0, "multipoint_edges_failed": 2, "ripup_success_pairs": [], "rerouted_pairs": [], "single_ended_target_swaps": [], "layer_swaps": 0, "successful": 2, "failed": 0, "total_time": 0.55, "total_iterations": 415069, "total_vias": 2, "cleanup_disconnected": [], "min_clearance_used": 0.2, "rescue": {"attempted": 2, "recovered": ["/ETH_CSn", "/ETH_RSTn"], "improved": [], "unchanged": [], "pads_reconnected": 1, "time": 19.53}}

Writing output to C:\dev\ai-ee3\boards\lumina-carrier\work\p7\krtf_exres2.kicad_pcb...
Removed 1 dead-end input segment(s) from the output
Successfully wrote C:\dev\ai-ee3\boards\lumina-carrier\work\p7\krtf_exres2.kicad_pcb
Note: the JSON_SUMMARY above covers only the reconciliation subset; the run's full tally is the earlier JSON_SUMMARY plus these recoveries.
