--track-width not given; using the board Default net-class 0.2mm.
--hole-to-hole-clearance not given; using the board min_hole_to_hole 0.25mm.
Loading C:\dev\ai-ee3\boards\lumina-carrier\kicad\lumina-carrier.kicad_pcb to expand net patterns...
Routing 6 nets: ['/PWM0', '/PWM1', '/PWM2', '/PWM3', '/PWM4']...
Loaded per-net clearances for 7/85 nets from C:\dev\ai-ee3\boards\lumina-carrier\work\p7\krtf_pwm2_netclr.json
Loading C:\dev\ai-ee3\boards\lumina-carrier\kicad\lumina-carrier.kicad_pcb...
Auto-read netclass track widths for 9 non-Default net(s) (#435 single-ended companion).
Using 4 routing layers: ['F.Cu', 'In1.Cu', 'In2.Cu', 'B.Cu']
  Layer costs: F.Cu=1.0x, In1.Cu=-1.0x, In2.Cu=-1.0x, B.Cu=1.3x
No BGA components detected - no exclusion zones needed

Using MPS ordering strategy...
MPS: Using segment intersection method (no nets on BGA chips)
MPS: 6 nets with 12 crossing conflicts detected
MPS Round 1: 2 units: /PWM5, /PWM4
MPS Round 2: 2 units: /PWM3, /PWM2
MPS Round 3: 2 units: /PWM1, /PWM0

Routing 6 single-ended net(s)...
============================================================
14 pre-existing net(s) eligible for rip-up: /IMON, /mcu/IO3_STRAP, /ADC0, /expansion/ID_ADC_CONN, /ID_ADC, /I2C_SDA...
Building base obstacle map...
Base obstacle map built in 10.98s
Found 85 unrouted nets in PCB for stub proximity
Pre-computing net obstacle cache...
Net obstacle cache built in 1.02s (85 nets)

[1/6] Routing /PWM5 (id=69)
----------------------------------------
Probe: forward=5000, backward=5000 iters, trying forward with full iterations...
Route found in 37215 iterations, path length: 876
  SUCCESS: 17 segments, 1 vias, 37215 iterations, length=52.44mm (stubs=0.00mm) (0.06s)

[2/6] Routing /PWM4 (id=68)
----------------------------------------
Probe: forward=5000, backward=5000 iters, trying forward with full iterations...
Route found in 175131 iterations, path length: 956
  SUCCESS: 61 segments, 1 vias, 175131 iterations, length=57.37mm (stubs=0.00mm) (0.11s)

[3/6] Routing /PWM3 (id=67)
----------------------------------------
Probe: forward=5000, backward=5000 iters, trying forward with full iterations...
No route found after 200000 iterations (forward), trying backward...
No route found after 410000 iterations (both directions)
  FAILED: Could not find route (0.18s)
  Forward direction failed fastest (205000 iterations, 4176 blocked cells)
  Frontier blocked by 10 nets (1407 cells, 1407 unique; near: 34 src, 0 tgt)
  Coverage: 1407/4176 frontier cells attributed to routed nets; 2769 static/unrippable
  Top blockers:
    1. /PWM5: 499 (35.5%), 499 uniq (100%)
    2. /mcu/IO3_STRAP: 271 (19.3%), 271 uniq (100%)
    3. /ID_ADC: 209 (14.9%), 209 uniq (100%)
    4. /PWM4: 143 (10.2%), 143 uniq (100%), near: 34 src, 0 tgt
    5. /I2C_SDA: 111 (7.9%), 111 uniq (100%)
    6. /DSPI_SCK: 73 (5.2%), 73 uniq (100%)
    7. /ADC0: 45 (3.2%), 45 uniq (100%)
    8. /PWM6: 38 (2.7%), 38 uniq (100%)
    9. /I2C_SCL: 10 (0.7%), 10 uniq (100%)
    10. /PWM7: 8 (0.6%), 8 uniq (100%)
  Ripping up /PWM5 to retry...
    Ripped /PWM5
Probe: forward=5000, backward=5000 iters, trying forward with full iterations...
Route found in 155490 iterations, path length: 894
  RETRY SUCCESS (N=1): 39 segments, 2 vias, length=56.63mm

[4/6] Routing /PWM2 (id=66)
----------------------------------------
Probe: forward=5000, backward=5000 iters, trying forward with full iterations...
Route found in 157509 iterations, path length: 1119
  SUCCESS: 52 segments, 1 vias, 157509 iterations, length=67.85mm (stubs=0.00mm) (0.10s)

[5/6] Routing /PWM1 (id=65)
----------------------------------------
Probe: forward=5000, backward=5000 iters, trying forward with full iterations...
No route found after 200000 iterations (forward), trying backward...
No route found after 410000 iterations (both directions)
  FAILED: Could not find route (0.19s)
  Forward direction failed fastest (205000 iterations, 4782 blocked cells)
  Frontier blocked by 9 nets (2054 cells, 2054 unique; near: 34 src, 0 tgt)
  Coverage: 2054/4782 frontier cells attributed to routed nets; 2728 static/unrippable
  Top blockers:
    1. /PWM2: 927 (45.1%), 927 uniq (100%), near: 34 src, 0 tgt
    2. /PWM3: 415 (20.2%), 415 uniq (100%)
    3. /ADC0: 171 (8.3%), 171 uniq (100%)
    4. /ID_ADC: 156 (7.6%), 156 uniq (100%)
    5. /I2C_SDA: 156 (7.6%), 156 uniq (100%)
    6. /mcu/IO3_STRAP: 128 (6.2%), 128 uniq (100%)
    7. /PWM4: 73 (3.6%), 73 uniq (100%)
    8. /PWM7: 24 (1.2%), 24 uniq (100%)
    9. /DSPI_MISO: 4 (0.2%), 4 uniq (100%)
  Ripping up /PWM2 to retry...
    Ripped /PWM2
Probe: forward=5000, backward=5000 iters, trying forward with full iterations...
No route found after 200000 iterations (forward), trying backward...
No route found after 410000 iterations (both directions)
  RETRY FAILED (N=1)
    Retry had 9309 blocked cells
  Re-analyzing 9309 blocked cells from N=1 retry:
    Frontier blocked by 11 nets (4831 cells, 4831 unique; near: 9 src, 100 tgt)
    Coverage: 4831/9309 frontier cells attributed to routed nets; 4478 static/unrippable
    Top blockers:
      1. /DSPI_MOSI: 1113 (23.0%), 1113 uniq (100%), near: 0 src, 100 tgt
      2. /PWM3: 730 (15.1%), 730 uniq (100%), near: 9 src, 0 tgt
      3. /PWM7: 724 (15.0%), 724 uniq (100%)
      4. /ID_ADC: 639 (13.2%), 639 uniq (100%)
      5. /PWM6: 445 (9.2%), 445 uniq (100%)
      6. /I2C_SCL: 386 (8.0%), 386 uniq (100%)
      7. /mcu/IO3_STRAP: 269 (5.6%), 269 uniq (100%)
      8. /DSPI_SCK: 244 (5.1%), 244 uniq (100%)
      9. /I2C_SDA: 202 (4.2%), 202 uniq (100%)
      10. /PWM4: 73 (1.5%), 73 uniq (100%)
      ... and 1 more nets (6 cells)
  Slot-0 guard: re-analysis refutes /PWM2 -> retrying /DSPI_MOSI ALONE first
  Ripping up /DSPI_MOSI to retry...
    Ripped /DSPI_MOSI
Probe: forward=5000, backward=5000 iters, trying forward with full iterations...
No route found after 200000 iterations (forward), trying backward...
Route found in 404830 iterations, path length: 881
  RETRY SUCCESS (N=1): 32 segments, 2 vias, length=60.58mm

[6/6] Routing /PWM0 (id=64)
----------------------------------------
Probe: forward=5000, backward=5000 iters, trying forward with full iterations...
No route found after 200000 iterations (forward), trying backward...
No route found after 410000 iterations (both directions)
  FAILED: Could not find route (0.20s)
  Forward direction failed fastest (205000 iterations, 5940 blocked cells)
  Frontier blocked by 10 nets (2843 cells, 2841 unique; near: 43 src, 0 tgt)
  Coverage: 2842/5940 frontier cells attributed to routed nets; 3098 static/unrippable
  Top blockers:
    1. /PWM2: 963 (33.9%), 963 uniq (100%), near: 9 src, 0 tgt
    2. /PWM1: 472 (16.6%), 472 uniq (100%), near: 34 src, 0 tgt
    3. /ADC0: 243 (8.5%), 243 uniq (100%)
    4. /mcu/IO3_STRAP: 164 (5.8%), 164 uniq (100%)
    5. /ID_ADC: 71 (2.5%), 71 uniq (100%)
    6. /I2C_SCL: 30 (1.1%), 30 uniq (100%)
    7. /PWM7: 24 (0.8%), 24 uniq (100%)
    8. /DSPI_SCK: 8 (0.3%), 8 uniq (100%)
    9. /DSPI_MISO: 510 (17.9%), 509 uniq (100%)
    10. /I2C_SDA: 358 (12.6%), 357 uniq (100%)
  Ripping up /PWM2 to retry...
    Ripped /PWM2
Probe: forward=5000, backward=5000 iters, trying forward with full iterations...
No route found after 200000 iterations (forward), trying backward...
No route found after 410000 iterations (both directions)
  RETRY FAILED (N=1)
    Retry had 10014 blocked cells
  Re-analyzing 10014 blocked cells from N=1 retry:
    Frontier blocked by 10 nets (4846 cells, 4846 unique)
    Coverage: 4846/10014 frontier cells attributed to routed nets; 5168 static/unrippable
    Top blockers:
      1. /PWM1: 1426 (29.4%), 1426 uniq (100%)
      2. /PWM7: 773 (16.0%), 773 uniq (100%)
      3. /ID_ADC: 599 (12.4%), 599 uniq (100%)
      4. /PWM6: 497 (10.3%), 497 uniq (100%)
      5. /PWM3: 342 (7.1%), 342 uniq (100%)
      6. /I2C_SCL: 338 (7.0%), 338 uniq (100%)
      7. /mcu/IO3_STRAP: 277 (5.7%), 277 uniq (100%)
      8. /DSPI_SCK: 246 (5.1%), 246 uniq (100%)
      9. /I2C_SDA: 221 (4.6%), 221 uniq (100%)
      10. /ADC0: 127 (2.6%), 127 uniq (100%)
  Slot-0 guard: re-analysis refutes /PWM2 -> retrying /PWM1 ALONE first
  Ripping up /PWM1 to retry...
    Ripped /PWM1
Probe: forward=5000, backward=5000 iters, trying forward with full iterations...
No route found after 200000 iterations (forward), trying backward...
No route found after 410000 iterations (both directions)
  RETRY FAILED (N=1)
    Retry had 9659 blocked cells
  Re-analyzing 9659 blocked cells from N=1 retry:
    Frontier blocked by 11 nets (4663 cells, 4661 unique; near: 9 src, 0 tgt)
    Coverage: 4662/9659 frontier cells attributed to routed nets; 4997 static/unrippable
    Top blockers:
      1. /PWM2: 955 (20.5%), 955 uniq (100%), near: 9 src, 0 tgt
      2. /PWM6: 953 (20.4%), 953 uniq (100%)
      3. /ID_ADC: 684 (14.7%), 684 uniq (100%)
      4. /PWM3: 424 (9.1%), 424 uniq (100%)
      5. /PWM7: 416 (8.9%), 416 uniq (100%)
      6. /ADC0: 226 (4.8%), 226 uniq (100%)
      7. /mcu/IO3_STRAP: 154 (3.3%), 154 uniq (100%)
      8. /I2C_SCL: 100 (2.1%), 100 uniq (100%)
      9. /DSPI_SCK: 8 (0.2%), 8 uniq (100%)
      10. /DSPI_MISO: 393 (8.4%), 392 uniq (100%)
      ... and 1 more nets (350 cells)
  Extending to N=2: ripping /PWM2...
    Ripped /PWM2
Probe: forward=5000, backward=5000 iters, trying forward with full iterations...
No route found after 200000 iterations (forward), trying backward...
No route found after 410000 iterations (both directions)
  RETRY FAILED (N=2)
    Retry had 7997 blocked cells
  Re-analyzing 7997 blocked cells from N=2 retry:
    Frontier blocked by 10 nets (3393 cells, 3393 unique)
    Coverage: 3393/7997 frontier cells attributed to routed nets; 4604 static/unrippable
    Top blockers:
      1. /PWM6: 953 (28.1%), 953 uniq (100%)
      2. /ID_ADC: 684 (20.2%), 684 uniq (100%)
      3. /PWM3: 532 (15.7%), 532 uniq (100%)
      4. /PWM7: 444 (13.1%), 444 uniq (100%)
      5. /mcu/IO3_STRAP: 279 (8.2%), 279 uniq (100%)
      6. /I2C_SDA: 177 (5.2%), 177 uniq (100%)
      7. /ADC0: 141 (4.2%), 141 uniq (100%)
      8. /I2C_SCL: 85 (2.5%), 85 uniq (100%)
      9. /DSPI_SCK: 79 (2.3%), 79 uniq (100%)
      10. /DSPI_MISO: 19 (0.6%), 19 uniq (100%)
  Extending to N=3: ripping /PWM6...
    Ripped /PWM6
Probe: forward=5000, backward=5000 iters, trying forward with full iterations...
No route found after 200000 iterations (forward), trying backward...
No route found after 410000 iterations (both directions)
  RETRY FAILED (N=3)
    Retry had 6120 blocked cells
  [91mAll rip-up attempts failed: Restoring 3 net(s)[0m
  [91mROUTE FAILED - no rippable blockers found[0m
  Hint: the blocking copper belongs to pre-existing net(s) '/mcu/EN' '/DSPI_CSn' '/mcu/ENABLE_M' '/expansion/ADC0_CONN' (committed by an earlier run/step), which this run is not allowed to rip. Retry with --rip-existing-nets '/mcu/EN' '/DSPI_CSn' '/mcu/ENABLE_M' '/expansion/ADC0_CONN' to rip and re-route them in this run (issue #103) -- the decisive blocker may be any of them, so start with the full set (each ripped net is re-routed and the run reports honestly if one cannot be), then bisect if you want a minimal rip.

[REROUTE 7/8 (1 failed)] Re-routing ripped net /PWM5
----------------------------------------
Probe: forward=5000, backward=5000 iters, trying forward with full iterations...
No route found after 200000 iterations (forward), trying backward...
No route found after 410000 iterations (both directions)
  REROUTE FAILED: (0.18s) - attempting rip-up and retry...
  Frontier blocked by 11 nets (3209 cells, 3209 unique; near: 123 src, 0 tgt)
  Coverage: 3209/6757 frontier cells attributed to routed nets; 3548 static/unrippable
  Top blockers:
    1. /PWM2: 852 (26.6%), 852 uniq (100%)
    2. /PWM1: 744 (23.2%), 744 uniq (100%)
    3. /I2C_SDA: 415 (12.9%), 415 uniq (100%)
    4. /mcu/IO3_STRAP: 302 (9.4%), 302 uniq (100%)
    5. /ADC0: 297 (9.3%), 297 uniq (100%)
    6. /I2C_SCL: 201 (6.3%), 201 uniq (100%), near: 38 src, 0 tgt
    7. /PWM4: 192 (6.0%), 192 uniq (100%), near: 85 src, 0 tgt
    8. /ID_ADC: 71 (2.2%), 71 uniq (100%)
    9. /mcu/IMON_M: 70 (2.2%), 70 uniq (100%)
    10. /DSPI_MISO: 41 (1.3%), 41 uniq (100%)
    ... and 1 more nets (24 cells)
  Ripping up /PWM2 to retry reroute...
Probe: forward=5000, backward=5000 iters, trying forward with full iterations...
No route found after 200000 iterations (forward), trying backward...
No route found after 410000 iterations (both directions)
  REROUTE RETRY FAILED (N=1)
    Retry had 11031 blocked cells
  Re-analyzing 11031 blocked cells from N=1 retry:
    Frontier blocked by 10 nets (4994 cells, 4994 unique; near: 123 src, 0 tgt)
    Coverage: 4994/11031 frontier cells attributed to routed nets; 6037 static/unrippable
    Top blockers:
      1. /PWM1: 1453 (29.1%), 1453 uniq (100%)
      2. /PWM7: 747 (15.0%), 747 uniq (100%)
      3. /ID_ADC: 591 (11.8%), 591 uniq (100%)
      4. /I2C_SCL: 544 (10.9%), 544 uniq (100%), near: 38 src, 0 tgt
      5. /I2C_SDA: 497 (10.0%), 497 uniq (100%)
      6. /mcu/IO3_STRAP: 366 (7.3%), 366 uniq (100%)
      7. /ADC0: 297 (5.9%), 297 uniq (100%)
      8. /DSPI_SCK: 250 (5.0%), 250 uniq (100%)
      9. /PWM4: 192 (3.8%), 192 uniq (100%), near: 85 src, 0 tgt
      10. /mcu/IMON_M: 57 (1.1%), 57 uniq (100%)
  Extending to N=2: ripping /PWM1...
Probe: forward=5000, backward=5000 iters, trying forward with full iterations...
No route found after 200000 iterations (forward), trying backward...
No route found after 410000 iterations (both directions)
  REROUTE RETRY FAILED (N=2)
    Retry had 8903 blocked cells
  Re-analyzing 8903 blocked cells from N=2 retry:
    Frontier blocked by 10 nets (2446 cells, 2446 unique; near: 119 src, 0 tgt)
    Coverage: 2446/8903 frontier cells attributed to routed nets; 6457 static/unrippable
    Top blockers:
      1. /ID_ADC: 641 (26.2%), 641 uniq (100%)
      2. /PWM7: 492 (20.1%), 492 uniq (100%)
      3. /I2C_SDA: 422 (17.3%), 422 uniq (100%)
      4. /I2C_SCL: 308 (12.6%), 308 uniq (100%), near: 38 src, 0 tgt
      5. /PWM4: 188 (7.7%), 188 uniq (100%), near: 81 src, 0 tgt
      6. /mcu/IO3_STRAP: 149 (6.1%), 149 uniq (100%)
      7. /ADC0: 91 (3.7%), 91 uniq (100%)
      8. /DSPI_SCK: 73 (3.0%), 73 uniq (100%)
      9. /mcu/IMON_M: 41 (1.7%), 41 uniq (100%)
      10. /DSPI_MISO: 41 (1.7%), 41 uniq (100%)
  Extending to N=3: ripping /ID_ADC...
Probe: forward=5000, backward=5000 iters, trying forward with full iterations...
Route found in 118078 iterations, path length: 884
  REROUTE RETRY SUCCESS (N=3): 25 segments, 1 vias, length=53.67mm (stubs=0.00mm)

[REROUTE 8/11 (1 failed)] Re-routing ripped net /DSPI_MOSI
----------------------------------------
Probe: forward=5000, backward=5000 iters, trying forward with full iterations...
Route found in 23777 iterations, path length: 571
  REROUTE SUCCESS: 19 segments, 1 vias, length=34.59mm (stubs=0.00mm) (0.05s)

[REROUTE 9/11 (1 failed)] Re-routing ripped net /PWM2
----------------------------------------
Probe: forward=5000, backward=5000 iters, trying forward with full iterations...
No route found after 200000 iterations (forward), trying backward...
No route found after 410000 iterations (both directions)
  REROUTE FAILED: (0.19s) - attempting rip-up and retry...
  Frontier blocked by 8 nets (869 cells, 869 unique)
  Coverage: 869/3422 frontier cells attributed to routed nets; 2553 static/unrippable
  Top blockers:
    1. /mcu/IO3_STRAP: 251 (28.9%), 251 uniq (100%)
    2. /DSPI_MOSI: 188 (21.6%), 188 uniq (100%)
    3. /DSPI_MISO: 145 (16.7%), 145 uniq (100%)
    4. /PWM4: 82 (9.4%), 82 uniq (100%)
    5. /DSPI_SCK: 73 (8.4%), 73 uniq (100%)
    6. /I2C_SDA: 70 (8.1%), 70 uniq (100%)
    7. /ADC0: 51 (5.9%), 51 uniq (100%)
    8. /PWM7: 9 (1.0%), 9 uniq (100%)
  Ripping up /mcu/IO3_STRAP to retry reroute...
Probe: forward=5000, backward=5000 iters, trying forward with full iterations...
No route found after 200000 iterations (forward), trying backward...
No route found after 410000 iterations (both directions)
  REROUTE RETRY FAILED (N=1)
    Retry had 7061 blocked cells
  Re-analyzing 7061 blocked cells from N=1 retry:
    Frontier blocked by 8 nets (1566 cells, 1566 unique)
    Coverage: 1566/7061 frontier cells attributed to routed nets; 5495 static/unrippable
    Top blockers:
      1. /PWM7: 488 (31.2%), 488 uniq (100%)
      2. /ADC0: 297 (19.0%), 297 uniq (100%)
      3. /DSPI_SCK: 195 (12.5%), 195 uniq (100%)
      4. /DSPI_MOSI: 188 (12.0%), 188 uniq (100%)
      5. /I2C_SCL: 150 (9.6%), 150 uniq (100%)
      6. /I2C_SDA: 108 (6.9%), 108 uniq (100%)
      7. /PWM4: 82 (5.2%), 82 uniq (100%)
      8. /DSPI_MISO: 58 (3.7%), 58 uniq (100%)
  Extending to N=2: ripping /PWM7...
Probe: forward=5000, backward=5000 iters, trying forward with full iterations...
No route found after 200000 iterations (forward), trying backward...
No route found after 410000 iterations (both directions)
  REROUTE RETRY FAILED (N=2)
    Retry had 5647 blocked cells
  Re-analyzing 5647 blocked cells from N=2 retry:
    Frontier blocked by 7 nets (1681 cells, 1681 unique)
    Coverage: 1681/5647 frontier cells attributed to routed nets; 3966 static/unrippable
    Top blockers:
      1. /I2C_SCL: 619 (36.8%), 619 uniq (100%)
      2. /ADC0: 285 (17.0%), 285 uniq (100%)
      3. /DSPI_MOSI: 259 (15.4%), 259 uniq (100%)
      4. /DSPI_SCK: 258 (15.3%), 258 uniq (100%)
      5. /I2C_SDA: 147 (8.7%), 147 uniq (100%)
      6. /PWM4: 82 (4.9%), 82 uniq (100%)
      7. /DSPI_MISO: 31 (1.8%), 31 uniq (100%)
  Extending to N=3: ripping /I2C_SCL...
Probe: forward=5000, backward=5000 iters, trying forward with full iterations...
No route found after 200000 iterations (forward), trying backward...
No route found after 410000 iterations (both directions)
  REROUTE RETRY FAILED (N=3)
    Retry had 5219 blocked cells
  [91mAll rip-up attempts failed: Restoring 3 net(s)[0m
  RIP-RESTORE (#468): /PWM2 kept its escape stub (2 seg(s), 0 via(s)) -- full restore would short against copper routed since the rip

[REROUTE 10/11 (2 failed)] Re-routing ripped net /PWM1
----------------------------------------
Probe: forward=5000, backward=5000 iters, trying forward with full iterations...
No route found after 200000 iterations (forward), trying backward...
No route found after 410000 iterations (both directions)
  REROUTE FAILED: (0.19s) - attempting rip-up and retry...
  Frontier blocked by 4 nets (228 cells, 228 unique)
  Coverage: 228/3610 frontier cells attributed to routed nets; 3382 static/unrippable
  Top blockers:
    1. /DSPI_SCK: 73 (32.0%), 73 uniq (100%)
    2. /PWM4: 73 (32.0%), 73 uniq (100%)
    3. /I2C_SDA: 70 (30.7%), 70 uniq (100%)
    4. /ADC0: 12 (5.3%), 12 uniq (100%)
  Ripping up /DSPI_SCK to retry reroute...
Probe: forward=5000, backward=5000 iters, trying forward with full iterations...
No route found after 200000 iterations (forward), trying backward...
No route found after 410000 iterations (both directions)
  REROUTE RETRY FAILED (N=1)
    Retry had 6022 blocked cells
  Re-analyzing 6022 blocked cells from N=1 retry:
    Frontier blocked by 4 nets (326 cells, 326 unique)
    Coverage: 326/6022 frontier cells attributed to routed nets; 5696 static/unrippable
    Top blockers:
      1. /I2C_SDA: 233 (71.5%), 233 uniq (100%)
      2. /PWM4: 73 (22.4%), 73 uniq (100%)
      3. /DSPI_MOSI: 11 (3.4%), 11 uniq (100%)
      4. /ADC0: 9 (2.8%), 9 uniq (100%)
  Extending to N=2: ripping /I2C_SDA...
Probe: forward=5000, backward=5000 iters, trying forward with full iterations...
No route found after 200000 iterations (forward), trying backward...
No route found after 410000 iterations (both directions)
  REROUTE RETRY FAILED (N=2)
    Retry had 5696 blocked cells
  Re-analyzing 5696 blocked cells from N=2 retry:
    Frontier blocked by 2 nets (228 cells, 228 unique)
    Coverage: 228/5696 frontier cells attributed to routed nets; 5468 static/unrippable
    Top blockers:
      1. /DSPI_MISO: 142 (62.3%), 142 uniq (100%)
      2. /DSPI_MOSI: 86 (37.7%), 86 uniq (100%)
  Extending to N=3: ripping /DSPI_MISO...
Probe: forward=5000, backward=5000 iters, trying forward with full iterations...
No route found after 200000 iterations (forward), trying backward...
No route found after 410000 iterations (both directions)
  REROUTE RETRY FAILED (N=3)
    Retry had 5679 blocked cells
  [91mAll rip-up attempts failed: Restoring 3 net(s)[0m
      restore skipped (net 58): saved copper would short other-net copper; left ripped (#134)
  RIP-RESTORE (#468): /PWM1 kept its escape stub (2 seg(s), 0 via(s)) -- full restore would short against copper routed since the rip

[REROUTE 11/11 (3 failed)] Re-routing ripped net /ID_ADC
----------------------------------------
  Multi-point net with 3 pads - routing main + taps
  Multi-point net Phase 1: routing longest MST edge (pads 0 and 2, length=29.89mm)
  Probe: forward=5000, backward=5000 iters, trying forward with full iterations...
  No route found after 200000 iterations (forward), trying backward...
  Phase 1 edge (pads 0,2) failed after 410000 iterations - trying next MST edge
  Multi-point net Phase 1: retrying with next MST edge (2/2) (pads 2 and 1, length=18.13mm)
  Probe: forward=5000, backward=5000 iters, trying forward with full iterations...
  Phase 1 routed in 463910 iterations, 12 segments
  Multi-point net Phase 3: routing 1 remaining MST edges (longest first)
    [1/0] Routing MST edge: pad 2 -> pad 0 (length=29.89mm) target=(103.25, 121.00)
      Probe: forward=5000, backward=5000 iters, trying forward with full iterations...
      No route found after 200000 iterations (forward), trying backward...
      Probe: forward=5000, backward=5000 iters, trying forward with full iterations...
      No route found after 5000 iterations (forward), trying backward...
      [93mFailed to route MST edge after 410000 iterations (0.23s)[0m
    Fallback: attempting orphaned pad 0 directly from connected copper
    [2/0] (1 failed) Routing MST edge: pad 2 -> pad 0 (length=29.89mm) target=(103.25, 121.00)
      Probe: forward=5000, backward=5000 iters, trying forward with full iterations...
      No route found after 200000 iterations (forward), trying backward...
      Probe: forward=5000, backward=5000 iters, trying forward with full iterations...
      No route found after 5000 iterations (forward), trying backward...
      [93mFailed to route MST edge after 410000 iterations (0.21s)[0m
  [93mWarning: 1 pad(s) not connected (1 MST edge(s) failed)[0m
  Phase 3 routing complete: 0 edges, 12 total segments, 0 total vias
    Tap routing: 0 segments, 0 vias
    [91mNOT CONNECTED (so far): /ID_ADC - R135 pad 2 at (103.25, 121.00) - may still be recovered; final verdict in the end-of-run summary[0m
  REROUTE SUCCESS: 12 segments, 0 vias, length=19.36mm (stubs=0.00mm) (0.66s)

Sync pcb_data: 2258 -> 2103 (kept stubs) -> 2258 (after adding 155)
Issue #134 recovery: re-routing 1 net(s) left ripped to avoid a short: /I2C_SDA

[REROUTE 12/12] Re-routing ripped net /PWM2
----------------------------------------
Probe: forward=5000, backward=5000 iters, trying forward with full iterations...
Route found in 92538 iterations, path length: 1030
  REROUTE SUCCESS: 95 segments, 1 vias, length=62.29mm (stubs=0.04mm) (0.08s)

[REROUTE 13/12] Re-routing ripped net /PWM1
----------------------------------------
Probe: forward=5000, backward=5000 iters, trying forward with full iterations...
No route found after 200000 iterations (forward), trying backward...
No route found after 410000 iterations (both directions)
  REROUTE FAILED: (0.20s) - attempting rip-up and retry...
  No previously-routed nets blocking (likely blocked by pads/stubs/zones)
  [91mROUTE FAILED - no rippable blockers found[0m
  RIP-RESTORE (#468): /PWM1 kept its escape stub (2 seg(s), 0 via(s)) -- full restore would short against copper routed since the rip

[REROUTE 14/12 (1 failed)] Re-routing ripped net /I2C_SDA
----------------------------------------
  Multi-point net with 3 pads - routing main + taps
  Multi-point net Phase 1: routing longest MST edge (pads 0 and 2, length=24.62mm)
  Probe: forward=5000, backward=5000 iters, trying forward with full iterations...
  Phase 1 routed in 141552 iterations, 22 segments
  Multi-point net Phase 3: routing 1 remaining MST edges (longest first)
    [1/0] Routing MST edge: pad 0 -> pad 1 (length=22.14mm) target=(98.88, 88.23)
      Probe: forward=5000, backward=5000 iters, trying forward with full iterations...
      Routed in 121085 iterations (0.05s)
  Phase 3 routing complete: 1 edges, 37 total segments, 5 total vias
    Tap routing: 15 segments, 4 vias
  REROUTE SUCCESS: 37 segments, 5 vias, length=67.11mm (stubs=0.00mm) (0.14s)

============================================================
Final reconciliation (casualties-only, depth 1): 1 net(s)/pair(s) ripped during routing never re-routed
============================================================
      restore skipped (net 65): saved copper would short other-net copper; left ripped (#134)
Probe: forward=5000, backward=5000 iters, trying forward with full iterations...
No route found after 200000 iterations (forward), trying backward...
No route found after 410000 iterations (both directions)
  [91mPARTIAL[0m /PWM1: reroute failed; restored 16 segment(s) + 2 via(s) of its pre-rip route (dropped 16 colliding piece(s)); net remains PARTIAL for a later pass

Per-net fine-parameter rescue (#331/#371): 2 candidate net(s)
  Rescuing /PWM0 (failed, 2 disconnected parts)
    [93mgap 55.7mm exceeds rescue limit 40mm - skipped[0m
    [91mrescue failed[0m (0.0s)
  Rescuing /PWM1 (failed, 2 disconnected parts)
Probe: forward=5000, backward=5000 iters, trying forward with full iterations...
Route found in 273546 iterations, path length: 1069
    [92mrescued a gap[0m: grid 0.025, clearance 0.2, track 0.2 (37 segs, 2 vias, 273546 iters)
    [92mfully reconnected[0m (2 -> 1 parts, 6.8s)
Rescue pass: 1 recovered, 0 improved, 1 unchanged (6.8s)
Dropped 1 superseded rip-reroute result(s) from the write-list
Closed 1 stub gap(s) to same-net copper
Dropped 19 orphan routed segment(s) from the board (rip/reroute copper no result references)
Dropped 2 orphan routed via(s) from the board
Cycle prune: removed 17 redundant loop segment(s) across 8 net(s)
Strict collapse: removed 2 redundant segment(s) (superseded parallel/buried copper)
Orphan islands: removed 1 pad-less copper island(s) (37 segment(s))
Bridged 1 same-net soft joint(s) with a tiny connector
Stripped 122 stale input segment(s) of ripped/re-routed nets not on the final board (#220)
Stripping 12 stale input via(s) of ripped/re-routed nets not on the final board

============================================================
Routing complete
============================================================
  [91mSingle-ended:  4/6 routed (1 FAILED)[0m
  [91mMulti-point:   5/6 pads connected (1 FAILED)[0m
  Total vias:    11
  Total time:    2.13s
  Iterations:    4,855,940

[91mFailed single-ended nets:[0m
  [91m/PWM0[0m

[91mFailed multi-point connections:[0m
  [91m/ID_ADC: R135 pad ? at (103.25, 121.00) not connected[0m
  [91m/PWM1: J4 pad ? at (76.61, 131.86) not connected[0m

============================================================
FAILED NET HISTORIES
============================================================

/PWM0:
  [0] blocked_by
  [0] Re-route FAILED: all rip-up attempts failed
         Blocked by: /PWM1, /PWM2, /PWM6
  [0] Re-route FAILED: no rippable blockers found
  [0] preexisting_blockers
  [0] rescue_failed
JSON_SUMMARY: {"routed_single": ["/PWM5", "/PWM4", "/PWM3", "/PWM2"], "failed_single": ["/PWM0"], "failed_multipoint": [{"net_name": "/ID_ADC", "failed_pads": [{"component_ref": "R135", "pad_number": "?", "x": 103.25, "y": 121.0}]}, {"net_name": "/PWM1", "failed_pads": [{"component_ref": "J4", "pad_number": "?", "x": 76.61, "y": 131.862}]}], "multipoint_nets": 2, "multipoint_pads_connected": 5, "multipoint_pads_total": 6, "multipoint_edges_routed": 3, "multipoint_edges_failed": 1, "ripup_success_pairs": [], "rerouted_pairs": [], "single_ended_target_swaps": [], "layer_swaps": 0, "successful": 4, "failed": 2, "total_time": 2.13, "total_iterations": 4855940, "total_vias": 11, "cleanup_disconnected": [], "min_clearance_used": 0.2, "rescue": {"attempted": 2, "recovered": ["/PWM1"], "improved": [], "unchanged": ["/PWM0"], "pads_reconnected": 0, "time": 6.78}, "casualty_reconcile": {"attempted": 1, "restored": [], "rerouted": [], "partial": ["/PWM1"], "unrecovered": []}}

Writing output to C:\dev\ai-ee3\boards\lumina-carrier\work\p7\krtf_pwm2.kicad_pcb...
Removed 124 dead-end input segment(s) from the output
Removed 12 stale input via(s) from the output
Successfully wrote C:\dev\ai-ee3\boards\lumina-carrier\work\p7\krtf_pwm2.kicad_pcb

Final reconciliation: retrying 3 incomplete net(s) against the finished board: /PWM0, /ID_ADC, /PWM1
Loading C:\dev\ai-ee3\boards\lumina-carrier\work\p7\krtf_pwm2.kicad_pcb...
Using 4 routing layers: ['F.Cu', 'In1.Cu', 'In2.Cu', 'B.Cu']
  Layer costs: F.Cu=1.0x, In1.Cu=-1.0x, In2.Cu=-1.0x, B.Cu=1.3x
No BGA components detected - no exclusion zones needed

Using MPS ordering strategy...
MPS: Using segment intersection method (no nets on BGA chips)
MPS: 3 nets with 2 crossing conflicts detected
MPS Round 1: 2 units: /PWM1, /PWM0
MPS Round 2: 1 units: /ID_ADC

Routing 3 single-ended net(s)...
============================================================
13 pre-existing net(s) eligible for rip-up: /IMON, /mcu/IO3_STRAP, /ADC0, /expansion/ID_ADC_CONN, /I2C_SDA, /I2C_SCL...
Building base obstacle map...
Base obstacle map built in 11.22s
Found 85 unrouted nets in PCB for stub proximity
Pre-computing net obstacle cache...
Net obstacle cache built in 0.96s (85 nets)

[1/3] Routing /PWM1 (id=65)
----------------------------------------
Probe: forward=5000, backward=5000 iters, trying forward with full iterations...
No route found after 200000 iterations (forward), trying backward...
No route found after 410000 iterations (both directions)
  FAILED: Could not find route (0.20s)
  Forward direction failed fastest (205000 iterations, 5313 blocked cells)
  Frontier blocked by 6 nets (1878 cells, 1878 unique)
  Coverage: 1878/5313 frontier cells attributed to routed nets; 3435 static/unrippable
  Top blockers:
    1. /DSPI_SCK: 649 (34.6%), 649 uniq (100%)
    2. /DSPI_MISO: 423 (22.5%), 423 uniq (100%)
    3. /mcu/IO3_STRAP: 299 (15.9%), 299 uniq (100%)
    4. /DSPI_MOSI: 272 (14.5%), 272 uniq (100%)
    5. /ADC0: 181 (9.6%), 181 uniq (100%)
    6. /I2C_SDA: 54 (2.9%), 54 uniq (100%)
  Ripping up /DSPI_SCK to retry...
    Ripped /DSPI_SCK
Probe: forward=5000, backward=5000 iters, trying forward with full iterations...
No route found after 200000 iterations (forward), trying backward...
No route found after 410000 iterations (both directions)
  RETRY FAILED (N=1)
    Retry had 8483 blocked cells
  Re-analyzing 8483 blocked cells from N=1 retry:
    Frontier blocked by 8 nets (3197 cells, 3197 unique)
    Coverage: 3197/8483 frontier cells attributed to routed nets; 5286 static/unrippable
    Top blockers:
      1. /PWM6: 854 (26.7%), 854 uniq (100%)
      2. /PWM7: 497 (15.5%), 497 uniq (100%)
      3. /I2C_SDA: 410 (12.8%), 410 uniq (100%)
      4. /DSPI_MISO: 361 (11.3%), 361 uniq (100%)
      5. /DSPI_MOSI: 348 (10.9%), 348 uniq (100%)
      6. /mcu/IO3_STRAP: 301 (9.4%), 301 uniq (100%)
      7. /I2C_SCL: 232 (7.3%), 232 uniq (100%)
      8. /ADC0: 194 (6.1%), 194 uniq (100%)
  Slot-0 guard: re-analysis refutes /DSPI_SCK -> retrying /PWM6 ALONE first
  Ripping up /PWM6 to retry...
    Ripped /PWM6
Probe: forward=5000, backward=5000 iters, trying forward with full iterations...
No route found after 200000 iterations (forward), trying backward...
No route found after 410000 iterations (both directions)
  RETRY FAILED (N=1)
    Retry had 7205 blocked cells
  Re-analyzing 7205 blocked cells from N=1 retry:
    Frontier blocked by 7 nets (1892 cells, 1892 unique)
    Coverage: 1892/7205 frontier cells attributed to routed nets; 5313 static/unrippable
    Top blockers:
      1. /DSPI_MISO: 423 (22.4%), 423 uniq (100%)
      2. /PWM7: 356 (18.8%), 356 uniq (100%)
      3. /mcu/IO3_STRAP: 299 (15.8%), 299 uniq (100%)
      4. /DSPI_MOSI: 272 (14.4%), 272 uniq (100%)
      5. /I2C_SDA: 198 (10.5%), 198 uniq (100%)
      6. /ADC0: 181 (9.6%), 181 uniq (100%)
      7. /I2C_SCL: 163 (8.6%), 163 uniq (100%)
  Extending to N=2: ripping /DSPI_MISO...
    Ripped /DSPI_MISO
Probe: forward=5000, backward=5000 iters, trying forward with full iterations...
No route found after 200000 iterations (forward), trying backward...
No route found after 410000 iterations (both directions)
  RETRY FAILED (N=2)
    Retry had 6435 blocked cells
  Re-analyzing 6435 blocked cells from N=2 retry:
    Frontier blocked by 6 nets (1853 cells, 1853 unique)
    Coverage: 1853/6435 frontier cells attributed to routed nets; 4582 static/unrippable
    Top blockers:
      1. /DSPI_MOSI: 615 (33.2%), 615 uniq (100%)
      2. /PWM7: 356 (19.2%), 356 uniq (100%)
      3. /mcu/IO3_STRAP: 303 (16.4%), 303 uniq (100%)
      4. /I2C_SDA: 210 (11.3%), 210 uniq (100%)
      5. /ADC0: 206 (11.1%), 206 uniq (100%)
      6. /I2C_SCL: 163 (8.8%), 163 uniq (100%)
  Extending to N=3: ripping /DSPI_MOSI...
    Ripped /DSPI_MOSI
Probe: forward=5000, backward=5000 iters, trying forward with full iterations...
No route found after 200000 iterations (forward), trying backward...
No route found after 410000 iterations (both directions)
  RETRY FAILED (N=3)
    Retry had 6279 blocked cells
  [91mAll rip-up attempts failed: Restoring 3 net(s)[0m
  [91mROUTE FAILED - no rippable blockers found[0m
  Hint: the blocking copper belongs to pre-existing net(s) '/PWM2' '/PWM3' '/PWM5' '/mcu/ENABLE_M' (committed by an earlier run/step), which this run is not allowed to rip. Retry with --rip-existing-nets '/PWM2' '/PWM3' '/PWM5' '/mcu/ENABLE_M' to rip and re-route them in this run (issue #103) -- the decisive blocker may be any of them, so start with the full set (each ripped net is re-routed and the run reports honestly if one cannot be), then bisect if you want a minimal rip.

[2/3 (1 failed)] Routing /PWM0 (id=64)
----------------------------------------
Probe: forward=5000, backward=5000 iters, trying forward with full iterations...
No route found after 200000 iterations (forward), trying backward...
No route found after 410000 iterations (both directions)
  FAILED: Could not find route (0.22s)
  Forward direction failed fastest (205000 iterations, 4781 blocked cells)
  Frontier blocked by 4 nets (542 cells, 542 unique)
  Coverage: 542/4781 frontier cells attributed to routed nets; 4239 static/unrippable
  Top blockers:
    1. /mcu/IO3_STRAP: 295 (54.4%), 295 uniq (100%)
    2. /ADC0: 184 (33.9%), 184 uniq (100%)
    3. /I2C_SDA: 47 (8.7%), 47 uniq (100%)
    4. /I2C_SCL: 16 (3.0%), 16 uniq (100%)
  Ripping up /mcu/IO3_STRAP to retry...
    Ripped /mcu/IO3_STRAP
Probe: forward=5000, backward=5000 iters, trying forward with full iterations...
No route found after 200000 iterations (forward), trying backward...
No route found after 410000 iterations (both directions)
  RETRY FAILED (N=1)
    Retry had 8280 blocked cells
  Re-analyzing 8280 blocked cells from N=1 retry:
    Frontier blocked by 4 nets (1363 cells, 1363 unique)
    Coverage: 1363/8280 frontier cells attributed to routed nets; 6917 static/unrippable
    Top blockers:
      1. /ADC0: 516 (37.9%), 516 uniq (100%)
      2. /PWM7: 422 (31.0%), 422 uniq (100%)
      3. /I2C_SDA: 225 (16.5%), 225 uniq (100%)
      4. /I2C_SCL: 200 (14.7%), 200 uniq (100%)
  Slot-0 guard: re-analysis refutes /mcu/IO3_STRAP -> retrying /ADC0 ALONE first
  Ripping up /ADC0 to retry...
    Ripped /ADC0
Probe: forward=5000, backward=5000 iters, trying forward with full iterations...
No route found after 200000 iterations (forward), trying backward...
No route found after 410000 iterations (both directions)
  RETRY FAILED (N=1)
    Retry had 8164 blocked cells
  Re-analyzing 8164 blocked cells from N=1 retry:
    Frontier blocked by 3 nets (837 cells, 837 unique)
    Coverage: 837/8164 frontier cells attributed to routed nets; 7327 static/unrippable
    Top blockers:
      1. /PWM7: 422 (50.4%), 422 uniq (100%)
      2. /I2C_SDA: 211 (25.2%), 211 uniq (100%)
      3. /I2C_SCL: 204 (24.4%), 204 uniq (100%)
  Extending to N=2: ripping /PWM7...
    Ripped /PWM7
Probe: forward=5000, backward=5000 iters, trying forward with full iterations...
Route found in 182244 iterations, path length: 1032
  RETRY SUCCESS (N=2): 37 segments, 2 vias, length=65.91mm

[3/3 (1 failed)] Routing /ID_ADC (id=27)
----------------------------------------
Probe: forward=5000, backward=5000 iters, trying forward with full iterations...
No route found after 200000 iterations (forward), trying backward...
No route found after 410000 iterations (both directions)
  FAILED: Could not find route (0.22s)
  Forward direction failed fastest (205000 iterations, 4958 blocked cells)
  Frontier blocked by 3 nets (1158 cells, 1158 unique)
  Coverage: 1158/4958 frontier cells attributed to routed nets; 3800 static/unrippable
  Top blockers:
    1. /PWM0: 546 (47.2%), 546 uniq (100%)
    2. /I2C_SCL: 468 (40.4%), 468 uniq (100%)
    3. /I2C_SDA: 144 (12.4%), 144 uniq (100%)
  Ripping up /PWM0 to retry...
    Ripped /PWM0
Probe: forward=5000, backward=5000 iters, trying forward with full iterations...
No route found after 200000 iterations (forward), trying backward...
No route found after 410000 iterations (both directions)
  RETRY FAILED (N=1)
    Retry had 11126 blocked cells
  Re-analyzing 11126 blocked cells from N=1 retry:
    Frontier blocked by 4 nets (1370 cells, 1370 unique; near: 0 src, 99 tgt)
    Coverage: 1370/11126 frontier cells attributed to routed nets; 9756 static/unrippable
    Top blockers:
      1. /I2C_SCL: 539 (39.3%), 539 uniq (100%)
      2. /I2C_SDA: 398 (29.1%), 398 uniq (100%)
      3. /expansion/ID_ADC_CONN: 232 (16.9%), 232 uniq (100%), near: 0 src, 99 tgt
      4. /expansion/ADC1_CONN: 201 (14.7%), 201 uniq (100%)
  Slot-0 guard: re-analysis refutes /PWM0 -> retrying /I2C_SCL ALONE first
  Ripping up /I2C_SCL to retry...
    Ripped /I2C_SCL
Probe: forward=5000, backward=5000 iters, trying forward with full iterations...
No route found after 200000 iterations (forward), trying backward...
No route found after 410000 iterations (both directions)
  RETRY FAILED (N=1)
    Retry had 11402 blocked cells
  Re-analyzing 11402 blocked cells from N=1 retry:
    Frontier blocked by 4 nets (1766 cells, 1766 unique; near: 0 src, 99 tgt)
    Coverage: 1766/11402 frontier cells attributed to routed nets; 9636 static/unrippable
    Top blockers:
      1. /PWM0: 781 (44.2%), 781 uniq (100%)
      2. /I2C_SDA: 465 (26.3%), 465 uniq (100%)
      3. /expansion/ID_ADC_CONN: 300 (17.0%), 300 uniq (100%), near: 0 src, 99 tgt
      4. /expansion/ADC1_CONN: 220 (12.5%), 220 uniq (100%)
  Extending to N=2: ripping /PWM0...
    Ripped /PWM0
Probe: forward=5000, backward=5000 iters, trying forward with full iterations...
No route found after 200000 iterations (forward), trying backward...
No route found after 410000 iterations (both directions)
  RETRY FAILED (N=2)
    Retry had 10647 blocked cells
  Re-analyzing 10647 blocked cells from N=2 retry:
    Frontier blocked by 3 nets (912 cells, 912 unique; near: 0 src, 99 tgt)
    Coverage: 912/10647 frontier cells attributed to routed nets; 9735 static/unrippable
    Top blockers:
      1. /I2C_SDA: 479 (52.5%), 479 uniq (100%)
      2. /expansion/ID_ADC_CONN: 232 (25.4%), 232 uniq (100%), near: 0 src, 99 tgt
      3. /expansion/ADC1_CONN: 201 (22.0%), 201 uniq (100%)
  Extending to N=3: ripping /I2C_SDA...
    Ripped /I2C_SDA
Probe: forward=5000, backward=5000 iters, trying forward with full iterations...
No route found after 200000 iterations (forward), trying backward...
Route found in 287391 iterations, path length: 459
  RETRY SUCCESS (N=3): 22 segments, 2 vias, length=28.40mm

[REROUTE 4/8 (1 failed)] Re-routing ripped net /ADC0
----------------------------------------
  Multi-point net with 3 pads - routing main + taps
  Multi-point net Phase 1: routing longest MST edge (pads 1 and 2, length=46.70mm)
  Probe: forward=5000, backward=5000 iters, trying forward with full iterations...
  No route found after 200000 iterations (forward), trying backward...
  Phase 1 edge (pads 1,2) failed after 410000 iterations - trying next MST edge
  Multi-point net Phase 1: retrying with next MST edge (2/2) (pads 0 and 1, length=16.53mm)
  Probe: forward=5000, backward=5000 iters, trying forward with full iterations...
  Phase 1 routed in 446588 iterations, 24 segments
  Multi-point net Phase 3: routing 1 remaining MST edges (longest first)
    [1/0] Routing MST edge: pad 1 -> pad 2 (length=46.70mm) target=(90.39, 79.25)
      Probe: forward=5000, backward=5000 iters, trying forward with full iterations...
      No route found after 200000 iterations (forward), trying backward...
      Probe: forward=5000, backward=5000 iters, trying forward with full iterations...
      No route found after 5000 iterations (forward), trying backward...
      [93mFailed to route MST edge after 410000 iterations (0.21s)[0m
    Fallback: attempting orphaned pad 2 directly from connected copper
    [2/0] (1 failed) Routing MST edge: pad 1 -> pad 2 (length=46.70mm) target=(90.39, 79.25)
      Probe: forward=5000, backward=5000 iters, trying forward with full iterations...
      No route found after 200000 iterations (forward), trying backward...
      Probe: forward=5000, backward=5000 iters, trying forward with full iterations...
      No route found after 5000 iterations (forward), trying backward...
      [93mFailed to route MST edge after 410000 iterations (0.21s)[0m
  [93mWarning: 1 pad(s) not connected (1 MST edge(s) failed)[0m
  Phase 3 routing complete: 0 edges, 24 total segments, 2 total vias
    Tap routing: 0 segments, 0 vias
    [91mNOT CONNECTED (so far): /ADC0 - D41 pad 1 at (90.39, 79.25) - may still be recovered; final verdict in the end-of-run summary[0m
  REROUTE SUCCESS: 24 segments, 2 vias, length=19.00mm (stubs=0.00mm) (0.65s)

[REROUTE 5/8 (1 failed)] Re-routing ripped net /PWM7
----------------------------------------
Route found in 3001 iterations, path length: 517
  REROUTE SUCCESS: 8 segments, 0 vias, length=30.66mm (stubs=0.00mm) (0.05s)

[REROUTE 6/8 (1 failed)] Re-routing ripped net /I2C_SCL
----------------------------------------
  Multi-point net with 3 pads - routing main + taps
  Multi-point net Phase 1: routing longest MST edge (pads 0 and 1, length=26.67mm)
  Probe: forward=5000, backward=5000 iters, trying forward with full iterations...
  No route found after 200000 iterations (forward), trying backward...
  Phase 1 routed in 348966 iterations, 23 segments
  Multi-point net Phase 3: routing 1 remaining MST edges (longest first)
    [1/0] Routing MST edge: pad 1 -> pad 2 (length=23.54mm) target=(96.93, 131.86)
      Probe: forward=5000, backward=5000 iters, trying forward with full iterations...
      Routed in 204904 iterations (0.08s)
  Phase 3 routing complete: 1 edges, 33 total segments, 7 total vias
    Tap routing: 10 segments, 3 vias
  REROUTE SUCCESS: 33 segments, 7 vias, length=58.92mm (stubs=0.00mm) (0.27s)

[REROUTE 7/8 (1 failed)] Re-routing ripped net /PWM0
----------------------------------------
Probe: forward=5000, backward=5000 iters, trying forward with full iterations...
No route found after 200000 iterations (forward), trying backward...
No route found after 410000 iterations (both directions)
  REROUTE FAILED: (0.20s) - attempting rip-up and retry...
  Frontier blocked by 2 nets (143 cells, 143 unique)
  Coverage: 143/3878 frontier cells attributed to routed nets; 3735 static/unrippable
  Top blockers:
    1. /I2C_SCL: 88 (61.5%), 88 uniq (100%)
    2. /ADC0: 55 (38.5%), 55 uniq (100%)
  Ripping up /I2C_SCL to retry reroute...
Probe: forward=5000, backward=5000 iters, trying forward with full iterations...
No route found after 200000 iterations (forward), trying backward...
No route found after 410000 iterations (both directions)
  REROUTE RETRY FAILED (N=1)
    Retry had 7467 blocked cells
  Re-analyzing 7467 blocked cells from N=1 retry:
    Frontier blocked by 2 nets (492 cells, 492 unique)
    Coverage: 492/7467 frontier cells attributed to routed nets; 6975 static/unrippable
    Top blockers:
      1. /PWM7: 439 (89.2%), 439 uniq (100%)
      2. /ADC0: 53 (10.8%), 53 uniq (100%)
  Extending to N=2: ripping /PWM7...
Probe: forward=5000, backward=5000 iters, trying forward with full iterations...
No route found after 200000 iterations (forward), trying backward...
No route found after 410000 iterations (both directions)
  REROUTE RETRY FAILED (N=2)
    Retry had 6873 blocked cells
  Re-analyzing 6873 blocked cells from N=2 retry:
    Frontier blocked by 1 nets (53 cells, 53 unique)
    Coverage: 53/6873 frontier cells attributed to routed nets; 6820 static/unrippable
    Top blockers:
      1. /ADC0: 53 (100.0%), 53 uniq (100%)
  Extending to N=3: ripping /ADC0...
Probe: forward=5000, backward=5000 iters, trying forward with full iterations...
No route found after 200000 iterations (forward), trying backward...
No route found after 410000 iterations (both directions)
  REROUTE RETRY FAILED (N=3)
    Retry had 6848 blocked cells
  [91mAll rip-up attempts failed: Restoring 3 net(s)[0m
  RIP-RESTORE (#468): /PWM0 kept its escape stub (2 seg(s), 0 via(s)) -- full restore would short against copper routed since the rip

[REROUTE 8/8 (2 failed)] Re-routing ripped net /I2C_SDA
----------------------------------------
  Multi-point net with 3 pads - routing main + taps
  Multi-point net Phase 1: routing longest MST edge (pads 0 and 2, length=24.62mm)
  Probe: forward=5000, backward=5000 iters, trying forward with full iterations...
  Phase 1 routed in 72511 iterations, 24 segments
  Multi-point net Phase 3: routing 1 remaining MST edges (longest first)
    [1/0] Routing MST edge: pad 0 -> pad 1 (length=22.14mm) target=(98.88, 88.23)
      Probe: forward=5000, backward=5000 iters, trying forward with full iterations...
      Routed in 112300 iterations (0.04s)
  Phase 3 routing complete: 1 edges, 81 total segments, 6 total vias
    Tap routing: 57 segments, 4 vias
  REROUTE SUCCESS: 81 segments, 6 vias, length=66.30mm (stubs=0.00mm) (0.12s)

Sync pcb_data: 2390 -> 2222 (kept stubs) -> 2390 (after adding 168)

============================================================
Final reconciliation (casualties-only, depth 1): 1 net(s)/pair(s) ripped during routing never re-routed
============================================================
      restore skipped (net 64): saved copper would short other-net copper; left ripped (#134)
Probe: forward=5000, backward=5000 iters, trying forward with full iterations...
No route found after 200000 iterations (forward), trying backward...
No route found after 410000 iterations (both directions)
  [91mPARTIAL[0m /PWM0: reroute failed; restored 30 segment(s) + 2 via(s) of its pre-rip route (dropped 7 colliding piece(s)); net remains PARTIAL for a later pass

Per-net fine-parameter rescue (#331/#371): 2 candidate net(s)
  Rescuing /PWM0 (failed, 2 disconnected parts)
    [93mgap 42.5mm exceeds rescue limit 40mm - skipped[0m
    [91mrescue failed[0m (0.0s)
  Rescuing /PWM1 (failed, 2 disconnected parts)
    [93mgap 52.9mm exceeds rescue limit 40mm - skipped[0m
    [91mrescue failed[0m (0.0s)
Rescue pass: 0 recovered, 0 improved, 2 unchanged (0.0s)
Dropped 1 superseded rip-reroute result(s) from the write-list
Closed 3 stub gap(s) to same-net copper
Dropped 10 orphan routed segment(s) from the board (rip/reroute copper no result references)
Dropped 2 orphan routed via(s) from the board
Cycle prune: removed 8 redundant loop segment(s) across 5 net(s)
Strict collapse: removed 1 redundant segment(s) (superseded parallel/buried copper)
Bridged 1 same-net soft joint(s) with a tiny connector
Stripped 149 stale input segment(s) of ripped/re-routed nets not on the final board (#220)
Stripping 19 stale input via(s) of ripped/re-routed nets not on the final board

============================================================
Routing complete
============================================================
  [91mSingle-ended:  1/3 routed (2 FAILED)[0m
  [91mMulti-point:   8/9 pads connected (1 FAILED)[0m
  Total vias:    17
  Total time:    1.94s
  Iterations:    4,157,905

[91mFailed single-ended nets:[0m
  [91m/PWM1[0m
  [91m/PWM0[0m

[91mFailed multi-point connections:[0m
  [91m/ADC0: D41 pad ? at (90.39, 79.25) not connected[0m

============================================================
FAILED NET HISTORIES
============================================================

/PWM1:
  [0] blocked_by
  [0] Re-route FAILED: all rip-up attempts failed
         Blocked by: /PWM6, /DSPI_MISO, /DSPI_MOSI
  [0] Re-route FAILED: no rippable blockers found
  [0] preexisting_blockers
  [0] rescue_failed

/PWM0:
  [0] blocked_by
  [0] Re-route succeeded
  [0] Ripped by /ID_ADC (rip-up retry N=1)
  [0] Ripped by /ID_ADC (rip-up retry N=2)
  [0] rescue_failed
JSON_SUMMARY: {"routed_single": ["/ID_ADC"], "failed_single": ["/PWM1", "/PWM0"], "failed_multipoint": [{"net_name": "/ADC0", "failed_pads": [{"component_ref": "D41", "pad_number": "?", "x": 90.39, "y": 79.25}]}], "multipoint_nets": 3, "multipoint_pads_connected": 8, "multipoint_pads_total": 9, "multipoint_edges_routed": 5, "multipoint_edges_failed": 1, "ripup_success_pairs": [], "rerouted_pairs": [], "single_ended_target_swaps": [], "layer_swaps": 0, "successful": 1, "failed": 2, "total_time": 1.94, "total_iterations": 4157905, "total_vias": 17, "cleanup_disconnected": [], "min_clearance_used": 0.2, "rescue": {"attempted": 2, "recovered": [], "improved": [], "unchanged": ["/PWM0", "/PWM1"], "pads_reconnected": 0, "time": 0.0}, "casualty_reconcile": {"attempted": 1, "restored": [], "rerouted": [], "partial": ["/PWM0"], "unrecovered": []}}

Writing output to C:\dev\ai-ee3\boards\lumina-carrier\work\p7\krtf_pwm2.kicad_pcb...
Removed 150 dead-end input segment(s) from the output
Removed 19 stale input via(s) from the output
Successfully wrote C:\dev\ai-ee3\boards\lumina-carrier\work\p7\krtf_pwm2.kicad_pcb
Note: the JSON_SUMMARY above covers only the reconciliation subset; the run's full tally is the earlier JSON_SUMMARY plus these recoveries.
