--track-width not given; using the board Default net-class 0.2mm.
--hole-to-hole-clearance not given; using the board min_hole_to_hole 0.25mm.
Loading C:\dev\ai-ee3\boards\lumina-carrier\kicad\lumina-carrier.kicad_pcb to expand net patterns...
Routing 1 nets: ['/FAULT']
Loaded per-net clearances for 7/85 nets from C:\dev\ai-ee3\boards\lumina-carrier\work\p7\krtf_fault4_netclr.json
Loading C:\dev\ai-ee3\boards\lumina-carrier\kicad\lumina-carrier.kicad_pcb...
Auto-read netclass track widths for 9 non-Default net(s) (#435 single-ended companion).
Using 4 routing layers: ['F.Cu', 'In1.Cu', 'In2.Cu', 'B.Cu']
  Layer costs: F.Cu=1.0x, In1.Cu=-1.0x, In2.Cu=-1.0x, B.Cu=1.0x
No BGA components detected - no exclusion zones needed
Rip-up blocker-select algorithm: mincut

Using MPS ordering strategy...
MPS: Using segment intersection method (no nets on BGA chips)
MPS: 1 nets with 0 crossing conflicts detected
MPS Round 1: 1 units: /FAULT

Routing 1 single-ended net(s)...
============================================================
27 pre-existing net(s) eligible for rip-up: /pwr/FB48, /pwr/OVP, /mcu/FAULT_M, /poe/T2P_OD, /T2P, /IMON...
Building base obstacle map...
Base obstacle map built in 11.30s
Found 85 unrouted nets in PCB for stub proximity
Pre-computing net obstacle cache...
Net obstacle cache built in 1.24s (85 nets)

[1/1] Routing /FAULT (id=10)
----------------------------------------
  Detected multi-point net with 3 pads (Phase 1: main route only)
  Existing copper joins 3 terminals into 2 group(s)
  Multi-point net Phase 1: routing longest MST edge (pads 0 and 2, length=68.21mm)
  Probe: forward=60000, backward=60000 iters, trying forward with full iterations...
  Phase 1 routed in 2570543 iterations, 107 segments
  SUCCESS: 107 segments, 4 vias, 2570543 iterations, length=195.74mm (stubs=83.93mm) (1.16s)

Sync pcb_data: 3251 -> 3144 (kept stubs) -> 3251 (after adding 107)

============================================================
Multi-point Phase 3: Routing 0 tap connections
============================================================

/FAULT (net 10):
  No remaining MST edges to route in Phase 3
  Net total time: 0.08s, 2570543 iterations
Closed 6 stub gap(s) to same-net copper
Cycle prune: removed 11 redundant loop segment(s) across 8 net(s)
Strict collapse: removed 3 redundant segment(s) (superseded parallel/buried copper)

============================================================
Routing complete
============================================================
  Single-ended:  1/1 routed
  Multi-point:   5/5 pads connected (1 nets)
  Total vias:    4
  Total time:    1.16s
  Iterations:    2,570,543
JSON_SUMMARY: {"routed_single": ["/FAULT"], "failed_single": [], "failed_multipoint": [], "multipoint_nets": 1, "multipoint_pads_connected": 5, "multipoint_pads_total": 5, "multipoint_edges_routed": 1, "multipoint_edges_failed": 0, "ripup_success_pairs": [], "rerouted_pairs": [], "single_ended_target_swaps": [], "layer_swaps": 0, "successful": 1, "failed": 0, "total_time": 1.16, "total_iterations": 2570543, "total_vias": 4, "cleanup_disconnected": [], "min_clearance_used": 0.2}

Writing output to C:\dev\ai-ee3\boards\lumina-carrier\work\p7\krtf_fault4.kicad_pcb...
Removed 8 dead-end input segment(s) from the output
Successfully wrote C:\dev\ai-ee3\boards\lumina-carrier\work\p7\krtf_fault4.kicad_pcb
