--hole-to-hole-clearance not given; using the board min_hole_to_hole 0.25mm.
Loading C:\dev\ai-ee3\boards\lumina-carrier\kicad\lumina-carrier.kicad_pcb to expand net patterns...
Routing 6 nets: ['/PWM0', '/PWM3', '/mcu/BOOT', '/mcu/ENABLE_M', '/ADC0']...
Loaded per-net clearances for 7/85 nets from C:\dev\ai-ee3\boards\lumina-carrier\work\p7\krtf_leftA_netclr.json
Loading C:\dev\ai-ee3\boards\lumina-carrier\kicad\lumina-carrier.kicad_pcb...
Using 4 routing layers: ['F.Cu', 'In1.Cu', 'In2.Cu', 'B.Cu']
  Layer costs: F.Cu=1.0x, In1.Cu=-1.0x, In2.Cu=-1.0x, B.Cu=1.0x
No BGA components detected - no exclusion zones needed

Using MPS ordering strategy...
MPS: Using segment intersection method (no nets on BGA chips)
MPS: 6 nets with 13 crossing conflicts detected
MPS Round 1: 2 units: /mcu/IO3_STRAP, /ADC0
MPS Round 2: 2 units: /mcu/BOOT, /PWM3
MPS Round 3: 1 units: /mcu/ENABLE_M
MPS Round 4: 1 units: /PWM0

Routing 6 single-ended net(s)...
============================================================
23 pre-existing net(s) eligible for rip-up: /mcu/FAULT_M, /IMON, /expansion/ID_ADC_CONN, /ID_ADC, /mcu/EN, /CDB...
Building base obstacle map...
Base obstacle map built in 11.18s
Found 85 unrouted nets in PCB for stub proximity
Pre-computing net obstacle cache...
Net obstacle cache built in 1.21s (85 nets)

[1/6] Routing /mcu/IO3_STRAP (id=16)
----------------------------------------
Probe: forward=5000, backward=5000 iters, trying forward with full iterations...
No route found after 200000 iterations (forward), trying backward...
No route found after 410000 iterations (both directions)
  FAILED: Could not find route (0.21s)
  Forward direction failed fastest (205000 iterations, 7234 blocked cells)
  Frontier blocked by 12 nets (3602 cells, 3602 unique; near: 133 src, 0 tgt)
  Coverage: 3602/7234 frontier cells attributed to routed nets; 3632 static/unrippable
  Top blockers:
    1. /mcu/TXD0: 711 (19.7%), 711 uniq (100%)
    2. /PWM4: 457 (12.7%), 457 uniq (100%)
    3. /mcu/FAULT_M: 368 (10.2%), 368 uniq (100%)
    4. /I2C_SDA: 366 (10.2%), 366 uniq (100%)
    5. /PWM1: 350 (9.7%), 350 uniq (100%)
    6. /ADC1: 332 (9.2%), 332 uniq (100%), near: 133 src, 0 tgt
    7. /PWM2: 276 (7.7%), 276 uniq (100%)
    8. /PWM5: 267 (7.4%), 267 uniq (100%)
    9. /mcu/RXD0: 231 (6.4%), 231 uniq (100%)
    10. /DSPI_MISO: 91 (2.5%), 91 uniq (100%)
    ... and 2 more nets (153 cells)
  Ripping up /mcu/TXD0 to retry...
    Ripped /mcu/TXD0
Probe: forward=5000, backward=5000 iters, trying forward with full iterations...
No route found after 200000 iterations (forward), trying backward...
No route found after 410000 iterations (both directions)
  RETRY FAILED (N=1)
    Retry had 9977 blocked cells
  Re-analyzing 9977 blocked cells from N=1 retry:
    Frontier blocked by 13 nets (4894 cells, 4894 unique; near: 133 src, 142 tgt)
    Coverage: 4894/9977 frontier cells attributed to routed nets; 5083 static/unrippable
    Top blockers:
      1. /PWM1: 657 (13.4%), 657 uniq (100%)
      2. /ID_ADC: 582 (11.9%), 582 uniq (100%), near: 0 src, 19 tgt
      3. /I2C_SDA: 518 (10.6%), 518 uniq (100%)
      4. /PWM5: 478 (9.8%), 478 uniq (100%)
      5. /PWM2: 464 (9.5%), 464 uniq (100%)
      6. /mcu/FAULT_M: 357 (7.3%), 357 uniq (100%)
      7. /mcu/RXD0: 355 (7.3%), 355 uniq (100%)
      8. /I2C_SCL: 348 (7.1%), 348 uniq (100%)
      9. /mcu/IMON_M: 293 (6.0%), 293 uniq (100%), near: 0 src, 123 tgt
      10. /PWM4: 281 (5.7%), 281 uniq (100%)
      ... and 3 more nets (561 cells)
  Slot-0 guard: re-analysis refutes /mcu/TXD0 -> retrying /PWM1 ALONE first
  Ripping up /PWM1 to retry...
    Ripped /PWM1
Probe: forward=5000, backward=5000 iters, trying forward with full iterations...
No route found after 200000 iterations (forward), trying backward...
No route found after 410000 iterations (both directions)
  RETRY FAILED (N=1)
    Retry had 12123 blocked cells
  Re-analyzing 12123 blocked cells from N=1 retry:
    Frontier blocked by 14 nets (5391 cells, 5391 unique; near: 133 src, 142 tgt)
    Coverage: 5391/12123 frontier cells attributed to routed nets; 6732 static/unrippable
    Top blockers:
      1. /PWM5: 768 (14.2%), 768 uniq (100%)
      2. /I2C_SCL: 678 (12.6%), 678 uniq (100%)
      3. /ID_ADC: 643 (11.9%), 643 uniq (100%), near: 0 src, 19 tgt
      4. /I2C_SDA: 634 (11.8%), 634 uniq (100%)
      5. /PWM2: 551 (10.2%), 551 uniq (100%)
      6. /mcu/FAULT_M: 441 (8.2%), 441 uniq (100%)
      7. /PWM4: 341 (6.3%), 341 uniq (100%)
      8. /mcu/IMON_M: 292 (5.4%), 292 uniq (100%), near: 0 src, 123 tgt
      9. /mcu/STATUS: 290 (5.4%), 290 uniq (100%)
      10. /mcu/RXD0: 248 (4.6%), 248 uniq (100%)
      ... and 4 more nets (505 cells)
  Extending to N=2: ripping /PWM5...
    Ripped /PWM5
Probe: forward=5000, backward=5000 iters, trying forward with full iterations...
No route found after 200000 iterations (forward), trying backward...
No route found after 410000 iterations (both directions)
  RETRY FAILED (N=2)
    Retry had 11429 blocked cells
  Re-analyzing 11429 blocked cells from N=2 retry:
    Frontier blocked by 12 nets (4623 cells, 4623 unique; near: 133 src, 142 tgt)
    Coverage: 4623/11429 frontier cells attributed to routed nets; 6806 static/unrippable
    Top blockers:
      1. /I2C_SCL: 755 (16.3%), 755 uniq (100%)
      2. /I2C_SDA: 681 (14.7%), 681 uniq (100%)
      3. /ID_ADC: 653 (14.1%), 653 uniq (100%), near: 0 src, 19 tgt
      4. /PWM2: 528 (11.4%), 528 uniq (100%)
      5. /mcu/FAULT_M: 426 (9.2%), 426 uniq (100%)
      6. /PWM4: 327 (7.1%), 327 uniq (100%)
      7. /mcu/IMON_M: 291 (6.3%), 291 uniq (100%), near: 0 src, 123 tgt
      8. /mcu/STATUS: 261 (5.6%), 261 uniq (100%)
      9. /mcu/RXD0: 242 (5.2%), 242 uniq (100%)
      10. /ADC1: 229 (5.0%), 229 uniq (100%), near: 133 src, 0 tgt
      ... and 2 more nets (230 cells)
  Extending to N=3: ripping /I2C_SCL...
    Ripped /I2C_SCL
Probe: forward=5000, backward=5000 iters, trying forward with full iterations...
Route found in 154731 iterations, path length: 476
  RETRY SUCCESS (N=3): 23 segments, 4 vias, length=34.43mm

[2/6] Routing /ADC0 (id=21)
----------------------------------------
Probe: forward=5000, backward=5000 iters, trying forward with full iterations...
No route found after 200000 iterations (forward), trying backward...
No route found after 410000 iterations (both directions)
  FAILED: Could not find route (0.24s)
  Forward direction failed fastest (205000 iterations, 8132 blocked cells)
  Frontier blocked by 12 nets (3332 cells, 3332 unique; near: 334 src, 0 tgt)
  Coverage: 3332/8132 frontier cells attributed to routed nets; 4800 static/unrippable
  Top blockers:
    1. /mcu/IO3_STRAP: 654 (19.6%), 654 uniq (100%)
    2. /PWM4: 453 (13.6%), 453 uniq (100%)
    3. /ADC1: 426 (12.8%), 426 uniq (100%)
    4. /PWM2: 368 (11.0%), 368 uniq (100%)
    5. /DSPI_MISO: 297 (8.9%), 297 uniq (100%), near: 183 src, 0 tgt
    6. /mcu/FAULT_M: 290 (8.7%), 290 uniq (100%)
    7. /DSPI_SCK: 208 (6.2%), 208 uniq (100%), near: 69 src, 0 tgt
    8. /mcu/RXD0: 195 (5.9%), 195 uniq (100%)
    9. /mcu/STATUS: 179 (5.4%), 179 uniq (100%)
    10. /DSPI_MOSI: 143 (4.3%), 143 uniq (100%), near: 82 src, 0 tgt
    ... and 2 more nets (119 cells)
  Ripping up /mcu/IO3_STRAP to retry...
    Ripped /mcu/IO3_STRAP
Probe: forward=5000, backward=5000 iters, trying forward with full iterations...
No route found after 200000 iterations (forward), trying backward...
No route found after 410000 iterations (both directions)
  RETRY FAILED (N=1)
    Retry had 11934 blocked cells
  Re-analyzing 11934 blocked cells from N=1 retry:
    Frontier blocked by 12 nets (2800 cells, 2800 unique; near: 306 src, 160 tgt)
    Coverage: 2800/11934 frontier cells attributed to routed nets; 9134 static/unrippable
    Top blockers:
      1. /ADC1: 393 (14.0%), 393 uniq (100%)
      2. /PWM2: 379 (13.5%), 379 uniq (100%)
      3. /I2C_SDA: 331 (11.8%), 331 uniq (100%)
      4. /DSPI_MISO: 297 (10.6%), 297 uniq (100%), near: 183 src, 0 tgt
      5. /mcu/EN: 293 (10.5%), 293 uniq (100%), near: 0 src, 160 tgt
      6. /mcu/FAULT_M: 251 (9.0%), 251 uniq (100%)
      7. /PWM4: 235 (8.4%), 235 uniq (100%)
      8. /DSPI_SCK: 184 (6.6%), 184 uniq (100%), near: 69 src, 0 tgt
      9. /mcu/STATUS: 133 (4.8%), 133 uniq (100%)
      10. /ID_ADC: 121 (4.3%), 121 uniq (100%)
      ... and 2 more nets (183 cells)
  Slot-0 guard: re-analysis refutes /mcu/IO3_STRAP -> retrying /ADC1 ALONE first
  Ripping up /ADC1 to retry...
    Ripped /ADC1
Probe: forward=5000, backward=5000 iters, trying forward with full iterations...
No route found after 200000 iterations (forward), trying backward...
No route found after 410000 iterations (both directions)
  RETRY FAILED (N=1)
    Retry had 12466 blocked cells
  Re-analyzing 12466 blocked cells from N=1 retry:
    Frontier blocked by 12 nets (3175 cells, 3175 unique; near: 314 src, 160 tgt)
    Coverage: 3175/12466 frontier cells attributed to routed nets; 9291 static/unrippable
    Top blockers:
      1. /mcu/IO3_STRAP: 654 (20.6%), 654 uniq (100%)
      2. /PWM2: 461 (14.5%), 461 uniq (100%)
      3. /PWM4: 298 (9.4%), 298 uniq (100%)
      4. /DSPI_MISO: 297 (9.4%), 297 uniq (100%), near: 183 src, 0 tgt
      5. /mcu/EN: 293 (9.2%), 293 uniq (100%), near: 0 src, 160 tgt
      6. /mcu/FAULT_M: 251 (7.9%), 251 uniq (100%)
      7. /mcu/STATUS: 224 (7.1%), 224 uniq (100%)
      8. /DSPI_SCK: 192 (6.0%), 192 uniq (100%), near: 69 src, 0 tgt
      9. /I2C_SDA: 161 (5.1%), 161 uniq (100%)
      10. /ID_ADC: 124 (3.9%), 124 uniq (100%)
      ... and 2 more nets (220 cells)
  Extending to N=2: ripping /mcu/IO3_STRAP...
    Ripped /mcu/IO3_STRAP
Probe: forward=5000, backward=5000 iters, trying forward with full iterations...
No route found after 200000 iterations (forward), trying backward...
No route found after 410000 iterations (both directions)
  RETRY FAILED (N=2)
    Retry had 10816 blocked cells
  Re-analyzing 10816 blocked cells from N=2 retry:
    Frontier blocked by 11 nets (2267 cells, 2267 unique; near: 271 src, 160 tgt)
    Coverage: 2267/10816 frontier cells attributed to routed nets; 8549 static/unrippable
    Top blockers:
      1. /PWM2: 379 (16.7%), 379 uniq (100%)
      2. /DSPI_MISO: 297 (13.1%), 297 uniq (100%), near: 183 src, 0 tgt
      3. /mcu/EN: 293 (12.9%), 293 uniq (100%), near: 0 src, 160 tgt
      4. /I2C_SDA: 287 (12.7%), 287 uniq (100%)
      5. /mcu/FAULT_M: 251 (11.1%), 251 uniq (100%)
      6. /PWM4: 220 (9.7%), 220 uniq (100%)
      7. /DSPI_SCK: 156 (6.9%), 156 uniq (100%), near: 69 src, 0 tgt
      8. /mcu/STATUS: 133 (5.9%), 133 uniq (100%)
      9. /ID_ADC: 106 (4.7%), 106 uniq (100%)
      10. /DSPI_MOSI: 77 (3.4%), 77 uniq (100%), near: 19 src, 0 tgt
      ... and 1 more nets (68 cells)
  Extending to N=3: ripping /PWM2...
    Ripped /PWM2
Probe: forward=5000, backward=5000 iters, trying forward with full iterations...
No route found after 200000 iterations (forward), trying backward...
No route found after 410000 iterations (both directions)
  RETRY FAILED (N=3)
    Retry had 10311 blocked cells
  [91mAll rip-up attempts failed: Restoring 3 net(s)[0m
  [91mROUTE FAILED - no rippable blockers found[0m
  Hint: the blocking copper belongs to pre-existing net(s) '/DSPI_CSn' '/expansion/ADC0_CONN' '/ETH_MISO' '/mcu/ENABLE_M' '/ETH_RSTn' '/ETH_CSn' '/ETH_MOSI' (committed by an earlier run/step), which this run is not allowed to rip. Retry with --rip-existing-nets '/DSPI_CSn' '/expansion/ADC0_CONN' '/ETH_MISO' '/mcu/ENABLE_M' '/ETH_RSTn' '/ETH_CSn' '/ETH_MOSI' to rip and re-route them in this run (issue #103) -- the decisive blocker may be any of them, so start with the full set (each ripped net is re-routed and the run reports honestly if one cannot be), then bisect if you want a minimal rip.

[3/6 (1 failed)] Routing /mcu/BOOT (id=41)
----------------------------------------
Probe: forward=5000, backward=5000 iters, trying forward with full iterations...
No route found after 200000 iterations (forward), trying backward...
No route found after 410000 iterations (both directions)
  FAILED: Could not find route (0.27s)
  Forward direction failed fastest (205000 iterations, 6541 blocked cells)
  Frontier blocked by 5 nets (2332 cells, 2332 unique)
  Coverage: 2332/6541 frontier cells attributed to routed nets; 4209 static/unrippable
  Top blockers:
    1. /mcu/FAULT_M: 759 (32.5%), 759 uniq (100%)
    2. /mcu/EN: 678 (29.1%), 678 uniq (100%)
    3. /mcu/IO3_STRAP: 389 (16.7%), 389 uniq (100%)
    4. /PWM4: 277 (11.9%), 277 uniq (100%)
    5. /mcu/RXD0: 229 (9.8%), 229 uniq (100%)
  Ripping up /mcu/FAULT_M to retry...
    Ripped /mcu/FAULT_M
Probe: forward=5000, backward=5000 iters, trying forward with full iterations...
No route found after 200000 iterations (forward), trying backward...
No route found after 410000 iterations (both directions)
  RETRY FAILED (N=1)
    Retry had 9836 blocked cells
  Re-analyzing 9836 blocked cells from N=1 retry:
    Frontier blocked by 8 nets (2298 cells, 2298 unique; near: 0 src, 49 tgt)
    Coverage: 2298/9836 frontier cells attributed to routed nets; 7538 static/unrippable
    Top blockers:
      1. /mcu/EN: 552 (24.0%), 552 uniq (100%)
      2. /mcu/IO3_STRAP: 465 (20.2%), 465 uniq (100%)
      3. /mcu/IMON_M: 429 (18.7%), 429 uniq (100%)
      4. /I2C_SDA: 302 (13.1%), 302 uniq (100%)
      5. /PWM4: 248 (10.8%), 248 uniq (100%)
      6. /ID_ADC: 204 (8.9%), 204 uniq (100%)
      7. /PWM6: 49 (2.1%), 49 uniq (100%), near: 0 src, 49 tgt
      8. /mcu/STATUS: 49 (2.1%), 49 uniq (100%)
  Slot-0 guard: re-analysis refutes /mcu/FAULT_M -> retrying /mcu/EN ALONE first
  Ripping up /mcu/EN to retry...
    Ripped /mcu/EN
Probe: forward=5000, backward=5000 iters, trying forward with full iterations...
No route found after 200000 iterations (forward), trying backward...
No route found after 410000 iterations (both directions)
  RETRY FAILED (N=1)
    Retry had 9690 blocked cells
  Re-analyzing 9690 blocked cells from N=1 retry:
    Frontier blocked by 8 nets (1827 cells, 1827 unique; near: 0 src, 49 tgt)
    Coverage: 1827/9690 frontier cells attributed to routed nets; 7863 static/unrippable
    Top blockers:
      1. /mcu/IO3_STRAP: 474 (25.9%), 474 uniq (100%)
      2. /mcu/IMON_M: 429 (23.5%), 429 uniq (100%)
      3. /I2C_SDA: 302 (16.5%), 302 uniq (100%)
      4. /PWM4: 277 (15.2%), 277 uniq (100%)
      5. /ID_ADC: 204 (11.2%), 204 uniq (100%)
      6. /PWM6: 49 (2.7%), 49 uniq (100%), near: 0 src, 49 tgt
      7. /mcu/STATUS: 49 (2.7%), 49 uniq (100%)
      8. /mcu/RXD0: 43 (2.4%), 43 uniq (100%)
  Extending to N=2: ripping /mcu/IO3_STRAP...
    Ripped /mcu/IO3_STRAP
Probe: forward=5000, backward=5000 iters, trying forward with full iterations...
No route found after 200000 iterations (forward), trying backward...
No route found after 410000 iterations (both directions)
  RETRY FAILED (N=2)
    Retry had 9511 blocked cells
  Re-analyzing 9511 blocked cells from N=2 retry:
    Frontier blocked by 6 nets (1482 cells, 1482 unique; near: 0 src, 49 tgt)
    Coverage: 1482/9511 frontier cells attributed to routed nets; 8029 static/unrippable
    Top blockers:
      1. /mcu/IMON_M: 481 (32.5%), 481 uniq (100%)
      2. /I2C_SDA: 449 (30.3%), 449 uniq (100%)
      3. /PWM4: 275 (18.6%), 275 uniq (100%)
      4. /ID_ADC: 198 (13.4%), 198 uniq (100%)
      5. /PWM6: 49 (3.3%), 49 uniq (100%), near: 0 src, 49 tgt
      6. /mcu/STATUS: 30 (2.0%), 30 uniq (100%)
  Extending to N=3: ripping /mcu/IMON_M...
    Ripped /mcu/IMON_M
Probe: forward=5000, backward=5000 iters, trying forward with full iterations...
No route found after 200000 iterations (forward), trying backward...
No route found after 410000 iterations (both directions)
  RETRY FAILED (N=3)
    Retry had 9568 blocked cells
  [91mAll rip-up attempts failed: Restoring 3 net(s)[0m
  [91mROUTE FAILED - no rippable blockers found[0m
  Hint: the blocking copper belongs to pre-existing net(s) '/ETH_RSTn' '/eth/1V2O' '/eth/TOCAP' '/pwr/FLT_LED' (committed by an earlier run/step), which this run is not allowed to rip. Retry with --rip-existing-nets '/ETH_RSTn' '/eth/1V2O' '/eth/TOCAP' '/pwr/FLT_LED' to rip and re-route them in this run (issue #103) -- the decisive blocker may be any of them, so start with the full set (each ripped net is re-routed and the run reports honestly if one cannot be), then bisect if you want a minimal rip.

[4/6 (2 failed)] Routing /PWM3 (id=67)
----------------------------------------
Probe: forward=5000, backward=5000 iters, trying forward with full iterations...
No route found after 200000 iterations (forward), trying backward...
No route found after 410000 iterations (both directions)
  FAILED: Could not find route (0.22s)
  Forward direction failed fastest (205000 iterations, 8480 blocked cells)
  Frontier blocked by 10 nets (3440 cells, 3440 unique; near: 140 src, 0 tgt)
  Coverage: 3440/8480 frontier cells attributed to routed nets; 5040 static/unrippable
  Top blockers:
    1. /PWM4: 907 (26.4%), 907 uniq (100%), near: 117 src, 0 tgt
    2. /mcu/IO3_STRAP: 639 (18.6%), 639 uniq (100%)
    3. /DSPI_MISO: 466 (13.5%), 466 uniq (100%)
    4. /I2C_SDA: 341 (9.9%), 341 uniq (100%)
    5. /DSPI_MOSI: 332 (9.7%), 332 uniq (100%)
    6. /mcu/RXD0: 290 (8.4%), 290 uniq (100%)
    7. /DSPI_SCK: 203 (5.9%), 203 uniq (100%)
    8. /ID_ADC: 129 (3.8%), 129 uniq (100%)
    9. /PWM7: 73 (2.1%), 73 uniq (100%)
    10. /mcu/STATUS: 60 (1.7%), 60 uniq (100%), near: 23 src, 0 tgt
  Ripping up /PWM4 to retry...
    Ripped /PWM4
Probe: forward=5000, backward=5000 iters, trying forward with full iterations...
Route found in 100617 iterations, path length: 1024
  RETRY SUCCESS (N=1): 37 segments, 2 vias, length=62.84mm

[5/6 (2 failed)] Routing /mcu/ENABLE_M (id=43)
----------------------------------------
Probe: forward=5000, backward=5000 iters, trying forward with full iterations...
No route found after 200000 iterations (forward), trying backward...
Route found in 398408 iterations, path length: 916
  SUCCESS: 33 segments, 4 vias, 398408 iterations, length=71.62mm (stubs=15.73mm) (0.23s)

[6/6 (2 failed)] Routing /PWM0 (id=64)
----------------------------------------
Probe: forward=5000, backward=5000 iters, trying forward with full iterations...
No route found after 200000 iterations (forward), trying backward...
No route found after 410000 iterations (both directions)
  FAILED: Could not find route (0.22s)
  Forward direction failed fastest (205000 iterations, 7410 blocked cells)
  Frontier blocked by 12 nets (2943 cells, 2943 unique)
  Coverage: 2943/7410 frontier cells attributed to routed nets; 4467 static/unrippable
  Top blockers:
    1. /PWM3: 549 (18.7%), 549 uniq (100%)
    2. /DSPI_MISO: 467 (15.9%), 467 uniq (100%)
    3. /mcu/IO3_STRAP: 425 (14.4%), 425 uniq (100%)
    4. /DSPI_MOSI: 416 (14.1%), 416 uniq (100%)
    5. /mcu/RXD0: 380 (12.9%), 380 uniq (100%)
    6. /ID_ADC: 308 (10.5%), 308 uniq (100%)
    7. /DSPI_SCK: 153 (5.2%), 153 uniq (100%)
    8. /I2C_SDA: 146 (5.0%), 146 uniq (100%)
    9. /PWM7: 61 (2.1%), 61 uniq (100%)
    10. /mcu/ENABLE_M: 24 (0.8%), 24 uniq (100%)
    ... and 2 more nets (14 cells)
  Ripping up /PWM3 to retry...
    Ripped /PWM3
Probe: forward=5000, backward=5000 iters, trying forward with full iterations...
Route found in 173357 iterations, path length: 1228
  RETRY SUCCESS (N=1): 85 segments, 1 vias, length=72.12mm

[REROUTE 7/11 (2 failed)] Re-routing ripped net /PWM1
----------------------------------------
Probe: forward=5000, backward=5000 iters, trying forward with full iterations...
Route found in 180633 iterations, path length: 1061
  REROUTE SUCCESS: 31 segments, 2 vias, length=67.55mm (stubs=0.00mm) (0.13s)

[REROUTE 8/11 (2 failed)] Re-routing ripped net /PWM5
----------------------------------------
Probe: forward=5000, backward=5000 iters, trying forward with full iterations...
Route found in 209557 iterations, path length: 906
  REROUTE SUCCESS: 36 segments, 6 vias, length=62.37mm (stubs=0.00mm) (0.14s)

[REROUTE 9/11 (2 failed)] Re-routing ripped net /I2C_SCL
----------------------------------------
  Multi-point net with 3 pads - routing main + taps
  Multi-point net Phase 1: routing longest MST edge (pads 0 and 1, length=26.67mm)
  Probe: forward=5000, backward=5000 iters, trying forward with full iterations...
  No route found after 200000 iterations (forward), trying backward...
  Phase 1 edge (pads 0,1) failed after 410000 iterations - trying next MST edge
  Multi-point net Phase 1: retrying with next MST edge (2/2) (pads 1 and 2, length=23.54mm)
  Probe: forward=5000, backward=5000 iters, trying forward with full iterations...
  Phase 1 routed in 588410 iterations, 38 segments
  Multi-point net Phase 3: routing 1 remaining MST edges (longest first)
    [1/0] Routing MST edge: pad 1 -> pad 0 (length=26.67mm) target=(100.15, 88.23)
      Probe: forward=5000, backward=5000 iters, trying forward with full iterations...
      No route found after 200000 iterations (forward), trying backward...
      Probe: forward=5000, backward=5000 iters, trying forward with full iterations...
      No route found after 5000 iterations (forward), trying backward...
      [93mFailed to route MST edge after 410000 iterations (0.24s)[0m
    Fallback: attempting orphaned pad 0 directly from connected copper
    [2/0] (1 failed) Routing MST edge: pad 1 -> pad 0 (length=26.67mm) target=(100.15, 88.23)
      Probe: forward=5000, backward=5000 iters, trying forward with full iterations...
      No route found after 200000 iterations (forward), trying backward...
      Probe: forward=5000, backward=5000 iters, trying forward with full iterations...
      No route found after 5000 iterations (forward), trying backward...
      [93mFailed to route MST edge after 410000 iterations (0.24s)[0m
  [93mWarning: 1 pad(s) not connected (1 MST edge(s) failed)[0m
  Phase 3 routing complete: 0 edges, 38 total segments, 2 total vias
    Tap routing: 0 segments, 0 vias
    [91mNOT CONNECTED (so far): /I2C_SCL - U30 pad 10 at (100.15, 88.23) - may still be recovered; final verdict in the end-of-run summary[0m
  REROUTE SUCCESS: 38 segments, 2 vias, length=30.93mm (stubs=0.00mm) (0.79s)

[REROUTE 10/11 (2 failed)] Re-routing ripped net /PWM4
----------------------------------------
Probe: forward=5000, backward=5000 iters, trying forward with full iterations...
No route found after 200000 iterations (forward), trying backward...
No route found after 410000 iterations (both directions)
  REROUTE FAILED: (0.21s) - attempting rip-up and retry...
  Frontier blocked by 11 nets (2852 cells, 2852 unique; near: 167 src, 0 tgt)
  Coverage: 2852/8385 frontier cells attributed to routed nets; 5533 static/unrippable
  Top blockers:
    1. /PWM1: 628 (22.0%), 628 uniq (100%)
    2. /PWM0: 537 (18.8%), 537 uniq (100%)
    3. /mcu/RXD0: 512 (18.0%), 512 uniq (100%), near: 130 src, 0 tgt
    4. /mcu/IO3_STRAP: 315 (11.0%), 315 uniq (100%)
    5. /PWM5: 243 (8.5%), 243 uniq (100%), near: 37 src, 0 tgt
    6. /DSPI_MOSI: 225 (7.9%), 225 uniq (100%)
    7. /mcu/ENABLE_M: 191 (6.7%), 191 uniq (100%)
    8. /PWM7: 87 (3.1%), 87 uniq (100%)
    9. /I2C_SDA: 68 (2.4%), 68 uniq (100%)
    10. /mcu/STATUS: 27 (0.9%), 27 uniq (100%)
    ... and 1 more nets (19 cells)
  Ripping up /PWM1 to retry reroute...
Probe: forward=5000, backward=5000 iters, trying forward with full iterations...
No route found after 200000 iterations (forward), trying backward...
No route found after 410000 iterations (both directions)
  REROUTE RETRY FAILED (N=1)
    Retry had 14363 blocked cells
  Re-analyzing 14363 blocked cells from N=1 retry:
    Frontier blocked by 13 nets (6887 cells, 6887 unique; near: 167 src, 0 tgt)
    Coverage: 6887/14363 frontier cells attributed to routed nets; 7476 static/unrippable
    Top blockers:
      1. /PWM5: 1284 (18.6%), 1284 uniq (100%), near: 37 src, 0 tgt
      2. /PWM0: 945 (13.7%), 945 uniq (100%)
      3. /PWM7: 758 (11.0%), 758 uniq (100%)
      4. /mcu/ENABLE_M: 723 (10.5%), 723 uniq (100%)
      5. /PWM6: 633 (9.2%), 633 uniq (100%)
      6. /ID_ADC: 624 (9.1%), 624 uniq (100%)
      7. /mcu/RXD0: 508 (7.4%), 508 uniq (100%), near: 130 src, 0 tgt
      8. /I2C_SDA: 457 (6.6%), 457 uniq (100%)
      9. /mcu/IO3_STRAP: 399 (5.8%), 399 uniq (100%)
      10. /mcu/STATUS: 235 (3.4%), 235 uniq (100%)
      ... and 3 more nets (321 cells)
  Extending to N=2: ripping /PWM5...
Probe: forward=5000, backward=5000 iters, trying forward with full iterations...
No route found after 200000 iterations (forward), trying backward...
No route found after 410000 iterations (both directions)
  REROUTE RETRY FAILED (N=2)
    Retry had 11220 blocked cells
  Re-analyzing 11220 blocked cells from N=2 retry:
    Frontier blocked by 13 nets (5429 cells, 5429 unique; near: 229 src, 0 tgt)
    Coverage: 5429/11220 frontier cells attributed to routed nets; 5791 static/unrippable
    Top blockers:
      1. /PWM0: 799 (14.7%), 799 uniq (100%)
      2. /PWM7: 769 (14.2%), 769 uniq (100%)
      3. /PWM6: 707 (13.0%), 707 uniq (100%)
      4. /mcu/RXD0: 544 (10.0%), 544 uniq (100%), near: 137 src, 0 tgt
      5. /mcu/IO3_STRAP: 522 (9.6%), 522 uniq (100%)
      6. /ID_ADC: 491 (9.0%), 491 uniq (100%)
      7. /I2C_SDA: 418 (7.7%), 418 uniq (100%)
      8. /mcu/ENABLE_M: 368 (6.8%), 368 uniq (100%)
      9. /DSPI_MOSI: 264 (4.9%), 264 uniq (100%)
      10. /mcu/STATUS: 231 (4.3%), 231 uniq (100%), near: 92 src, 0 tgt
      ... and 3 more nets (316 cells)
  Extending to N=3: ripping /PWM0...
Probe: forward=5000, backward=5000 iters, trying forward with full iterations...
Route found in 92564 iterations, path length: 1023
  REROUTE RETRY SUCCESS (N=3): 50 segments, 1 vias, length=60.95mm (stubs=0.00mm)

[REROUTE 11/14 (2 failed)] Re-routing ripped net /PWM3
----------------------------------------
Probe: forward=5000, backward=5000 iters, trying forward with full iterations...
No route found after 200000 iterations (forward), trying backward...
No route found after 410000 iterations (both directions)
  REROUTE FAILED: (0.21s) - attempting rip-up and retry...
  Frontier blocked by 11 nets (2553 cells, 2553 unique; near: 213 src, 0 tgt)
  Coverage: 2553/7607 frontier cells attributed to routed nets; 5054 static/unrippable
  Top blockers:
    1. /PWM4: 595 (23.3%), 595 uniq (100%), near: 38 src, 0 tgt
    2. /mcu/RXD0: 474 (18.6%), 474 uniq (100%), near: 128 src, 0 tgt
    3. /DSPI_MOSI: 345 (13.5%), 345 uniq (100%)
    4. /mcu/IO3_STRAP: 292 (11.4%), 292 uniq (100%)
    5. /DSPI_MISO: 243 (9.5%), 243 uniq (100%)
    6. /expansion/ID_ADC_CONN: 173 (6.8%), 173 uniq (100%)
    7. /I2C_SDA: 108 (4.2%), 108 uniq (100%)
    8. /PWM7: 100 (3.9%), 100 uniq (100%)
    9. /mcu/STATUS: 99 (3.9%), 99 uniq (100%), near: 47 src, 0 tgt
    10. /ID_ADC: 81 (3.2%), 81 uniq (100%)
    ... and 1 more nets (43 cells)
  Skipping N=1: already tried ripping /PWM4 for /PWM3
  Re-analyzing 7607 blocked cells from N=1 retry:
    Frontier blocked by 11 nets (2553 cells, 2553 unique; near: 213 src, 0 tgt)
    Coverage: 2553/7607 frontier cells attributed to routed nets; 5054 static/unrippable
    Top blockers:
      1. /PWM4: 595 (23.3%), 595 uniq (100%), near: 38 src, 0 tgt
      2. /mcu/RXD0: 474 (18.6%), 474 uniq (100%), near: 128 src, 0 tgt
      3. /DSPI_MOSI: 345 (13.5%), 345 uniq (100%)
      4. /mcu/IO3_STRAP: 292 (11.4%), 292 uniq (100%)
      5. /DSPI_MISO: 243 (9.5%), 243 uniq (100%)
      6. /expansion/ID_ADC_CONN: 173 (6.8%), 173 uniq (100%)
      7. /I2C_SDA: 108 (4.2%), 108 uniq (100%)
      8. /PWM7: 100 (3.9%), 100 uniq (100%)
      9. /mcu/STATUS: 99 (3.9%), 99 uniq (100%), near: 47 src, 0 tgt
      10. /ID_ADC: 81 (3.2%), 81 uniq (100%)
      ... and 1 more nets (43 cells)
  Extending to N=2: ripping /PWM4...
Probe: forward=5000, backward=5000 iters, trying forward with full iterations...
No route found after 200000 iterations (forward), trying backward...
No route found after 410000 iterations (both directions)
  REROUTE RETRY FAILED (N=2)
    Retry had 9424 blocked cells
  Re-analyzing 9424 blocked cells from N=2 retry:
    Frontier blocked by 12 nets (4439 cells, 4439 unique; near: 102 src, 0 tgt)
    Coverage: 4439/9424 frontier cells attributed to routed nets; 4985 static/unrippable
    Top blockers:
      1. /PWM7: 773 (17.4%), 773 uniq (100%)
      2. /PWM6: 731 (16.5%), 731 uniq (100%)
      3. /ID_ADC: 513 (11.6%), 513 uniq (100%)
      4. /mcu/IO3_STRAP: 478 (10.8%), 478 uniq (100%)
      5. /DSPI_MOSI: 455 (10.3%), 455 uniq (100%)
      6. /I2C_SDA: 421 (9.5%), 421 uniq (100%)
      7. /DSPI_MISO: 301 (6.8%), 301 uniq (100%)
      8. /mcu/ENABLE_M: 294 (6.6%), 294 uniq (100%)
      9. /mcu/STATUS: 258 (5.8%), 258 uniq (100%), near: 102 src, 0 tgt
      10. /I2C_SCL: 156 (3.5%), 156 uniq (100%)
      ... and 2 more nets (59 cells)
  Extending to N=3: ripping /PWM7...
Probe: forward=5000, backward=5000 iters, trying forward with full iterations...
No route found after 200000 iterations (forward), trying backward...
No route found after 410000 iterations (both directions)
  REROUTE RETRY FAILED (N=3)
    Retry had 8110 blocked cells
  [91mAll rip-up attempts failed: Restoring 3 net(s)[0m
      restore skipped (net 80): saved copper would short other-net copper; left ripped (#134)
  RIP-RESTORE (#468): /PWM3 kept its escape stub (2 seg(s), 0 via(s)) -- full restore would short against copper routed since the rip

[REROUTE 12/14 (3 failed)] Re-routing ripped net /PWM1
----------------------------------------
Probe: forward=5000, backward=5000 iters, trying forward with full iterations...
No route found after 200000 iterations (forward), trying backward...
No route found after 410000 iterations (both directions)
  REROUTE FAILED: (0.22s) - attempting rip-up and retry...
  Frontier blocked by 6 nets (947 cells, 947 unique)
  Coverage: 947/6256 frontier cells attributed to routed nets; 5309 static/unrippable
  Top blockers:
    1. /mcu/IO3_STRAP: 368 (38.9%), 368 uniq (100%)
    2. /DSPI_MOSI: 242 (25.6%), 242 uniq (100%)
    3. /DSPI_MISO: 160 (16.9%), 160 uniq (100%)
    4. /mcu/STATUS: 87 (9.2%), 87 uniq (100%)
    5. /I2C_SDA: 81 (8.6%), 81 uniq (100%)
    6. /mcu/ENABLE_M: 9 (1.0%), 9 uniq (100%)
  Ripping up /mcu/IO3_STRAP to retry reroute...
Probe: forward=5000, backward=5000 iters, trying forward with full iterations...
No route found after 200000 iterations (forward), trying backward...
No route found after 410000 iterations (both directions)
  REROUTE RETRY FAILED (N=1)
    Retry had 10805 blocked cells
  Re-analyzing 10805 blocked cells from N=1 retry:
    Frontier blocked by 9 nets (2809 cells, 2809 unique)
    Coverage: 2809/10805 frontier cells attributed to routed nets; 7996 static/unrippable
    Top blockers:
      1. /PWM6: 706 (25.1%), 706 uniq (100%)
      2. /I2C_SDA: 602 (21.4%), 602 uniq (100%)
      3. /ID_ADC: 447 (15.9%), 447 uniq (100%)
      4. /mcu/STATUS: 304 (10.8%), 304 uniq (100%)
      5. /mcu/ENABLE_M: 286 (10.2%), 286 uniq (100%)
      6. /DSPI_MOSI: 195 (6.9%), 195 uniq (100%)
      7. /I2C_SCL: 149 (5.3%), 149 uniq (100%)
      8. /DSPI_MISO: 113 (4.0%), 113 uniq (100%)
      9. /DSPI_SCK: 7 (0.2%), 7 uniq (100%)
  Extending to N=2: ripping /PWM6...
Probe: forward=5000, backward=5000 iters, trying forward with full iterations...
No route found after 200000 iterations (forward), trying backward...
No route found after 410000 iterations (both directions)
  REROUTE RETRY FAILED (N=2)
    Retry had 9770 blocked cells
  Re-analyzing 9770 blocked cells from N=2 retry:
    Frontier blocked by 8 nets (1990 cells, 1990 unique)
    Coverage: 1990/9770 frontier cells attributed to routed nets; 7780 static/unrippable
    Top blockers:
      1. /ID_ADC: 744 (37.4%), 744 uniq (100%)
      2. /I2C_SDA: 463 (23.3%), 463 uniq (100%)
      3. /mcu/ENABLE_M: 302 (15.2%), 302 uniq (100%)
      4. /DSPI_MOSI: 195 (9.8%), 195 uniq (100%)
      5. /DSPI_MISO: 113 (5.7%), 113 uniq (100%)
      6. /I2C_SCL: 86 (4.3%), 86 uniq (100%)
      7. /mcu/STATUS: 80 (4.0%), 80 uniq (100%)
      8. /DSPI_SCK: 7 (0.4%), 7 uniq (100%)
  Extending to N=3: ripping /ID_ADC...
Probe: forward=5000, backward=5000 iters, trying forward with full iterations...
No route found after 200000 iterations (forward), trying backward...
No route found after 410000 iterations (both directions)
  REROUTE RETRY FAILED (N=3)
    Retry had 8891 blocked cells
  [91mAll rip-up attempts failed: Restoring 3 net(s)[0m
  RIP-RESTORE (#468): /PWM1 kept its escape stub (2 seg(s), 0 via(s)) -- full restore would short against copper routed since the rip

[REROUTE 13/14 (4 failed)] Re-routing ripped net /PWM5
----------------------------------------
Probe: forward=5000, backward=5000 iters, trying forward with full iterations...
No route found after 200000 iterations (forward), trying backward...
No route found after 410000 iterations (both directions)
  REROUTE FAILED: (0.22s) - attempting rip-up and retry...
  Frontier blocked by 7 nets (1514 cells, 1514 unique; near: 249 src, 0 tgt)
  Coverage: 1514/7335 frontier cells attributed to routed nets; 5821 static/unrippable
  Top blockers:
    1. /DSPI_MOSI: 345 (22.8%), 345 uniq (100%)
    2. /mcu/ENABLE_M: 299 (19.7%), 299 uniq (100%), near: 61 src, 0 tgt
    3. /mcu/IO3_STRAP: 275 (18.2%), 275 uniq (100%), near: 39 src, 0 tgt
    4. /DSPI_MISO: 243 (16.1%), 243 uniq (100%)
    5. /mcu/STATUS: 181 (12.0%), 181 uniq (100%), near: 117 src, 0 tgt
    6. /I2C_SDA: 139 (9.2%), 139 uniq (100%), near: 32 src, 0 tgt
    7. /expansion/ID_ADC_CONN: 32 (2.1%), 32 uniq (100%)
  Ripping up /DSPI_MOSI to retry reroute...
Probe: forward=5000, backward=5000 iters, trying forward with full iterations...
No route found after 200000 iterations (forward), trying backward...
No route found after 410000 iterations (both directions)
  REROUTE RETRY FAILED (N=1)
    Retry had 11636 blocked cells
  Re-analyzing 11636 blocked cells from N=1 retry:
    Frontier blocked by 7 nets (2665 cells, 2665 unique; near: 249 src, 0 tgt)
    Coverage: 2665/11636 frontier cells attributed to routed nets; 8971 static/unrippable
    Top blockers:
      1. /I2C_SDA: 609 (22.9%), 609 uniq (100%), near: 32 src, 0 tgt
      2. /mcu/ENABLE_M: 472 (17.7%), 472 uniq (100%), near: 61 src, 0 tgt
      3. /DSPI_MISO: 469 (17.6%), 469 uniq (100%)
      4. /mcu/IO3_STRAP: 367 (13.8%), 367 uniq (100%), near: 39 src, 0 tgt
      5. /DSPI_SCK: 318 (11.9%), 318 uniq (100%)
      6. /mcu/STATUS: 280 (10.5%), 280 uniq (100%), near: 117 src, 0 tgt
      7. /I2C_SCL: 150 (5.6%), 150 uniq (100%)
  Extending to N=2: ripping /I2C_SDA...
Probe: forward=5000, backward=5000 iters, trying forward with full iterations...
Route found in 105278 iterations, path length: 963
  REROUTE RETRY SUCCESS (N=2): 51 segments, 4 vias, length=61.54mm (stubs=0.00mm)

[REROUTE 14/16 (4 failed)] Re-routing ripped net /PWM0
----------------------------------------
Probe: forward=5000, backward=5000 iters, trying forward with full iterations...
No route found after 200000 iterations (forward), trying backward...
No route found after 410000 iterations (both directions)
  REROUTE FAILED: (0.21s) - attempting rip-up and retry...
  Frontier blocked by 5 nets (664 cells, 664 unique)
  Coverage: 664/6207 frontier cells attributed to routed nets; 5543 static/unrippable
  Top blockers:
    1. /mcu/IO3_STRAP: 397 (59.8%), 397 uniq (100%)
    2. /mcu/ENABLE_M: 90 (13.6%), 90 uniq (100%)
    3. /mcu/STATUS: 74 (11.1%), 74 uniq (100%)
    4. /DSPI_SCK: 61 (9.2%), 61 uniq (100%)
    5. /DSPI_MISO: 42 (6.3%), 42 uniq (100%)
  Ripping up /mcu/IO3_STRAP to retry reroute...
Probe: forward=5000, backward=5000 iters, trying forward with full iterations...
No route found after 200000 iterations (forward), trying backward...
No route found after 410000 iterations (both directions)
  REROUTE RETRY FAILED (N=1)
    Retry had 8933 blocked cells
  Re-analyzing 8933 blocked cells from N=1 retry:
    Frontier blocked by 6 nets (447 cells, 447 unique)
    Coverage: 447/8933 frontier cells attributed to routed nets; 8486 static/unrippable
    Top blockers:
      1. /mcu/ENABLE_M: 132 (29.5%), 132 uniq (100%)
      2. /I2C_SCL: 95 (21.3%), 95 uniq (100%)
      3. /DSPI_SCK: 90 (20.1%), 90 uniq (100%)
      4. /mcu/STATUS: 67 (15.0%), 67 uniq (100%)
      5. /PWM5: 54 (12.1%), 54 uniq (100%)
      6. /DSPI_MISO: 9 (2.0%), 9 uniq (100%)
  Extending to N=2: ripping /mcu/ENABLE_M...
Probe: forward=5000, backward=5000 iters, trying forward with full iterations...
No route found after 200000 iterations (forward), trying backward...
No route found after 410000 iterations (both directions)
  REROUTE RETRY FAILED (N=2)
    Retry had 8924 blocked cells
  Re-analyzing 8924 blocked cells from N=2 retry:
    Frontier blocked by 5 nets (314 cells, 314 unique)
    Coverage: 314/8924 frontier cells attributed to routed nets; 8610 static/unrippable
    Top blockers:
      1. /I2C_SCL: 95 (30.3%), 95 uniq (100%)
      2. /DSPI_SCK: 90 (28.7%), 90 uniq (100%)
      3. /mcu/STATUS: 66 (21.0%), 66 uniq (100%)
      4. /PWM5: 54 (17.2%), 54 uniq (100%)
      5. /DSPI_MISO: 9 (2.9%), 9 uniq (100%)
  Extending to N=3: ripping /I2C_SCL...
Probe: forward=5000, backward=5000 iters, trying forward with full iterations...
No route found after 200000 iterations (forward), trying backward...
No route found after 410000 iterations (both directions)
  REROUTE RETRY FAILED (N=3)
    Retry had 8838 blocked cells
  [91mAll rip-up attempts failed: Restoring 3 net(s)[0m
  RIP-RESTORE (#468): /PWM0 kept its escape stub (2 seg(s), 0 via(s)) -- full restore would short against copper routed since the rip

[REROUTE 15/16 (5 failed)] Re-routing ripped net /DSPI_MOSI
----------------------------------------
Probe: forward=5000, backward=5000 iters, trying forward with full iterations...
Route found in 29938 iterations, path length: 681
  REROUTE SUCCESS: 43 segments, 0 vias, length=37.74mm (stubs=0.00mm) (0.07s)

[REROUTE 16/16 (5 failed)] Re-routing ripped net /I2C_SDA
----------------------------------------
  Multi-point net with 3 pads - routing main + taps
  Multi-point net Phase 1: routing longest MST edge (pads 0 and 2, length=24.62mm)
  Probe: forward=5000, backward=5000 iters, trying forward with full iterations...
  Phase 1 routed in 63596 iterations, 28 segments
  Multi-point net Phase 3: routing 1 remaining MST edges (longest first)
    [1/0] Routing MST edge: pad 0 -> pad 1 (length=22.14mm) target=(98.88, 88.23)
      Probe: forward=5000, backward=5000 iters, trying forward with full iterations...
      No route found after 200000 iterations (forward), trying backward...
      Routed in 319668 iterations (0.13s)
  Phase 3 routing complete: 1 edges, 98 total segments, 5 total vias
    Tap routing: 70 segments, 4 vias
  REROUTE SUCCESS: 98 segments, 5 vias, length=65.18mm (stubs=0.00mm) (0.21s)

Sync pcb_data: 2804 -> 2468 (kept stubs) -> 2804 (after adding 336)
Issue #134 recovery: re-routing 1 net(s) left ripped to avoid a short: /mcu/RXD0

[REROUTE 17/17] Re-routing ripped net /PWM1
----------------------------------------
Probe: forward=5000, backward=5000 iters, trying forward with full iterations...
No route found after 200000 iterations (forward), trying backward...
No route found after 410000 iterations (both directions)
  REROUTE FAILED: (0.22s) - attempting rip-up and retry...
  Frontier blocked by 6 nets (1019 cells, 1019 unique)
  Coverage: 1019/6201 frontier cells attributed to routed nets; 5182 static/unrippable
  Top blockers:
    1. /DSPI_MISO: 331 (32.5%), 331 uniq (100%)
    2. /mcu/IO3_STRAP: 292 (28.7%), 292 uniq (100%)
    3. /mcu/ENABLE_M: 163 (16.0%), 163 uniq (100%)
    4. /DSPI_MOSI: 142 (13.9%), 142 uniq (100%)
    5. /mcu/STATUS: 71 (7.0%), 71 uniq (100%)
    6. /PWM5: 20 (2.0%), 20 uniq (100%)
  Ripping up /DSPI_MISO to retry reroute...
Probe: forward=5000, backward=5000 iters, trying forward with full iterations...
No route found after 200000 iterations (forward), trying backward...
No route found after 410000 iterations (both directions)
  REROUTE RETRY FAILED (N=1)
    Retry had 10672 blocked cells
  Re-analyzing 10672 blocked cells from N=1 retry:
    Frontier blocked by 7 nets (2104 cells, 2104 unique)
    Coverage: 2104/10672 frontier cells attributed to routed nets; 8568 static/unrippable
    Top blockers:
      1. /I2C_SDA: 766 (36.4%), 766 uniq (100%)
      2. /mcu/IO3_STRAP: 419 (19.9%), 419 uniq (100%)
      3. /PWM5: 248 (11.8%), 248 uniq (100%)
      4. /mcu/ENABLE_M: 235 (11.2%), 235 uniq (100%)
      5. /DSPI_MOSI: 218 (10.4%), 218 uniq (100%)
      6. /I2C_SCL: 151 (7.2%), 151 uniq (100%)
      7. /mcu/STATUS: 67 (3.2%), 67 uniq (100%)
  Extending to N=2: ripping /I2C_SDA...
Probe: forward=5000, backward=5000 iters, trying forward with full iterations...
No route found after 200000 iterations (forward), trying backward...
No route found after 410000 iterations (both directions)
  REROUTE RETRY FAILED (N=2)
    Retry had 9409 blocked cells
  Re-analyzing 9409 blocked cells from N=2 retry:
    Frontier blocked by 7 nets (1656 cells, 1656 unique)
    Coverage: 1656/9409 frontier cells attributed to routed nets; 7753 static/unrippable
    Top blockers:
      1. /mcu/ENABLE_M: 399 (24.1%), 399 uniq (100%)
      2. /mcu/IO3_STRAP: 283 (17.1%), 283 uniq (100%)
      3. /mcu/STATUS: 258 (15.6%), 258 uniq (100%)
      4. /DSPI_MOSI: 218 (13.2%), 218 uniq (100%)
      5. /DSPI_SCK: 182 (11.0%), 182 uniq (100%)
      6. /PWM5: 165 (10.0%), 165 uniq (100%)
      7. /I2C_SCL: 151 (9.1%), 151 uniq (100%)
  Extending to N=3: ripping /mcu/ENABLE_M...
Probe: forward=5000, backward=5000 iters, trying forward with full iterations...
No route found after 200000 iterations (forward), trying backward...
No route found after 410000 iterations (both directions)
  REROUTE RETRY FAILED (N=3)
    Retry had 8684 blocked cells
  [91mAll rip-up attempts failed: Restoring 3 net(s)[0m
  RIP-RESTORE (#468): /PWM1 kept its escape stub (2 seg(s), 0 via(s)) -- full restore would short against copper routed since the rip

[REROUTE 18/17 (1 failed)] Re-routing ripped net /PWM3
----------------------------------------
Probe: forward=5000, backward=5000 iters, trying forward with full iterations...
No route found after 200000 iterations (forward), trying backward...
No route found after 410000 iterations (both directions)
  REROUTE FAILED: (0.22s) - attempting rip-up and retry...
  Frontier blocked by 8 nets (2103 cells, 2103 unique; near: 108 src, 0 tgt)
  Coverage: 2103/7294 frontier cells attributed to routed nets; 5191 static/unrippable
  Top blockers:
    1. /PWM4: 604 (28.7%), 604 uniq (100%), near: 38 src, 0 tgt
    2. /DSPI_MOSI: 425 (20.2%), 425 uniq (100%)
    3. /expansion/ID_ADC_CONN: 357 (17.0%), 357 uniq (100%)
    4. /I2C_SDA: 205 (9.7%), 205 uniq (100%)
    5. /mcu/IO3_STRAP: 179 (8.5%), 179 uniq (100%)
    6. /mcu/ENABLE_M: 156 (7.4%), 156 uniq (100%)
    7. /mcu/STATUS: 143 (6.8%), 143 uniq (100%), near: 70 src, 0 tgt
    8. /I2C_SCL: 34 (1.6%), 34 uniq (100%)
  Skipping N=1: already tried ripping /PWM4 for /PWM3
  Re-analyzing 7294 blocked cells from N=1 retry:
    Frontier blocked by 8 nets (2103 cells, 2103 unique; near: 108 src, 0 tgt)
    Coverage: 2103/7294 frontier cells attributed to routed nets; 5191 static/unrippable
    Top blockers:
      1. /PWM4: 604 (28.7%), 604 uniq (100%), near: 38 src, 0 tgt
      2. /DSPI_MOSI: 425 (20.2%), 425 uniq (100%)
      3. /expansion/ID_ADC_CONN: 357 (17.0%), 357 uniq (100%)
      4. /I2C_SDA: 205 (9.7%), 205 uniq (100%)
      5. /mcu/IO3_STRAP: 179 (8.5%), 179 uniq (100%)
      6. /mcu/ENABLE_M: 156 (7.4%), 156 uniq (100%)
      7. /mcu/STATUS: 143 (6.8%), 143 uniq (100%), near: 70 src, 0 tgt
      8. /I2C_SCL: 34 (1.6%), 34 uniq (100%)
  Extending to N=2: ripping /PWM4...
Probe: forward=5000, backward=5000 iters, trying forward with full iterations...
No route found after 200000 iterations (forward), trying backward...
No route found after 410000 iterations (both directions)
  REROUTE RETRY FAILED (N=2)
    Retry had 9821 blocked cells
  Re-analyzing 9821 blocked cells from N=2 retry:
    Frontier blocked by 7 nets (1697 cells, 1697 unique; near: 43 src, 53 tgt)
    Coverage: 1697/9821 frontier cells attributed to routed nets; 8124 static/unrippable
    Top blockers:
      1. /mcu/IO3_STRAP: 375 (22.1%), 375 uniq (100%)
      2. /mcu/ENABLE_M: 339 (20.0%), 339 uniq (100%)
      3. /DSPI_SCK: 319 (18.8%), 319 uniq (100%)
      4. /I2C_SDA: 284 (16.7%), 284 uniq (100%)
      5. /I2C_SCL: 163 (9.6%), 163 uniq (100%)
      6. /PWM5: 111 (6.5%), 111 uniq (100%), near: 7 src, 53 tgt
      7. /mcu/STATUS: 106 (6.2%), 106 uniq (100%), near: 36 src, 0 tgt
  Extending to N=3: ripping /mcu/IO3_STRAP...
Probe: forward=5000, backward=5000 iters, trying forward with full iterations...
No route found after 200000 iterations (forward), trying backward...
No route found after 410000 iterations (both directions)
  REROUTE RETRY FAILED (N=3)
    Retry had 7558 blocked cells
  [91mAll rip-up attempts failed: Restoring 3 net(s)[0m
  RIP-RESTORE (#468): /PWM3 kept its escape stub (2 seg(s), 0 via(s)) -- full restore would short against copper routed since the rip

[REROUTE 19/17 (2 failed)] Re-routing ripped net /PWM1
----------------------------------------
Probe: forward=5000, backward=5000 iters, trying forward with full iterations...
No route found after 200000 iterations (forward), trying backward...
No route found after 410000 iterations (both directions)
  REROUTE FAILED: (0.23s) - attempting rip-up and retry...
  Frontier blocked by 5 nets (688 cells, 688 unique)
  Coverage: 688/6201 frontier cells attributed to routed nets; 5513 static/unrippable
  Top blockers:
    1. /mcu/IO3_STRAP: 292 (42.4%), 292 uniq (100%)
    2. /mcu/ENABLE_M: 163 (23.7%), 163 uniq (100%)
    3. /DSPI_MOSI: 142 (20.6%), 142 uniq (100%)
    4. /mcu/STATUS: 71 (10.3%), 71 uniq (100%)
    5. /PWM5: 20 (2.9%), 20 uniq (100%)
  Ripping up /mcu/IO3_STRAP to retry reroute...
Probe: forward=5000, backward=5000 iters, trying forward with full iterations...
No route found after 200000 iterations (forward), trying backward...
No route found after 410000 iterations (both directions)
  REROUTE RETRY FAILED (N=1)
    Retry had 10696 blocked cells
  Re-analyzing 10696 blocked cells from N=1 retry:
    Frontier blocked by 6 nets (1640 cells, 1640 unique)
    Coverage: 1640/10696 frontier cells attributed to routed nets; 9056 static/unrippable
    Top blockers:
      1. /I2C_SDA: 801 (48.8%), 801 uniq (100%)
      2. /PWM5: 260 (15.9%), 260 uniq (100%)
      3. /mcu/ENABLE_M: 233 (14.2%), 233 uniq (100%)
      4. /I2C_SCL: 151 (9.2%), 151 uniq (100%)
      5. /DSPI_MOSI: 133 (8.1%), 133 uniq (100%)
      6. /mcu/STATUS: 62 (3.8%), 62 uniq (100%)
  Extending to N=2: ripping /I2C_SDA...
Probe: forward=5000, backward=5000 iters, trying forward with full iterations...
No route found after 200000 iterations (forward), trying backward...
No route found after 410000 iterations (both directions)
  REROUTE RETRY FAILED (N=2)
    Retry had 9559 blocked cells
  Re-analyzing 9559 blocked cells from N=2 retry:
    Frontier blocked by 6 nets (1351 cells, 1351 unique)
    Coverage: 1351/9559 frontier cells attributed to routed nets; 8208 static/unrippable
    Top blockers:
      1. /mcu/ENABLE_M: 399 (29.5%), 399 uniq (100%)
      2. /mcu/STATUS: 250 (18.5%), 250 uniq (100%)
      3. /PWM5: 237 (17.5%), 237 uniq (100%)
      4. /DSPI_SCK: 182 (13.5%), 182 uniq (100%)
      5. /I2C_SCL: 151 (11.2%), 151 uniq (100%)
      6. /DSPI_MOSI: 132 (9.8%), 132 uniq (100%)
  Extending to N=3: ripping /mcu/ENABLE_M...
Probe: forward=5000, backward=5000 iters, trying forward with full iterations...
No route found after 200000 iterations (forward), trying backward...
No route found after 410000 iterations (both directions)
  REROUTE RETRY FAILED (N=3)
    Retry had 8962 blocked cells
  [91mAll rip-up attempts failed: Restoring 3 net(s)[0m
  RIP-RESTORE (#468): /PWM1 kept its escape stub (2 seg(s), 0 via(s)) -- full restore would short against copper routed since the rip

[REROUTE 20/17 (3 failed)] Re-routing ripped net /PWM0
----------------------------------------
Probe: forward=5000, backward=5000 iters, trying forward with full iterations...
Route found in 133778 iterations, path length: 1468
  REROUTE SUCCESS: 61 segments, 1 vias, length=81.96mm (stubs=0.04mm) (0.11s)

[REROUTE 21/17 (3 failed)] Re-routing ripped net /mcu/RXD0
----------------------------------------
Probe: forward=5000, backward=5000 iters, trying forward with full iterations...
Route found in 193730 iterations, path length: 1002
  REROUTE SUCCESS: 34 segments, 2 vias, length=58.17mm (stubs=0.00mm) (0.13s)

============================================================
Final reconciliation (casualties-only, depth 1): 2 net(s)/pair(s) ripped during routing never re-routed
============================================================
      restore skipped (net 65): saved copper would short other-net copper; left ripped (#134)
      restore skipped (net 67): saved copper would short other-net copper; left ripped (#134)
Probe: forward=5000, backward=5000 iters, trying forward with full iterations...
No route found after 200000 iterations (forward), trying backward...
No route found after 410000 iterations (both directions)
  [91mPARTIAL[0m /PWM1: reroute failed; restored 23 segment(s) + 1 via(s) of its pre-rip route (dropped 9 colliding piece(s)); net remains PARTIAL for a later pass
Probe: forward=5000, backward=5000 iters, trying forward with full iterations...
No route found after 200000 iterations (forward), trying backward...
No route found after 410000 iterations (both directions)
  [91mPARTIAL[0m /PWM3: reroute failed; restored 23 segment(s) + 1 via(s) of its pre-rip route (dropped 15 colliding piece(s)); net remains PARTIAL for a later pass

Per-net fine-parameter rescue (#331/#371): 3 candidate net(s)
  Rescuing /ADC0 (failed, 2 disconnected parts)
Probe: forward=5000, backward=5000 iters, trying forward with full iterations...
No route found after 1000000 iterations (forward), trying backward...
No route found after 1662123 iterations (both directions)
Probe: forward=5000, backward=5000 iters, trying forward with full iterations...
No route found after 1000000 iterations (forward), trying backward...
No route found after 1679952 iterations (both directions)
Probe: forward=5000, backward=5000 iters, trying forward with full iterations...
No route found after 1000000 iterations (forward), trying backward...
No route found after 1687415 iterations (both directions)
    [91mrescue failed[0m (36.1s)
  Rescuing /PWM3 (failed, 2 disconnected parts)
    [93mgap 48.7mm exceeds rescue limit 40mm - skipped[0m
    [91mrescue failed[0m (0.0s)
  Rescuing /mcu/BOOT (failed, 2 disconnected parts)
Probe: forward=5000, backward=5000 iters, trying forward with full iterations...
No route found after 1000000 iterations (forward), trying backward...
No route found after 2010000 iterations (both directions)
Probe: forward=5000, backward=5000 iters, trying forward with full iterations...
No route found after 1000000 iterations (forward), trying backward...
No route found after 2010000 iterations (both directions)
Probe: forward=5000, backward=5000 iters, trying forward with full iterations...
No route found after 1000000 iterations (forward), trying backward...
No route found after 2010000 iterations (both directions)
    [91mrescue failed[0m (34.0s)
Rescue pass: 0 recovered, 0 improved, 3 unchanged (70.2s)
Dropped 2 superseded rip-reroute result(s) from the write-list
Closed 6 stub gap(s) to same-net copper
Dropped 27 orphan routed segment(s) from the board (rip/reroute copper no result references)
Dropped 2 orphan routed via(s) from the board
Cycle prune: removed 22 redundant loop segment(s) across 13 net(s)
Strict collapse: removed 3 redundant segment(s) (superseded parallel/buried copper)
Bridged 2 same-net soft joint(s) with a tiny connector
Stripped 313 stale input segment(s) of ripped/re-routed nets not on the final board (#220)
Stripping 17 stale input via(s) of ripped/re-routed nets not on the final board
[91mCOVERAGE GATE: /PWM1 was disturbed by this run (ripped/stripped) and ships with 1 disconnected pad(s) -- reporting as failed and queuing for the final reconciliation[0m

============================================================
Routing complete
============================================================
  [91mSingle-ended:  3/6 routed (3 FAILED)[0m
  [91mMulti-point:   5/6 pads connected (1 FAILED)[0m
  Total vias:    23
  Total time:    3.81s
  Iterations:    7,376,757

[91mFailed single-ended nets:[0m
  [91m/ADC0[0m
  [91m/mcu/BOOT[0m
  [91m/PWM3[0m

[91mFailed multi-point connections:[0m
  [91m/I2C_SCL: U30 pad ? at (100.15, 88.23) not connected[0m
  [91m/PWM1: J4 pad ? at (76.61, 131.86) not connected[0m

============================================================
FAILED NET HISTORIES
============================================================

/ADC0:
  [0] blocked_by
  [0] Re-route FAILED: all rip-up attempts failed
         Blocked by: /ADC1, /mcu/IO3_STRAP, /PWM2
  [0] Re-route FAILED: no rippable blockers found
  [0] preexisting_blockers
  [0] rescue_failed

/mcu/BOOT:
  [0] blocked_by
  [0] Re-route FAILED: all rip-up attempts failed
         Blocked by: /mcu/EN, /mcu/IO3_STRAP, /mcu/IMON_M
  [0] Re-route FAILED: no rippable blockers found
  [0] preexisting_blockers
  [0] rescue_failed

/PWM3:
  [0] blocked_by
  [0] Re-route succeeded
  [0] Ripped by /PWM0 (rip-up retry N=1)
  [0] rescue_failed
JSON_SUMMARY: {"routed_single": ["/mcu/IO3_STRAP", "/mcu/ENABLE_M", "/PWM0"], "failed_single": ["/ADC0", "/mcu/BOOT", "/PWM3"], "failed_multipoint": [{"net_name": "/I2C_SCL", "failed_pads": [{"component_ref": "U30", "pad_number": "?", "x": 100.14999999999999, "y": 88.232}]}, {"net_name": "/PWM1", "failed_pads": [{"component_ref": "J4", "pad_number": "?", "x": 76.61, "y": 131.862}]}], "multipoint_nets": 2, "multipoint_pads_connected": 5, "multipoint_pads_total": 6, "multipoint_edges_routed": 3, "multipoint_edges_failed": 1, "ripup_success_pairs": [], "rerouted_pairs": [], "single_ended_target_swaps": [], "layer_swaps": 0, "successful": 3, "failed": 3, "total_time": 3.81, "total_iterations": 7376757, "total_vias": 23, "cleanup_disconnected": [], "min_clearance_used": 0.2, "rescue": {"attempted": 3, "recovered": [], "improved": [], "unchanged": ["/ADC0", "/PWM3", "/mcu/BOOT"], "pads_reconnected": 0, "time": 70.15}, "casualty_reconcile": {"attempted": 2, "restored": [], "rerouted": [], "partial": ["/PWM1", "/PWM3"], "unrecovered": []}, "coverage_gate_nets": ["/PWM1"]}

Writing output to C:\dev\ai-ee3\boards\lumina-carrier\work\p7\krtf_leftA.kicad_pcb...
Removed 316 dead-end input segment(s) from the output
Removed 17 stale input via(s) from the output
Successfully wrote C:\dev\ai-ee3\boards\lumina-carrier\work\p7\krtf_leftA.kicad_pcb

Final reconciliation: retrying 5 incomplete net(s) against the finished board: /ADC0, /mcu/BOOT, /PWM3, /I2C_SCL, /PWM1
  Reconciliation rip authority (#103): --rip-existing-nets over hinted blockers /mcu/ENABLE_M
Loading C:\dev\ai-ee3\boards\lumina-carrier\work\p7\krtf_leftA.kicad_pcb...
Using 4 routing layers: ['F.Cu', 'In1.Cu', 'In2.Cu', 'B.Cu']
  Layer costs: F.Cu=1.0x, In1.Cu=-1.0x, In2.Cu=-1.0x, B.Cu=1.0x
No BGA components detected - no exclusion zones needed

Analyzing layer swaps for 1 multi-point net(s) spanning layers...
  Multi-point per-cluster: /PWM3 -> 2 layer(s) (1 stub(s) moved)
Applied 1 multi-point per-cluster assignment(s)

Using MPS ordering strategy...
MPS: Using segment intersection method (no nets on BGA chips)
MPS: 5 nets with 5 crossing conflicts detected
WARNING: Could not find pads for both stub groups in /PWM3 (found 0 pads)
MPS Round 1: 3 units: /PWM3, /mcu/BOOT, /PWM1
MPS Round 2: 1 units: /I2C_SCL
MPS Round 3: 1 units: /ADC0

Routing 5 single-ended net(s)...
============================================================
22 pre-existing net(s) eligible for rip-up: /mcu/FAULT_M, /IMON, /expansion/ID_ADC_CONN, /ID_ADC, /mcu/ENABLE_M, /mcu/EN...
Building base obstacle map...
Base obstacle map built in 11.30s
Found 85 unrouted nets in PCB for stub proximity
Pre-computing net obstacle cache...
Net obstacle cache built in 1.09s (85 nets)

[1/5] Routing /PWM3 (id=67)
----------------------------------------
  Detected multi-point net with 4 pads (Phase 1: main route only)
  Multi-point net Phase 1: routing longest MST edge (pads 1 and 2, length=61.93mm)
  forward stuck (2 < 5000), backward=5000
    forward cell (1689, 2613, layer=1): ok, 0/8 neighbors blocked
    forward cell (1690, 2614, layer=1): ok, 2/8 neighbors blocked
      Blocking obstacles: /PWM5(1)
  Phase 1 edge (pads 1,2) failed after 5002 iterations - trying next MST edge
  Multi-point net Phase 1: retrying with next MST edge (2/3) (pads 0 and 3, length=3.47mm)
  Phase 1 routed in 6573 iterations, 12 segments
  SUCCESS: 12 segments, 0 vias, 6573 iterations, length=6.33mm (stubs=0.33mm) (0.08s)

[2/5] Routing /mcu/BOOT (id=41)
----------------------------------------
Probe: forward=5000, backward=5000 iters, trying forward with full iterations...
No route found after 200000 iterations (forward), trying backward...
No route found after 410000 iterations (both directions)
  FAILED: Could not find route (0.22s)
  Forward direction failed fastest (205000 iterations, 7180 blocked cells)
  Frontier blocked by 7 nets (2265 cells, 2265 unique)
  Coverage: 2265/7180 frontier cells attributed to routed nets; 4915 static/unrippable
  Top blockers:
    1. /mcu/FAULT_M: 742 (32.8%), 742 uniq (100%)
    2. /mcu/EN: 736 (32.5%), 736 uniq (100%)
    3. /mcu/RXD0: 434 (19.2%), 434 uniq (100%)
    4. /PWM2: 138 (6.1%), 138 uniq (100%)
    5. /PWM4: 114 (5.0%), 114 uniq (100%)
    6. /mcu/ENABLE_M: 62 (2.7%), 62 uniq (100%)
    7. /mcu/TXD0: 39 (1.7%), 39 uniq (100%)
  Ripping up /mcu/FAULT_M to retry...
    Ripped /mcu/FAULT_M
Probe: forward=5000, backward=5000 iters, trying forward with full iterations...
No route found after 200000 iterations (forward), trying backward...
No route found after 410000 iterations (both directions)
  RETRY FAILED (N=1)
    Retry had 8280 blocked cells
  Re-analyzing 8280 blocked cells from N=1 retry:
    Frontier blocked by 11 nets (1752 cells, 1752 unique; near: 0 src, 215 tgt)
    Coverage: 1752/8280 frontier cells attributed to routed nets; 6528 static/unrippable
    Top blockers:
      1. /mcu/EN: 414 (23.6%), 414 uniq (100%)
      2. /I2C_SDA: 270 (15.4%), 270 uniq (100%), near: 0 src, 41 tgt
      3. /mcu/ENABLE_M: 194 (11.1%), 194 uniq (100%)
      4. /mcu/RXD0: 173 (9.9%), 173 uniq (100%)
      5. /PWM5: 151 (8.6%), 151 uniq (100%), near: 0 src, 109 tgt
      6. /PWM2: 138 (7.9%), 138 uniq (100%)
      7. /PWM4: 114 (6.5%), 114 uniq (100%)
      8. /ID_ADC: 106 (6.1%), 106 uniq (100%)
      9. /mcu/TXD0: 76 (4.3%), 76 uniq (100%)
      10. /PWM6: 65 (3.7%), 65 uniq (100%), near: 0 src, 65 tgt
      ... and 1 more nets (51 cells)
  Slot-0 guard: re-analysis refutes /mcu/FAULT_M -> retrying /mcu/EN ALONE first
  Ripping up /mcu/EN to retry...
    Ripped /mcu/EN
Probe: forward=5000, backward=5000 iters, trying forward with full iterations...
No route found after 200000 iterations (forward), trying backward...
No route found after 410000 iterations (both directions)
  RETRY FAILED (N=1)
    Retry had 8474 blocked cells
  Re-analyzing 8474 blocked cells from N=1 retry:
    Frontier blocked by 10 nets (1412 cells, 1412 unique; near: 0 src, 215 tgt)
    Coverage: 1412/8474 frontier cells attributed to routed nets; 7062 static/unrippable
    Top blockers:
      1. /mcu/RXD0: 422 (29.9%), 422 uniq (100%)
      2. /I2C_SDA: 270 (19.1%), 270 uniq (100%), near: 0 src, 41 tgt
      3. /PWM2: 138 (9.8%), 138 uniq (100%)
      4. /PWM5: 131 (9.3%), 131 uniq (100%), near: 0 src, 109 tgt
      5. /PWM4: 114 (8.1%), 114 uniq (100%)
      6. /ID_ADC: 106 (7.5%), 106 uniq (100%)
      7. /mcu/ENABLE_M: 90 (6.4%), 90 uniq (100%)
      8. /PWM6: 65 (4.6%), 65 uniq (100%), near: 0 src, 65 tgt
      9. /mcu/IMON_M: 51 (3.6%), 51 uniq (100%)
      10. /mcu/TXD0: 25 (1.8%), 25 uniq (100%)
  Extending to N=2: ripping /mcu/RXD0...
    Ripped /mcu/RXD0
Probe: forward=5000, backward=5000 iters, trying forward with full iterations...
No route found after 200000 iterations (forward), trying backward...
No route found after 410000 iterations (both directions)
  RETRY FAILED (N=2)
    Retry had 8669 blocked cells
  Re-analyzing 8669 blocked cells from N=2 retry:
    Frontier blocked by 9 nets (1644 cells, 1644 unique; near: 0 src, 215 tgt)
    Coverage: 1644/8669 frontier cells attributed to routed nets; 7025 static/unrippable
    Top blockers:
      1. /mcu/STATUS: 329 (20.0%), 329 uniq (100%)
      2. /PWM2: 320 (19.5%), 320 uniq (100%)
      3. /PWM4: 282 (17.2%), 282 uniq (100%)
      4. /I2C_SDA: 270 (16.4%), 270 uniq (100%), near: 0 src, 41 tgt
      5. /PWM5: 131 (8.0%), 131 uniq (100%), near: 0 src, 109 tgt
      6. /ID_ADC: 106 (6.4%), 106 uniq (100%)
      7. /mcu/ENABLE_M: 90 (5.5%), 90 uniq (100%)
      8. /PWM6: 65 (4.0%), 65 uniq (100%), near: 0 src, 65 tgt
      9. /mcu/IMON_M: 51 (3.1%), 51 uniq (100%)
  Extending to N=3: ripping /mcu/STATUS...
    Ripped /mcu/STATUS
Probe: forward=5000, backward=5000 iters, trying forward with full iterations...
No route found after 200000 iterations (forward), trying backward...
No route found after 410000 iterations (both directions)
  RETRY FAILED (N=3)
    Retry had 8733 blocked cells
  [91mAll rip-up attempts failed: Restoring 3 net(s)[0m
  [91mROUTE FAILED - no rippable blockers found[0m
  Hint: the blocking copper belongs to pre-existing net(s) '/PWM0' '/mcu/IO3_STRAP' '/ETH_RSTn' '/eth/1V2O' '/pwr/FLT_LED' '/eth/TOCAP' (committed by an earlier run/step), which this run is not allowed to rip. Retry with --rip-existing-nets '/PWM0' '/mcu/IO3_STRAP' '/ETH_RSTn' '/eth/1V2O' '/pwr/FLT_LED' '/eth/TOCAP' to rip and re-route them in this run (issue #103) -- the decisive blocker may be any of them, so start with the full set (each ripped net is re-routed and the run reports honestly if one cannot be), then bisect if you want a minimal rip.

[3/5 (1 failed)] Routing /PWM1 (id=65)
----------------------------------------
Probe: forward=5000, backward=5000 iters, trying forward with full iterations...
No route found after 200000 iterations (forward), trying backward...
No route found after 410000 iterations (both directions)
  FAILED: Could not find route (0.19s)
  Forward direction failed fastest (205000 iterations, 8543 blocked cells)
  Frontier blocked by 8 nets (2300 cells, 2300 unique; near: 38 src, 0 tgt)
  Coverage: 2300/8543 frontier cells attributed to routed nets; 6243 static/unrippable
  Top blockers:
    1. /PWM2: 577 (25.1%), 577 uniq (100%), near: 38 src, 0 tgt
    2. /PWM4: 577 (25.1%), 577 uniq (100%)
    3. /mcu/ENABLE_M: 368 (16.0%), 368 uniq (100%)
    4. /ID_ADC: 262 (11.4%), 262 uniq (100%)
    5. /PWM7: 185 (8.0%), 185 uniq (100%)
    6. /I2C_SDA: 165 (7.2%), 165 uniq (100%)
    7. /DSPI_MISO: 121 (5.3%), 121 uniq (100%)
    8. /mcu/TXD0: 45 (2.0%), 45 uniq (100%)
  Ripping up /PWM2 to retry...
    Ripped /PWM2
Probe: forward=5000, backward=5000 iters, trying forward with full iterations...
Route found in 127800 iterations, path length: 981
  RETRY SUCCESS (N=1): 49 segments, 1 vias, length=62.90mm

[4/5 (1 failed)] Routing /I2C_SCL (id=70)
----------------------------------------
Probe: forward=5000, backward=5000 iters, trying forward with full iterations...
No route found after 200000 iterations (forward), trying backward...
No route found after 410000 iterations (both directions)
  FAILED: Could not find route (0.22s)
  Forward direction failed fastest (205000 iterations, 6053 blocked cells)
  Frontier blocked by 9 nets (3307 cells, 3307 unique; near: 578 src, 1 tgt)
  Coverage: 3307/6053 frontier cells attributed to routed nets; 2746 static/unrippable
  Top blockers:
    1. /ID_ADC: 1100 (33.3%), 1100 uniq (100%), near: 172 src, 0 tgt
    2. /I2C_SDA: 734 (22.2%), 734 uniq (100%), near: 22 src, 1 tgt
    3. /PWM6: 364 (11.0%), 364 uniq (100%), near: 241 src, 0 tgt
    4. /PWM5: 311 (9.4%), 311 uniq (100%), near: 20 src, 0 tgt
    5. /PWM7: 284 (8.6%), 284 uniq (100%)
    6. /mcu/ENABLE_M: 191 (5.8%), 191 uniq (100%)
    7. /PWM1: 183 (5.5%), 183 uniq (100%), near: 123 src, 0 tgt
    8. /mcu/IMON_M: 122 (3.7%), 122 uniq (100%)
    9. /mcu/TXD0: 18 (0.5%), 18 uniq (100%)
  Ripping up /ID_ADC to retry...
    Ripped /ID_ADC
Probe: forward=5000, backward=5000 iters, trying forward with full iterations...
No route found after 200000 iterations (forward), trying backward...
No route found after 410000 iterations (both directions)
  RETRY FAILED (N=1)
    Retry had 12237 blocked cells
  Re-analyzing 12237 blocked cells from N=1 retry:
    Frontier blocked by 9 nets (3470 cells, 3470 unique; near: 360 src, 502 tgt)
    Coverage: 3470/12237 frontier cells attributed to routed nets; 8767 static/unrippable
    Top blockers:
      1. /I2C_SDA: 825 (23.8%), 825 uniq (100%), near: 22 src, 77 tgt
      2. /mcu/ENABLE_M: 505 (14.6%), 505 uniq (100%), near: 0 src, 114 tgt
      3. /PWM1: 414 (11.9%), 414 uniq (100%), near: 77 src, 0 tgt
      4. /mcu/TXD0: 358 (10.3%), 358 uniq (100%), near: 0 src, 182 tgt
      5. /PWM6: 354 (10.2%), 354 uniq (100%), near: 241 src, 0 tgt
      6. /PWM5: 336 (9.7%), 336 uniq (100%), near: 20 src, 37 tgt
      7. /PWM7: 292 (8.4%), 292 uniq (100%)
      8. /PWM4: 263 (7.6%), 263 uniq (100%), near: 0 src, 74 tgt
      9. /mcu/IMON_M: 123 (3.5%), 123 uniq (100%), near: 0 src, 18 tgt
  Slot-0 guard: re-analysis refutes /ID_ADC -> retrying /I2C_SDA ALONE first
  Ripping up /I2C_SDA to retry...
    Ripped /I2C_SDA
Probe: forward=5000, backward=5000 iters, trying forward with full iterations...
No route found after 200000 iterations (forward), trying backward...
No route found after 410000 iterations (both directions)
  RETRY FAILED (N=1)
    Retry had 13690 blocked cells
  Re-analyzing 13690 blocked cells from N=1 retry:
    Frontier blocked by 9 nets (3400 cells, 3400 unique; near: 322 src, 475 tgt)
    Coverage: 3400/13690 frontier cells attributed to routed nets; 10290 static/unrippable
    Top blockers:
      1. /mcu/ENABLE_M: 764 (22.5%), 764 uniq (100%), near: 0 src, 124 tgt
      2. /PWM1: 658 (19.4%), 658 uniq (100%), near: 68 src, 0 tgt
      3. /PWM5: 542 (15.9%), 542 uniq (100%), near: 17 src, 77 tgt
      4. /mcu/TXD0: 356 (10.5%), 356 uniq (100%), near: 0 src, 182 tgt
      5. /PWM6: 342 (10.1%), 342 uniq (100%), near: 237 src, 0 tgt
      6. /PWM4: 262 (7.7%), 262 uniq (100%), near: 0 src, 74 tgt
      7. /PWM7: 238 (7.0%), 238 uniq (100%)
      8. /DSPI_SCK: 120 (3.5%), 120 uniq (100%)
      9. /mcu/IMON_M: 118 (3.5%), 118 uniq (100%), near: 0 src, 18 tgt
  Extending to N=2: ripping /mcu/ENABLE_M...
    Ripped /mcu/ENABLE_M
Probe: forward=5000, backward=5000 iters, trying forward with full iterations...
No route found after 200000 iterations (forward), trying backward...
Route found in 247314 iterations, path length: 438
  RETRY SUCCESS (N=2): 20 segments, 2 vias, length=29.05mm

[5/5 (1 failed)] Routing /ADC0 (id=21)
----------------------------------------
Probe: forward=5000, backward=5000 iters, trying forward with full iterations...
No route found after 200000 iterations (forward), trying backward...
No route found after 410000 iterations (both directions)
  FAILED: Could not find route (0.21s)
  Forward direction failed fastest (205000 iterations, 6869 blocked cells)
  Frontier blocked by 7 nets (1360 cells, 1360 unique; near: 154 src, 0 tgt)
  Coverage: 1360/6869 frontier cells attributed to routed nets; 5509 static/unrippable
  Top blockers:
    1. /ADC1: 384 (28.2%), 384 uniq (100%)
    2. /PWM1: 300 (22.1%), 300 uniq (100%)
    3. /DSPI_MISO: 221 (16.2%), 221 uniq (100%), near: 107 src, 0 tgt
    4. /PWM5: 196 (14.4%), 196 uniq (100%)
    5. /mcu/TXD0: 112 (8.2%), 112 uniq (100%)
    6. /PWM4: 93 (6.8%), 93 uniq (100%)
    7. /DSPI_MOSI: 54 (4.0%), 54 uniq (100%), near: 47 src, 0 tgt
  Ripping up /ADC1 to retry...
    Ripped /ADC1
Probe: forward=5000, backward=5000 iters, trying forward with full iterations...
No route found after 200000 iterations (forward), trying backward...
No route found after 410000 iterations (both directions)
  RETRY FAILED (N=1)
    Retry had 11786 blocked cells
  Re-analyzing 11786 blocked cells from N=1 retry:
    Frontier blocked by 7 nets (1214 cells, 1214 unique; near: 150 src, 0 tgt)
    Coverage: 1214/11786 frontier cells attributed to routed nets; 10572 static/unrippable
    Top blockers:
      1. /PWM1: 327 (26.9%), 327 uniq (100%)
      2. /I2C_SCL: 271 (22.3%), 271 uniq (100%)
      3. /DSPI_MISO: 221 (18.2%), 221 uniq (100%), near: 107 src, 0 tgt
      4. /PWM5: 196 (16.1%), 196 uniq (100%)
      5. /mcu/TXD0: 112 (9.2%), 112 uniq (100%)
      6. /PWM4: 44 (3.6%), 44 uniq (100%)
      7. /DSPI_MOSI: 43 (3.5%), 43 uniq (100%), near: 43 src, 0 tgt
  Slot-0 guard: re-analysis refutes /ADC1 -> retrying /PWM1 ALONE first
  Ripping up /PWM1 to retry...
    Ripped /PWM1
Probe: forward=5000, backward=5000 iters, trying forward with full iterations...
No route found after 200000 iterations (forward), trying backward...
No route found after 410000 iterations (both directions)
  RETRY FAILED (N=1)
    Retry had 12645 blocked cells
  Re-analyzing 12645 blocked cells from N=1 retry:
    Frontier blocked by 7 nets (1366 cells, 1366 unique; near: 238 src, 0 tgt)
    Coverage: 1366/12645 frontier cells attributed to routed nets; 11279 static/unrippable
    Top blockers:
      1. /PWM4: 362 (26.5%), 362 uniq (100%), near: 89 src, 0 tgt
      2. /I2C_SCL: 313 (22.9%), 313 uniq (100%)
      3. /DSPI_MISO: 221 (16.2%), 221 uniq (100%), near: 107 src, 0 tgt
      4. /PWM5: 196 (14.3%), 196 uniq (100%)
      5. /PWM7: 120 (8.8%), 120 uniq (100%)
      6. /mcu/TXD0: 112 (8.2%), 112 uniq (100%)
      7. /DSPI_MOSI: 42 (3.1%), 42 uniq (100%), near: 42 src, 0 tgt
  Extending to N=2: ripping /PWM4...
    Ripped /PWM4
Probe: forward=5000, backward=5000 iters, trying forward with full iterations...
No route found after 200000 iterations (forward), trying backward...
No route found after 410000 iterations (both directions)
  RETRY FAILED (N=2)
    Retry had 12690 blocked cells
  Re-analyzing 12690 blocked cells from N=2 retry:
    Frontier blocked by 6 nets (1062 cells, 1062 unique; near: 173 src, 0 tgt)
    Coverage: 1062/12690 frontier cells attributed to routed nets; 11628 static/unrippable
    Top blockers:
      1. /I2C_SCL: 308 (29.0%), 308 uniq (100%)
      2. /DSPI_MISO: 246 (23.2%), 246 uniq (100%), near: 132 src, 0 tgt
      3. /PWM5: 242 (22.8%), 242 uniq (100%)
      4. /PWM7: 113 (10.6%), 113 uniq (100%)
      5. /mcu/TXD0: 112 (10.5%), 112 uniq (100%)
      6. /DSPI_MOSI: 41 (3.9%), 41 uniq (100%), near: 41 src, 0 tgt
  Extending to N=3: ripping /I2C_SCL...
    Ripped /I2C_SCL
Probe: forward=5000, backward=5000 iters, trying forward with full iterations...
No route found after 200000 iterations (forward), trying backward...
No route found after 410000 iterations (both directions)
  RETRY FAILED (N=3)
    Retry had 12151 blocked cells
  [91mAll rip-up attempts failed: Restoring 3 net(s)[0m
      restore skipped (net 68): saved copper would short other-net copper; left ripped (#134)
  [91mROUTE FAILED - no rippable blockers found[0m
  Hint: the blocking copper belongs to pre-existing net(s) '/PWM0' '/DSPI_CSn' '/mcu/IO3_STRAP' '/ETH_CSn' '/ETH_MOSI' (committed by an earlier run/step), which this run is not allowed to rip. Retry with --rip-existing-nets '/PWM0' '/DSPI_CSn' '/mcu/IO3_STRAP' '/ETH_CSn' '/ETH_MOSI' to rip and re-route them in this run (issue #103) -- the decisive blocker may be any of them, so start with the full set (each ripped net is re-routed and the run reports honestly if one cannot be), then bisect if you want a minimal rip.

[REROUTE 6/8 (2 failed)] Re-routing ripped net /PWM2
----------------------------------------
Probe: forward=5000, backward=5000 iters, trying forward with full iterations...
Route found in 60335 iterations, path length: 946
  REROUTE SUCCESS: 54 segments, 1 vias, length=59.76mm (stubs=0.00mm) (0.07s)

[REROUTE 7/8 (2 failed)] Re-routing ripped net /I2C_SDA
----------------------------------------
  Multi-point net with 3 pads - routing main + taps
  Multi-point net Phase 1: routing longest MST edge (pads 0 and 2, length=24.62mm)
  Probe: forward=5000, backward=5000 iters, trying forward with full iterations...
  Phase 1 routed in 66215 iterations, 21 segments
  Multi-point net Phase 3: routing 1 remaining MST edges (longest first)
    [1/0] Routing MST edge: pad 0 -> pad 1 (length=22.14mm) target=(98.88, 88.23)
      Probe: forward=5000, backward=5000 iters, trying forward with full iterations...
      No route found after 200000 iterations (forward), trying backward...
      Probe: forward=5000, backward=5000 iters, trying forward with full iterations...
      No route found after 5000 iterations (forward), trying backward...
      [93mFailed to route MST edge after 410000 iterations (0.22s)[0m
    Fallback: attempting orphaned pad 1 directly from connected copper
    [2/0] (1 failed) Routing MST edge: pad 0 -> pad 1 (length=22.14mm) target=(98.88, 88.23)
      Probe: forward=5000, backward=5000 iters, trying forward with full iterations...
      No route found after 200000 iterations (forward), trying backward...
      Probe: forward=5000, backward=5000 iters, trying forward with full iterations...
      No route found after 5000 iterations (forward), trying backward...
      [93mFailed to route MST edge after 410000 iterations (0.22s)[0m
  [93mWarning: 1 pad(s) not connected (1 MST edge(s) failed)[0m
  Phase 3 routing complete: 0 edges, 21 total segments, 1 total vias
    Tap routing: 0 segments, 0 vias
    [91mNOT CONNECTED (so far): /I2C_SDA - U30 pad 11 at (98.88, 88.23) - may still be recovered; final verdict in the end-of-run summary[0m
  REROUTE SUCCESS: 21 segments, 1 vias, length=27.83mm (stubs=0.00mm) (0.51s)

[REROUTE 8/8 (2 failed)] Re-routing ripped net /mcu/ENABLE_M
----------------------------------------
  Multi-point net with 3 pads - routing main + taps
  Multi-point net Phase 1: routing longest MST edge (pads 1 and 2, length=50.40mm)
  Probe: forward=5000, backward=5000 iters, trying forward with full iterations...
  No route found after 200000 iterations (forward), trying backward...
  Phase 1 edge (pads 1,2) failed after 410000 iterations - trying next MST edge
  Multi-point net Phase 1: retrying with next MST edge (2/2) (pads 0 and 1, length=17.11mm)
  Probe: forward=5000, backward=5000 iters, trying forward with full iterations...
  Phase 1 routed in 428062 iterations, 21 segments
  Multi-point net Phase 3: routing 1 remaining MST edges (longest first)
    [1/0] Routing MST edge: pad 1 -> pad 2 (length=50.40mm) target=(102.92, 60.93)
      Probe: forward=5000, backward=5000 iters, trying forward with full iterations...
      No route found after 200000 iterations (forward), trying backward...
      Probe: forward=5000, backward=5000 iters, trying forward with full iterations...
      No route found after 5000 iterations (forward), trying backward...
      [93mFailed to route MST edge after 410000 iterations (0.19s)[0m
    Fallback: attempting orphaned pad 2 directly from connected copper
    [2/0] (1 failed) Routing MST edge: pad 1 -> pad 2 (length=50.40mm) target=(102.92, 60.93)
      Probe: forward=5000, backward=5000 iters, trying forward with full iterations...
      No route found after 200000 iterations (forward), trying backward...
      Probe: forward=5000, backward=5000 iters, trying forward with full iterations...
      No route found after 5000 iterations (forward), trying backward...
      [93mFailed to route MST edge after 410000 iterations (0.19s)[0m
  [93mWarning: 1 pad(s) not connected (1 MST edge(s) failed)[0m
  Phase 3 routing complete: 0 edges, 21 total segments, 2 total vias
    Tap routing: 0 segments, 0 vias
    [91mNOT CONNECTED (so far): /mcu/ENABLE_M - D31 pad 1 at (102.92, 60.93) - may still be recovered; final verdict in the end-of-run summary[0m
  REROUTE SUCCESS: 21 segments, 2 vias, length=21.42mm (stubs=0.00mm) (0.59s)

Sync pcb_data: 2837 -> 2660 (kept stubs) -> 2837 (after adding 177)

============================================================
Multi-point Phase 3: Routing 2 tap connections
============================================================

/PWM3 (net 67):
  Multi-point net Phase 3: routing 2 remaining MST edges (longest first)
    [1/2] Routing MST edge: pad 0 -> pad 1 (length=0.50mm) target=(84.50, 130.70)
      backward stuck (1 < 5000), forward=5000
        backward cell (1690, 2614, layer=1): ok, 2/8 neighbors blocked
          Blocking obstacles: /PWM5(1)
      [93mFailed to route MST edge after 5001 iterations (0.03s)[0m
    Fallback: attempting orphaned pad 1 directly from connected copper
    [2/2] (1 failed) Routing MST edge: pad 0 -> pad 1 (length=0.50mm) target=(84.50, 130.70)
      backward stuck (1 < 5000), forward=5000
        backward cell (1690, 2614, layer=1): ok, 2/8 neighbors blocked
          Blocking obstacles: /PWM5(1)
      [93mFailed to route MST edge after 5001 iterations (0.04s)[0m
    Fallback: attempting orphaned pad 2 directly from connected copper
    [2/2] (1 failed) Routing MST edge: pad 0 -> pad 2 (length=62.43mm) target=(103.96, 88.23)
      Probe: forward=5000, backward=5000 iters, trying forward with full iterations...
      No route found after 200000 iterations (forward), trying backward...
      Probe: forward=5000, backward=5000 iters, trying forward with full iterations...
      No route found after 5000 iterations (forward), trying backward...
      [93mFailed to route MST edge after 410000 iterations (0.21s)[0m
  [93mWarning: 2 pad(s) not connected (2 MST edge(s) failed)[0m
  Phase 3 routing complete: 0 edges, 12 total segments, 0 total vias
    Ripping /PWM6 (net 74) to retry tap route...
  Multi-point net Phase 3: routing 2 remaining MST edges (longest first)
    [3/2] (2 failed) Routing MST edge: pad 0 -> pad 1 (length=0.50mm) target=(84.50, 130.70)
      backward stuck (1 < 5000), forward=5000
        backward cell (1690, 2614, layer=1): ok, 2/8 neighbors blocked
          Blocking obstacles: /PWM5(1)
      [93mFailed to route MST edge after 5001 iterations (0.04s)[0m
    Fallback: attempting orphaned pad 1 directly from connected copper
    [4/2] (3 failed) Routing MST edge: pad 0 -> pad 1 (length=0.50mm) target=(84.50, 130.70)
      backward stuck (1 < 5000), forward=5000
        backward cell (1690, 2614, layer=1): ok, 2/8 neighbors blocked
          Blocking obstacles: /PWM5(1)
      [93mFailed to route MST edge after 5001 iterations (0.04s)[0m
    Fallback: attempting orphaned pad 2 directly from connected copper
    [4/2] (3 failed) Routing MST edge: pad 0 -> pad 2 (length=62.43mm) target=(103.96, 88.23)
      Probe: forward=5000, backward=5000 iters, trying forward with full iterations...
      No route found after 200000 iterations (forward), trying backward...
      Probe: forward=5000, backward=5000 iters, trying forward with full iterations...
      No route found after 5000 iterations (forward), trying backward...
      [93mFailed to route MST edge after 410000 iterations (0.21s)[0m
  [93mWarning: 2 pad(s) not connected (2 MST edge(s) failed)[0m
  Phase 3 routing complete: 0 edges, 12 total segments, 0 total vias
    /PWM3: Retry FAILED (N=1): still 2 failed edges
      Retry had 11839 blocked cells
    Re-analyzing 11839 blocked cells from N=1 retry:
      Frontier blocked by 10 nets (2672 cells, 2672 unique; near: 0 src, 78 tgt)
      Coverage: 2672/11839 frontier cells attributed to routed nets; 9167 static/unrippable
      Top blockers:
        1. /PWM5: 1026 (38.4%), 1026 uniq (100%), near: 0 src, 78 tgt
        2. /PWM7: 431 (16.1%), 431 uniq (100%)
        3. /PWM1: 240 (9.0%), 240 uniq (100%)
        4. /PWM2: 229 (8.6%), 229 uniq (100%)
        5. /I2C_SCL: 228 (8.5%), 228 uniq (100%)
        6. /mcu/TXD0: 227 (8.5%), 227 uniq (100%)
        7. /mcu/ENABLE_M: 128 (4.8%), 128 uniq (100%)
        8. /DSPI_MISO: 121 (4.5%), 121 uniq (100%)
        9. /I2C_SDA: 22 (0.8%), 22 uniq (100%)
        10. /mcu/IMON_M: 20 (0.7%), 20 uniq (100%)
    Extending to N=2: ripping /PWM7 (net 75)...
  Multi-point net Phase 3: routing 2 remaining MST edges (longest first)
    [3/2] (2 failed) Routing MST edge: pad 0 -> pad 1 (length=0.50mm) target=(84.50, 130.70)
      backward stuck (1 < 5000), forward=5000
        backward cell (1690, 2614, layer=1): ok, 2/8 neighbors blocked
          Blocking obstacles: /PWM5(1)
      [93mFailed to route MST edge after 5001 iterations (0.03s)[0m
    Fallback: attempting orphaned pad 1 directly from connected copper
    [4/2] (3 failed) Routing MST edge: pad 0 -> pad 1 (length=0.50mm) target=(84.50, 130.70)
      backward stuck (1 < 5000), forward=5000
        backward cell (1690, 2614, layer=1): ok, 2/8 neighbors blocked
          Blocking obstacles: /PWM5(1)
      [93mFailed to route MST edge after 5001 iterations (0.03s)[0m
    Fallback: attempting orphaned pad 2 directly from connected copper
    [4/2] (3 failed) Routing MST edge: pad 0 -> pad 2 (length=62.43mm) target=(103.96, 88.23)
      Probe: forward=5000, backward=5000 iters, trying forward with full iterations...
      No route found after 200000 iterations (forward), trying backward...
      Probe: forward=5000, backward=5000 iters, trying forward with full iterations...
      No route found after 5000 iterations (forward), trying backward...
      [93mFailed to route MST edge after 410000 iterations (0.20s)[0m
  [93mWarning: 2 pad(s) not connected (2 MST edge(s) failed)[0m
  Phase 3 routing complete: 0 edges, 12 total segments, 0 total vias
    /PWM3: Retry FAILED (N=2): still 2 failed edges
      Retry had 10866 blocked cells
    Re-analyzing 10866 blocked cells from N=2 retry:
      Frontier blocked by 10 nets (2061 cells, 2061 unique; near: 0 src, 78 tgt)
      Coverage: 2061/10866 frontier cells attributed to routed nets; 8805 static/unrippable
      Top blockers:
        1. /PWM5: 697 (33.8%), 697 uniq (100%), near: 0 src, 78 tgt
        2. /I2C_SCL: 241 (11.7%), 241 uniq (100%)
        3. /PWM2: 229 (11.1%), 229 uniq (100%)
        4. /mcu/TXD0: 227 (11.0%), 227 uniq (100%)
        5. /mcu/ENABLE_M: 215 (10.4%), 215 uniq (100%)
        6. /PWM1: 134 (6.5%), 134 uniq (100%)
        7. /DSPI_MISO: 121 (5.9%), 121 uniq (100%)
        8. /DSPI_SCK: 116 (5.6%), 116 uniq (100%)
        9. /I2C_SDA: 61 (3.0%), 61 uniq (100%)
        10. /mcu/IMON_M: 20 (1.0%), 20 uniq (100%)
    Extending to N=3: ripping /I2C_SCL (net 70)...
  Multi-point net Phase 3: routing 2 remaining MST edges (longest first)
    [3/2] (2 failed) Routing MST edge: pad 0 -> pad 1 (length=0.50mm) target=(84.50, 130.70)
      backward stuck (1 < 5000), forward=5000
        backward cell (1690, 2614, layer=1): ok, 2/8 neighbors blocked
          Blocking obstacles: /PWM5(1)
      [93mFailed to route MST edge after 5001 iterations (0.03s)[0m
    Fallback: attempting orphaned pad 1 directly from connected copper
    [4/2] (3 failed) Routing MST edge: pad 0 -> pad 1 (length=0.50mm) target=(84.50, 130.70)
      backward stuck (1 < 5000), forward=5000
        backward cell (1690, 2614, layer=1): ok, 2/8 neighbors blocked
          Blocking obstacles: /PWM5(1)
      [93mFailed to route MST edge after 5001 iterations (0.03s)[0m
    Fallback: attempting orphaned pad 2 directly from connected copper
    [4/2] (3 failed) Routing MST edge: pad 0 -> pad 2 (length=62.43mm) target=(103.96, 88.23)
      Probe: forward=5000, backward=5000 iters, trying forward with full iterations...
      No route found after 200000 iterations (forward), trying backward...
      Routed in 349486 iterations (0.11s)
    [5/2] (3 failed) Routing MST edge: pad 2 -> pad 1 (length=61.93mm) target=(84.50, 130.70)
      backward stuck (1 < 5000), forward=5000
        backward cell (1690, 2614, layer=1): ok, 2/8 neighbors blocked
          Blocking obstacles: /PWM5(1)
      [93mFailed to route MST edge after 5001 iterations (0.04s)[0m
  [93mWarning: 1 pad(s) not connected (2 MST edge(s) failed)[0m
  Phase 3 routing complete: 1 edges, 45 total segments, 2 total vias
    /PWM3: Retry FAILED (N=3): still 2 failed edges
      Retry had 447 blocked cells
    [91m/PWM3: All rip-up attempts failed, restoring 3 net(s)...[0m
  [91mNOT CONNECTED (so far): /PWM3 - ? pad  at (84.50, 130.70) - may still be recovered; final verdict in the end-of-run summary[0m
  [91mNOT CONNECTED (so far): /PWM3 - U30 pad 7 at (103.96, 88.23) - may still be recovered; final verdict in the end-of-run summary[0m
  Net total time: 1.56s, 446575 iterations
Issue #134 recovery: re-routing 1 net(s) left ripped to avoid a short: /PWM4

[REROUTE 9/9] Re-routing ripped net /PWM4
----------------------------------------
Probe: forward=5000, backward=5000 iters, trying forward with full iterations...
No route found after 200000 iterations (forward), trying backward...
No route found after 410000 iterations (both directions)
  REROUTE FAILED: (0.21s) - attempting rip-up and retry...
  Frontier blocked by 6 nets (794 cells, 794 unique; near: 248 src, 0 tgt)
  Coverage: 794/7184 frontier cells attributed to routed nets; 6390 static/unrippable
  Top blockers:
    1. /mcu/TXD0: 287 (36.1%), 287 uniq (100%), near: 143 src, 0 tgt
    2. /PWM2: 223 (28.1%), 223 uniq (100%), near: 57 src, 0 tgt
    3. /PWM1: 134 (16.9%), 134 uniq (100%)
    4. /I2C_SCL: 77 (9.7%), 77 uniq (100%), near: 12 src, 0 tgt
    5. /PWM5: 53 (6.7%), 53 uniq (100%), near: 36 src, 0 tgt
    6. /mcu/IMON_M: 20 (2.5%), 20 uniq (100%)
  Ripping up /mcu/TXD0 to retry reroute...
Probe: forward=5000, backward=5000 iters, trying forward with full iterations...
Route found in 165711 iterations, path length: 1050
  REROUTE RETRY SUCCESS (N=1): 76 segments, 4 vias, length=68.57mm (stubs=0.00mm)

[REROUTE 10/10] Re-routing ripped net /mcu/TXD0
----------------------------------------
Probe: forward=5000, backward=5000 iters, trying forward with full iterations...
Route found in 162503 iterations, path length: 965
  REROUTE SUCCESS: 25 segments, 1 vias, length=55.26mm (stubs=0.00mm) (0.12s)

Per-net fine-parameter rescue (#331/#371): 3 candidate net(s)
  Rescuing /ADC0 (failed, 2 disconnected parts)
Probe: forward=5000, backward=5000 iters, trying forward with full iterations...
No route found after 1000000 iterations (forward), trying backward...
No route found after 1662123 iterations (both directions)
Probe: forward=5000, backward=5000 iters, trying forward with full iterations...
No route found after 1000000 iterations (forward), trying backward...
No route found after 1679952 iterations (both directions)
Probe: forward=5000, backward=5000 iters, trying forward with full iterations...
No route found after 1000000 iterations (forward), trying backward...
No route found after 1687415 iterations (both directions)
    [91mrescue failed[0m (35.8s)
  Rescuing /PWM3 (partial, 2 disconnected parts)
    [93mgap 45.6mm exceeds rescue limit 40mm - skipped[0m
    [91mrescue failed[0m (0.0s)
  Rescuing /mcu/BOOT (failed, 2 disconnected parts)
Probe: forward=5000, backward=5000 iters, trying forward with full iterations...
No route found after 1000000 iterations (forward), trying backward...
No route found after 2010000 iterations (both directions)
Probe: forward=5000, backward=5000 iters, trying forward with full iterations...
No route found after 1000000 iterations (forward), trying backward...
No route found after 2010000 iterations (both directions)
Probe: forward=5000, backward=5000 iters, trying forward with full iterations...
No route found after 1000000 iterations (forward), trying backward...
No route found after 2010000 iterations (both directions)
    [91mrescue failed[0m (34.5s)
Rescue pass: 0 recovered, 0 improved, 3 unchanged (70.2s)
Closed 5 stub gap(s) to same-net copper
Cycle prune: removed 16 redundant loop segment(s) across 8 net(s)
Strict collapse: removed 2 redundant segment(s) (superseded parallel/buried copper)
Stripped 243 stale input segment(s) of ripped/re-routed nets not on the final board (#220)
Stripping 14 stale input via(s) of ripped/re-routed nets not on the final board

============================================================
Routing complete
============================================================
  [91mSingle-ended:  2/5 routed (2 FAILED)[0m
  [91mMulti-point:   5/8 pads connected (3 FAILED)[0m
  Total vias:    12
  Total time:    2.11s
  Iterations:    4,296,299

[91mFailed single-ended nets:[0m
  [91m/mcu/BOOT[0m
  [91m/ADC0[0m

[91mFailed multi-point connections:[0m
  [91m/PWM3: U30 pad ? at (103.96, 88.23) not connected[0m
  [91m/I2C_SDA: U30 pad ? at (98.88, 88.23) not connected[0m
  [91m/mcu/ENABLE_M: D31 pad ? at (102.92, 60.93) not connected[0m

============================================================
FAILED NET HISTORIES
============================================================

/mcu/BOOT:
  [0] blocked_by
  [0] Re-route FAILED: all rip-up attempts failed
         Blocked by: /mcu/EN, /mcu/RXD0, /mcu/STATUS
  [0] Re-route FAILED: no rippable blockers found
  [0] preexisting_blockers
  [0] rescue_failed

/ADC0:
  [0] blocked_by
  [0] Re-route FAILED: all rip-up attempts failed
         Blocked by: /PWM1, /PWM4, /I2C_SCL
  [0] Re-route FAILED: no rippable blockers found
  [0] preexisting_blockers
  [0] rescue_failed
JSON_SUMMARY: {"routed_single": ["/PWM1", "/I2C_SCL"], "failed_single": ["/mcu/BOOT", "/ADC0"], "failed_multipoint": [{"net_name": "/PWM3", "failed_pads": [{"component_ref": "U30", "pad_number": "?", "x": 103.96, "y": 88.232}]}, {"net_name": "/I2C_SDA", "failed_pads": [{"component_ref": "U30", "pad_number": "?", "x": 98.88, "y": 88.232}]}, {"net_name": "/mcu/ENABLE_M", "failed_pads": [{"component_ref": "D31", "pad_number": "?", "x": 102.915, "y": 60.9325}]}], "multipoint_nets": 3, "multipoint_pads_connected": 5, "multipoint_pads_total": 8, "multipoint_edges_routed": 3, "multipoint_edges_failed": 4, "ripup_success_pairs": [], "rerouted_pairs": [], "single_ended_target_swaps": [], "layer_swaps": 1, "successful": 2, "failed": 3, "total_time": 2.11, "total_iterations": 4296299, "total_vias": 12, "cleanup_disconnected": [], "min_clearance_used": 0.2, "rescue": {"attempted": 3, "recovered": [], "improved": [], "unchanged": ["/ADC0", "/PWM3", "/mcu/BOOT"], "pads_reconnected": 0, "time": 70.24}}

Writing output to C:\dev\ai-ee3\boards\lumina-carrier\work\p7\krtf_leftA.kicad_pcb...
Removed 245 dead-end input segment(s) from the output
Removed 14 stale input via(s) from the output
Applied 2 segment layer modifications (layer switching)
Successfully wrote C:\dev\ai-ee3\boards\lumina-carrier\work\p7\krtf_leftA.kicad_pcb
Note: the JSON_SUMMARY above covers only the reconciliation subset; the run's full tally is the earlier JSON_SUMMARY plus these recoveries.
