2026-08-20 02:31:47.028 INFO   Freerouting v2.2.4 (build-date: 2026-05-13)
2026-08-20 02:31:48.403 ERROR  null
java.lang.StackOverflowError
	at app.freerouting.geometry.planar.Line.fast_equals(Line.java:97)
	at app.freerouting.geometry.planar.Simplex.remove_redundant_lines(Simplex.java:886)
	at app.freerouting.geometry.planar.Simplex.get_instance(Simplex.java:47)
	at app.freerouting.geometry.planar.TileShape.get_instance(TileShape.java:21)
	at app.freerouting.geometry.planar.Polyline.offset_shapes(Polyline.java:523)
	at app.freerouting.geometry.planar.Polyline.offset_shape(Polyline.java:570)
	at app.freerouting.board.ShapeSearchTree.offset_shape(ShapeSearchTree.java:959)
	at app.freerouting.board.ShapeSearchTree.calculate_tree_shapes(ShapeSearchTree.java:978)
	at app.freerouting.board.PolylineTrace.calculate_tree_shapes(PolylineTrace.java:126)
	at app.freerouting.board.Item.get_precalculated_tree_shapes(Item.java:202)
	at app.freerouting.board.Item.tree_shape_count(Item.java:183)
	at app.freerouting.datastructures.ShapeTree.insert(ShapeTree.java:40)
	at app.freerouting.board.SearchTreeManager.insert(SearchTreeManager.java:42)
	at app.freerouting.board.PolylineTrace.combine_at_end(PolylineTrace.java:392)
	at app.freerouting.board.PolylineTrace.combine(PolylineTrace.java:178)
	at app.freerouting.board.PolylineTrace.combine(PolylineTrace.java:180)
	at app.freerouting.board.PolylineTrace.combine(PolylineTrace.java:180)
	at app.freerouting.board.PolylineTrace.combine(PolylineTrace.java:180)
	at app.freerouting.board.PolylineTrace.combine(PolylineTrace.java:180)
	at app.freerouting.board.PolylineTrace.combine(PolylineTrace.java:180)
	at app.freerouting.board.PolylineTrace.combine(PolylineTrace.java:180)
	at app.freerouting.board.PolylineTrace.combine(PolylineTrace.java:180)
	at app.freerouting.board.PolylineTrace.combine(PolylineTrace.java:180)
	at app.freerouting.board.PolylineTrace.combine(PolylineTrace.java:180)
	at app.freerouting.board.PolylineTrace.combine(PolylineTrace.java:180)
	at app.freerouting.board.PolylineTrace.combine(PolylineTrace.java:180)
	at app.freerouting.board.PolylineTrace.combine(PolylineTrace.java:180)
	at app.freerouting.board.PolylineTrace.combine(PolylineTrace.java:180)
	at app.freerouting.board.PolylineTrace.combine(PolylineTrace.java:180)
	at app.freerouting.board.PolylineTrace.combine(PolylineTrace.java:180)
	at app.freerouting.board.PolylineTrace.combine(PolylineTrace.java:180)
	at app.freerouting.board.PolylineTrace.combine(PolylineTrace.java:180)
	at app.freerouting.board.PolylineTrace.combine(PolylineTrace.java:180)
	at app.freerouting.board.PolylineTrace.combine(PolylineTrace.java:180)
	at app.freerouting.board.PolylineTrace.combine(PolylineTrace.java:180)
	at app.freerouting.board.PolylineTrace.combine(PolylineTrace.java:180)
	at app.freerouting.board.PolylineTrace.combine(PolylineTrace.java:180)
	at app.freerouting.board.PolylineTrace.combine(PolylineTrace.java:180)
	at app.freerouting.board.PolylineTrace.combine(PolylineTrace.java:180)
	at app.freerouting.board.PolylineTrace.combine(PolylineTrace.java:180)
	at app.freerouting.board.PolylineTrace.combine(PolylineTrace.java:180)
	at app.freerouting.board.PolylineTrace.combine(PolylineTrace.java:180)
	at app.freerouting.board.PolylineTrace.combine(PolylineTrace.java:180)
	at app.freerouting.board.PolylineTrace.combine(PolylineTrace.java:180)
	at app.freerouting.board.PolylineTrace.combine(PolylineTrace.java:180)
	at app.freerouting.board.PolylineTrace.combine(PolylineTrace.java:180)
	at app.freerouting.board.PolylineTrace.combine(PolylineTrace.java:180)
	at app.freerouting.board.PolylineTrace.combine(PolylineTrace.java:180)
	at app.freerouting.board.PolylineTrace.combine(PolylineTrace.java:180)
	at app.freerouting.board.PolylineTrace.combine(PolylineTrace.java:180)
	at app.freerouting.board.PolylineTrace.combine(PolylineTrace.java:180)
	at app.freerouting.board.PolylineTrace.combine(PolylineTrace.java:180)
	at app.freerouting.board.PolylineTrace.combine(PolylineTrace.java:180)
	at app.freerouting.board.PolylineTrace.combine(PolylineTrace.java:180)
	at app.freerouting.board.PolylineTrace.combine(PolylineTrace.java:180)
	at app.freerouting.board.PolylineTrace.combine(PolylineTrace.java:180)
	at app.freerouting.board.PolylineTrace.combine(PolylineTrace.java:180)
	at app.freerouting.board.PolylineTrace.combine(PolylineTrace.java:180)
	at app.freerouting.board.PolylineTrace.combine(PolylineTrace.java:180)
	at app.freerouting.board.PolylineTrace.combine(PolylineTrace.java:180)
	at app.freerouting.board.PolylineTrace.combine(PolylineTrace.java:180)
	at app.freerouting.board.PolylineTrace.combine(PolylineTrace.java:180)
	at app.freerouting.board.PolylineTrace.combine(PolylineTrace.java:180)
	at app.freerouting.board.PolylineTrace.combine(PolylineTrace.java:180)
	at app.freerouting.board.PolylineTrace.combine(PolylineTrace.java:180)
	at app.freerouting.board.PolylineTrace.combine(PolylineTrace.java:180)
	at app.freerouting.board.PolylineTrace.combine(PolylineTrace.java:180)
	at app.freerouting.board.PolylineTrace.combine(PolylineTrace.java:180)
	at app.freerouting.board.PolylineTrace.combine(PolylineTrace.java:180)
	at app.freerouting.board.PolylineTrace.combine(PolylineTrace.java:180)
	at app.freerouting.board.PolylineTrace.combine(PolylineTrace.java:180)
	at app.freerouting.board.PolylineTrace.combine(PolylineTrace.java:180)
	at app.freerouting.board.PolylineTrace.combine(PolylineTrace.java:180)
	at app.freerouting.board.PolylineTrace.combine(PolylineTrace.java:180)
	at app.freerouting.board.PolylineTrace.combine(PolylineTrace.java:180)
	at app.freerouting.board.PolylineTrace.combine(PolylineTrace.java:180)
	at app.freerouting.board.PolylineTrace.combine(PolylineTrace.java:180)
	at app.freerouting.board.PolylineTrace.combine(PolylineTrace.java:180)
	at app.freerouting.board.PolylineTrace.combine(PolylineTrace.java:180)
	at app.freerouting.board.PolylineTrace.combine(PolylineTrace.java:180)
	at app.freerouting.board.PolylineTrace.combine(PolylineTrace.java:180)
	at app.freerouting.board.PolylineTrace.combine(PolylineTrace.java:180)
	at app.freerouting.board.PolylineTrace.combine(PolylineTrace.java:180)
	at app.freerouting.board.PolylineTrace.combine(PolylineTrace.java:180)
	at app.freerouting.board.PolylineTrace.combine(PolylineTrace.java:180)
	at app.freerouting.board.PolylineTrace.combine(PolylineTrace.java:180)
	at app.freerouting.board.PolylineTrace.combine(PolylineTrace.java:180)
	at app.freerouting.board.PolylineTrace.combine(PolylineTrace.java:180)
	at app.freerouting.board.PolylineTrace.combine(PolylineTrace.java:180)
	at app.freerouting.board.PolylineTrace.combine(PolylineTrace.java:180)
	at app.freerouting.board.PolylineTrace.combine(PolylineTrace.java:180)
	at app.freerouting.board.PolylineTrace.combine(PolylineTrace.java:180)
	at app.freerouting.board.PolylineTrace.combine(PolylineTrace.java:180)
	at app.freerouting.board.PolylineTrace.combine(PolylineTrace.java:180)
	at app.freerouting.board.PolylineTrace.combine(PolylineTrace.java:180)
	at app.freerouting.board.PolylineTrace.combine(PolylineTrace.java:180)
	at app.freerouting.board.PolylineTrace.combine(PolylineTrace.java:180)
	at app.freerouting.board.PolylineTrace.combine(PolylineTrace.java:180)
	at app.freerouting.board.PolylineTrace.combine(PolylineTrace.java:180)
	at app.freerouting.board.PolylineTrace.combine(PolylineTrace.java:180)
	at app.freerouting.board.PolylineTrace.combine(PolylineTrace.java:180)
	at app.freerouting.board.PolylineTrace.combine(PolylineTrace.java:180)
	at app.freerouting.board.PolylineTrace.combine(PolylineTrace.java:180)
	at app.freerouting.board.PolylineTrace.combine(PolylineTrace.java:180)
	at app.freerouting.board.PolylineTrace.combine(PolylineTrace.java:180)
	at app.freerouting.board.PolylineTrace.combine(PolylineTrace.java:180)
	at app.freerouting.board.PolylineTrace.combine(PolylineTrace.java:180)
	at app.freerouting.board.PolylineTrace.combine(PolylineTrace.java:180)
	at app.freerouting.board.PolylineTrace.combine(PolylineTrace.java:180)
	at app.freerouting.board.PolylineTrace.combine(PolylineTrace.java:180)
	at app.freerouting.board.PolylineTrace.combine(PolylineTrace.java:180)
	at app.freerouting.board.PolylineTrace.combine(PolylineTrace.java:180)
	at app.freerouting.board.PolylineTrace.combine(PolylineTrace.java:180)
	at app.freerouting.board.PolylineTrace.combine(PolylineTrace.java:180)
	at app.freerouting.board.PolylineTrace.combine(PolylineTrace.java:180)
	at app.freerouting.board.PolylineTrace.combine(PolylineTrace.java:180)
	at app.freerouting.board.PolylineTrace.combine(PolylineTrace.java:180)
	at app.freerouting.board.PolylineTrace.combine(PolylineTrace.java:180)
	at app.freerouting.board.PolylineTrace.combine(PolylineTrace.java:180)
	at app.freerouting.board.PolylineTrace.combine(PolylineTrace.java:180)
	at app.freerouting.board.PolylineTrace.combine(PolylineTrace.java:180)
	at app.freerouting.board.PolylineTrace.combine(PolylineTrace.java:180)
	at app.freerouting.board.PolylineTrace.combine(PolylineTrace.java:180)
	at app.freerouting.board.PolylineTrace.combine(PolylineTrace.java:180)
	at app.freerouting.board.PolylineTrace.combine(PolylineTrace.java:180)
	at app.freerouting.board.PolylineTrace.combine(PolylineTrace.java:180)
	at app.freerouting.board.PolylineTrace.combine(PolylineTrace.java:180)
	at app.freerouting.board.PolylineTrace.combine(PolylineTrace.java:180)
	at app.freerouting.board.PolylineTrace.combine(PolylineTrace.java:180)
	at app.freerouting.board.PolylineTrace.combine(PolylineTrace.java:180)
	at app.freerouting.board.PolylineTrace.combine(PolylineTrace.java:180)
	at app.freerouting.board.PolylineTrace.combine(PolylineTrace.java:180)
	at app.freerouting.board.PolylineTrace.combine(PolylineTrace.java:180)
	at app.freerouting.board.PolylineTrace.combine(PolylineTrace.java:180)
	at app.freerouting.board.PolylineTrace.combine(PolylineTrace.java:180)
	at app.freerouting.board.PolylineTrace.combine(PolylineTrace.java:180)
	at app.freerouting.board.PolylineTrace.combine(PolylineTrace.java:180)
	at app.freerouting.board.PolylineTrace.combine(PolylineTrace.java:180)
	at app.freerouting.board.PolylineTrace.combine(PolylineTrace.java:180)
	at app.freerouting.board.PolylineTrace.combine(PolylineTrace.java:180)
	at app.freerouting.board.PolylineTrace.combine(PolylineTrace.java:180)
	at app.freerouting.board.PolylineTrace.combine(PolylineTrace.java:180)
	at app.freerouting.board.PolylineTrace.combine(PolylineTrace.java:180)
	at app.freerouting.board.PolylineTrace.combine(PolylineTrace.java:180)
	at app.freerouting.board.PolylineTrace.combine(PolylineTrace.java:180)
	at app.freerouting.board.PolylineTrace.combine(PolylineTrace.java:180)
	at app.freerouting.board.PolylineTrace.combine(PolylineTrace.java:180)
	at app.freerouting.board.PolylineTrace.combine(PolylineTrace.java:180)
	at app.freerouting.board.PolylineTrace.combine(PolylineTrace.java:180)
	at app.freerouting.board.PolylineTrace.combine(PolylineTrace.java:180)
	at app.freerouting.board.PolylineTrace.combine(PolylineTrace.java:180)
	at app.freerouting.board.PolylineTrace.combine(PolylineTrace.java:180)
	at app.freerouting.board.PolylineTrace.combine(PolylineTrace.java:180)
	at app.freerouting.board.PolylineTrace.combine(PolylineTrace.java:180)
	at app.freerouting.board.PolylineTrace.combine(PolylineTrace.java:180)
	at app.freerouting.board.PolylineTrace.combine(PolylineTrace.java:180)
	at app.freerouting.board.PolylineTrace.combine(PolylineTrace.java:180)
	at app.freerouting.board.PolylineTrace.combine(PolylineTrace.java:180)
	at app.freerouting.board.PolylineTrace.combine(PolylineTrace.java:180)
	at app.freerouting.board.PolylineTrace.combine(PolylineTrace.java:180)
	at app.freerouting.board.PolylineTrace.combine(PolylineTrace.java:180)
	at app.freerouting.board.PolylineTrace.combine(PolylineTrace.java:180)
	at app.freerouting.board.PolylineTrace.combine(PolylineTrace.java:180)
	at app.freerouting.board.PolylineTrace.combine(PolylineTrace.java:180)
	at app.freerouting.board.PolylineTrace.combine(PolylineTrace.java:180)
	at app.freerouting.board.PolylineTrace.combine(PolylineTrace.java:180)
	at app.freerouting.board.PolylineTrace.combine(PolylineTrace.java:180)
	at app.freerouting.board.PolylineTrace.combine(PolylineTrace.java:180)
	at app.freerouting.board.PolylineTrace.combine(PolylineTrace.java:180)
	at app.freerouting.board.PolylineTrace.combine(PolylineTrace.java:180)
	at app.freerouting.board.PolylineTrace.combine(PolylineTrace.java:180)
	at app.freerouting.board.PolylineTrace.combine(PolylineTrace.java:180)
	at app.freerouting.board.PolylineTrace.combine(PolylineTrace.java:180)
	at app.freerouting.board.PolylineTrace.combine(PolylineTrace.java:180)
	at app.freerouting.board.PolylineTrace.combine(PolylineTrace.java:180)
	at app.freerouting.board.PolylineTrace.combine(PolylineTrace.java:180)
	at app.freerouting.board.PolylineTrace.combine(PolylineTrace.java:180)
	at app.freerouting.board.PolylineTrace.combine(PolylineTrace.java:180)
	at app.freerouting.board.PolylineTrace.combine(PolylineTrace.java:180)
	at app.freerouting.board.PolylineTrace.combine(PolylineTrace.java:180)
	at app.freerouting.board.PolylineTrace.combine(PolylineTrace.java:180)
	at app.freerouting.board.PolylineTrace.combine(PolylineTrace.java:180)
	at app.freerouting.board.PolylineTrace.combine(PolylineTrace.java:180)
	at app.freerouting.board.PolylineTrace.combine(PolylineTrace.java:180)
	at app.freerouting.board.PolylineTrace.combine(PolylineTrace.java:180)
	at app.freerouting.board.PolylineTrace.combine(PolylineTrace.java:180)
	at app.freerouting.board.PolylineTrace.combine(PolylineTrace.java:180)
	at app.freerouting.board.PolylineTrace.combine(PolylineTrace.java:180)
	at app.freerouting.board.PolylineTrace.combine(PolylineTrace.java:180)
	at app.freerouting.board.PolylineTrace.combine(PolylineTrace.java:180)
	at app.freerouting.board.PolylineTrace.combine(PolylineTrace.java:180)
	at app.freerouting.board.PolylineTrace.combine(PolylineTrace.java:180)
	at app.freerouting.board.PolylineTrace.combine(PolylineTrace.java:180)
	at app.freerouting.board.PolylineTrace.combine(PolylineTrace.java:180)
	at app.freerouting.board.PolylineTrace.combine(PolylineTrace.java:180)
	at app.freerouting.board.PolylineTrace.combine(PolylineTrace.java:180)
	at app.freerouting.board.PolylineTrace.combine(PolylineTrace.java:180)
	at app.freerouting.board.PolylineTrace.combine(PolylineTrace.java:180)
	at app.freerouting.board.PolylineTrace.combine(PolylineTrace.java:180)
	at app.freerouting.board.PolylineTrace.combine(PolylineTrace.java:180)
	at app.freerouting.board.PolylineTrace.combine(PolylineTrace.java:180)
	at app.freerouting.board.PolylineTrace.combine(PolylineTrace.java:180)
	at app.freerouting.board.PolylineTrace.combine(PolylineTrace.java:180)
	at app.freerouting.board.PolylineTrace.combine(PolylineTrace.java:180)
	at app.freerouting.board.PolylineTrace.combine(PolylineTrace.java:180)
	at app.freerouting.board.PolylineTrace.combine(PolylineTrace.java:180)
	at app.freerouting.board.PolylineTrace.combine(PolylineTrace.java:180)
	at app.freerouting.board.PolylineTrace.combine(PolylineTrace.java:180)
	at app.freerouting.board.PolylineTrace.combine(PolylineTrace.java:180)
	at app.freerouting.board.PolylineTrace.combine(PolylineTrace.java:180)
	at app.freerouting.board.PolylineTrace.combine(PolylineTrace.java:180)
	at app.freerouting.board.PolylineTrace.combine(PolylineTrace.java:180)
	at app.freerouting.board.PolylineTrace.combine(PolylineTrace.java:180)
	at app.freerouting.board.PolylineTrace.combine(PolylineTrace.java:180)
	at app.freerouting.board.PolylineTrace.combine(PolylineTrace.java:180)
	at app.freerouting.board.PolylineTrace.combine(PolylineTrace.java:180)
	at app.freerouting.board.PolylineTrace.combine(PolylineTrace.java:180)
	at app.freerouting.board.PolylineTrace.combine(PolylineTrace.java:180)
	at app.freerouting.board.PolylineTrace.combine(PolylineTrace.java:180)
	at app.freerouting.board.PolylineTrace.combine(PolylineTrace.java:180)
	at app.freerouting.board.PolylineTrace.combine(PolylineTrace.java:180)
	at app.freerouting.board.PolylineTrace.combine(PolylineTrace.java:180)
	at app.freerouting.board.PolylineTrace.combine(PolylineTrace.java:180)
	at app.freerouting.board.PolylineTrace.combine(PolylineTrace.java:180)
	at app.freerouting.board.PolylineTrace.combine(PolylineTrace.java:180)
	at app.freerouting.board.PolylineTrace.combine(PolylineTrace.java:180)
	at app.freerouting.board.PolylineTrace.combine(PolylineTrace.java:180)
	at app.freerouting.board.PolylineTrace.combine(PolylineTrace.java:180)
	at app.freerouting.board.PolylineTrace.combine(PolylineTrace.java:180)
	at app.freerouting.board.PolylineTrace.combine(PolylineTrace.java:180)
	at app.freerouting.board.PolylineTrace.combine(PolylineTrace.java:180)
	at app.freerouting.board.PolylineTrace.combine(PolylineTrace.java:180)
	at app.freerouting.board.PolylineTrace.combine(PolylineTrace.java:180)
	at app.freerouting.board.PolylineTrace.combine(PolylineTrace.java:180)
	at app.freerouting.board.PolylineTrace.combine(PolylineTrace.java:180)
	at app.freerouting.board.PolylineTrace.combine(PolylineTrace.java:180)
	at app.freerouting.board.PolylineTrace.combine(PolylineTrace.java:180)
	at app.freerouting.board.PolylineTrace.combine(PolylineTrace.java:180)
	at app.freerouting.board.PolylineTrace.combine(PolylineTrace.java:180)
	at app.freerouting.board.PolylineTrace.combine(PolylineTrace.java:180)
	at app.freerouting.board.PolylineTrace.combine(PolylineTrace.java:180)
	at app.freerouting.board.PolylineTrace.combine(PolylineTrace.java:180)
	at app.freerouting.board.PolylineTrace.combine(PolylineTrace.java:180)
	at app.freerouting.board.PolylineTrace.combine(PolylineTrace.java:180)
	at app.freerouting.board.PolylineTrace.combine(PolylineTrace.java:180)
	at app.freerouting.board.PolylineTrace.combine(PolylineTrace.java:180)
	at app.freerouting.board.PolylineTrace.combine(PolylineTrace.java:180)
	at app.freerouting.board.PolylineTrace.combine(PolylineTrace.java:180)
	at app.freerouting.board.PolylineTrace.combine(PolylineTrace.java:180)
	at app.freerouting.board.PolylineTrace.combine(PolylineTrace.java:180)
	at app.freerouting.board.PolylineTrace.combine(PolylineTrace.java:180)
	at app.freerouting.board.PolylineTrace.combine(PolylineTrace.java:180)
	at app.freerouting.board.PolylineTrace.combine(PolylineTrace.java:180)
	at app.freerouting.board.PolylineTrace.combine(PolylineTrace.java:180)
	at app.freerouting.board.PolylineTrace.combine(PolylineTrace.java:180)
	at app.freerouting.board.PolylineTrace.combine(PolylineTrace.java:180)
	at app.freerouting.board.PolylineTrace.combine(PolylineTrace.java:180)
	at app.freerouting.board.PolylineTrace.combine(PolylineTrace.java:180)
	at app.freerouting.board.PolylineTrace.combine(PolylineTrace.java:180)
	at app.freerouting.board.PolylineTrace.combine(PolylineTrace.java:180)
	at app.freerouting.board.PolylineTrace.combine(PolylineTrace.java:180)
	at app.freerouting.board.PolylineTrace.combine(PolylineTrace.java:180)
	at app.freerouting.board.PolylineTrace.combine(PolylineTrace.java:180)
	at app.freerouting.board.PolylineTrace.combine(PolylineTrace.java:180)
	at app.freerouting.board.PolylineTrace.combine(PolylineTrace.java:180)
	at app.freerouting.board.PolylineTrace.combine(PolylineTrace.java:180)
	at app.freerouting.board.PolylineTrace.combine(PolylineTrace.java:180)
	at app.freerouting.board.PolylineTrace.combine(PolylineTrace.java:180)
	at app.freerouting.board.PolylineTrace.combine(PolylineTrace.java:180)
	at app.freerouting.board.PolylineTrace.combine(PolylineTrace.java:180)
	at app.freerouting.board.PolylineTrace.combine(PolylineTrace.java:180)
	at app.freerouting.board.PolylineTrace.combine(PolylineTrace.java:180)
	at app.freerouting.board.PolylineTrace.combine(PolylineTrace.java:180)
	at app.freerouting.board.PolylineTrace.combine(PolylineTrace.java:180)
	at app.freerouting.board.PolylineTrace.combine(PolylineTrace.java:180)
	at app.freerouting.board.PolylineTrace.combine(PolylineTrace.java:180)
	at app.freerouting.board.PolylineTrace.combine(PolylineTrace.java:180)
	at app.freerouting.board.PolylineTrace.combine(PolylineTrace.java:180)
	at app.freerouting.board.PolylineTrace.combine(PolylineTrace.java:180)
	at app.freerouting.board.PolylineTrace.combine(PolylineTrace.java:180)
	at app.freerouting.board.PolylineTrace.combine(PolylineTrace.java:180)
	at app.freerouting.board.PolylineTrace.combine(PolylineTrace.java:180)
	at app.freerouting.board.PolylineTrace.combine(PolylineTrace.java:180)
	at app.freerouting.board.PolylineTrace.combine(PolylineTrace.java:180)
	at app.freerouting.board.PolylineTrace.combine(PolylineTrace.java:180)
	at app.freerouting.board.PolylineTrace.combine(PolylineTrace.java:180)
	at app.freerouting.board.PolylineTrace.combine(PolylineTrace.java:180)
	at app.freerouting.board.PolylineTrace.combine(PolylineTrace.java:180)
	at app.freerouting.board.PolylineTrace.combine(PolylineTrace.java:180)
	at app.freerouting.board.PolylineTrace.combine(PolylineTrace.java:180)
	at app.freerouting.board.PolylineTrace.combine(PolylineTrace.java:180)
	at app.freerouting.board.PolylineTrace.combine(PolylineTrace.java:180)
	at app.freerouting.board.PolylineTrace.combine(PolylineTrace.java:180)
	at app.freerouting.board.PolylineTrace.combine(PolylineTrace.java:180)
	at app.freerouting.board.PolylineTrace.combine(PolylineTrace.java:180)
	at app.freerouting.board.PolylineTrace.combine(PolylineTrace.java:180)
	at app.freerouting.board.PolylineTrace.combine(PolylineTrace.java:180)
	at app.freerouting.board.PolylineTrace.combine(PolylineTrace.java:180)
	at app.freerouting.board.PolylineTrace.combine(PolylineTrace.java:180)
	at app.freerouting.board.PolylineTrace.combine(PolylineTrace.java:180)
	at app.freerouting.board.PolylineTrace.combine(PolylineTrace.java:180)
	at app.freerouting.board.PolylineTrace.combine(PolylineTrace.java:180)
	at app.freerouting.board.PolylineTrace.combine(PolylineTrace.java:180)
	at app.freerouting.board.PolylineTrace.combine(PolylineTrace.java:180)
	at app.freerouting.board.PolylineTrace.combine(PolylineTrace.java:180)
	at app.freerouting.board.PolylineTrace.combine(PolylineTrace.java:180)
	at app.freerouting.board.PolylineTrace.combine(PolylineTrace.java:180)
	at app.freerouting.board.PolylineTrace.combine(PolylineTrace.java:180)
	at app.freerouting.board.PolylineTrace.combine(PolylineTrace.java:180)
	at app.freerouting.board.PolylineTrace.combine(PolylineTrace.java:180)
	at app.freerouting.board.PolylineTrace.combine(PolylineTrace.java:180)
	at app.freerouting.board.PolylineTrace.combine(PolylineTrace.java:180)
	at app.freerouting.board.PolylineTrace.combine(PolylineTrace.java:180)
	at app.freerouting.board.PolylineTrace.combine(PolylineTrace.java:180)
	at app.freerouting.board.PolylineTrace.combine(PolylineTrace.java:180)
	at app.freerouting.board.PolylineTrace.combine(PolylineTrace.java:180)
	at app.freerouting.board.PolylineTrace.combine(PolylineTrace.java:180)
	at app.freerouting.board.PolylineTrace.combine(PolylineTrace.java:180)
	at app.freerouting.board.PolylineTrace.combine(PolylineTrace.java:180)
	at app.freerouting.board.PolylineTrace.combine(PolylineTrace.java:180)
	at app.freerouting.board.PolylineTrace.combine(PolylineTrace.java:180)
	at app.freerouting.board.PolylineTrace.combine(PolylineTrace.java:180)
	at app.freerouting.board.PolylineTrace.combine(PolylineTrace.java:180)
	at app.freerouting.board.PolylineTrace.combine(PolylineTrace.java:180)
	at app.freerouting.board.PolylineTrace.combine(PolylineTrace.java:180)
	at app.freerouting.board.PolylineTrace.combine(PolylineTrace.java:180)
	at app.freerouting.board.PolylineTrace.combine(PolylineTrace.java:180)
	at app.freerouting.board.PolylineTrace.combine(PolylineTrace.java:180)
	at app.freerouting.board.PolylineTrace.combine(PolylineTrace.java:180)
	at app.freerouting.board.PolylineTrace.combine(PolylineTrace.java:180)
	at app.freerouting.board.PolylineTrace.combine(PolylineTrace.java:180)
	at app.freerouting.board.PolylineTrace.combine(PolylineTrace.java:180)
	at app.freerouting.board.PolylineTrace.combine(PolylineTrace.java:180)
	at app.freerouting.board.PolylineTrace.combine(PolylineTrace.java:180)
	at app.freerouting.board.PolylineTrace.combine(PolylineTrace.java:180)
	at app.freerouting.board.PolylineTrace.combine(PolylineTrace.java:180)
	at app.freerouting.board.PolylineTrace.combine(PolylineTrace.java:180)
	at app.freerouting.board.PolylineTrace.combine(PolylineTrace.java:180)
	at app.freerouting.board.PolylineTrace.combine(PolylineTrace.java:180)
	at app.freerouting.board.PolylineTrace.combine(PolylineTrace.java:180)
	at app.freerouting.board.PolylineTrace.combine(PolylineTrace.java:180)
	at app.freerouting.board.PolylineTrace.combine(PolylineTrace.java:180)
	at app.freerouting.board.PolylineTrace.combine(PolylineTrace.java:180)
	at app.freerouting.board.PolylineTrace.combine(PolylineTrace.java:180)
	at app.freerouting.board.PolylineTrace.combine(PolylineTrace.java:180)
	at app.freerouting.board.PolylineTrace.combine(PolylineTrace.java:180)
	at app.freerouting.board.PolylineTrace.combine(PolylineTrace.java:180)
	at app.freerouting.board.PolylineTrace.combine(PolylineTrace.java:180)
	at app.freerouting.board.PolylineTrace.combine(PolylineTrace.java:180)
	at app.freerouting.board.PolylineTrace.combine(PolylineTrace.java:180)
	at app.freerouting.board.PolylineTrace.combine(PolylineTrace.java:180)
	at app.freerouting.board.PolylineTrace.combine(PolylineTrace.java:180)
	at app.freerouting.board.PolylineTrace.combine(PolylineTrace.java:180)
	at app.freerouting.board.PolylineTrace.combine(PolylineTrace.java:180)
	at app.freerouting.board.PolylineTrace.combine(PolylineTrace.java:180)
	at app.freerouting.board.PolylineTrace.combine(PolylineTrace.java:180)
	at app.freerouting.board.PolylineTrace.combine(PolylineTrace.java:180)
	at app.freerouting.board.PolylineTrace.combine(PolylineTrace.java:180)
	at app.freerouting.board.PolylineTrace.combine(PolylineTrace.java:180)
	at app.freerouting.board.PolylineTrace.combine(PolylineTrace.java:180)
	at app.freerouting.board.PolylineTrace.combine(PolylineTrace.java:180)
	at app.freerouting.board.PolylineTrace.combine(PolylineTrace.java:180)
	at app.freerouting.board.PolylineTrace.combine(PolylineTrace.java:180)
	at app.freerouting.board.PolylineTrace.combine(PolylineTrace.java:180)
	at app.freerouting.board.PolylineTrace.combine(PolylineTrace.java:180)
	at app.freerouting.board.PolylineTrace.combine(PolylineTrace.java:180)
	at app.freerouting.board.PolylineTrace.combine(PolylineTrace.java:180)
	at app.freerouting.board.PolylineTrace.combine(PolylineTrace.java:180)
	at app.freerouting.board.PolylineTrace.combine(PolylineTrace.java:180)
	at app.freerouting.board.PolylineTrace.combine(PolylineTrace.java:180)
	at app.freerouting.board.PolylineTrace.combine(PolylineTrace.java:180)
	at app.freerouting.board.PolylineTrace.combine(PolylineTrace.java:180)
	at app.freerouting.board.PolylineTrace.combine(PolylineTrace.java:180)
	at app.freerouting.board.PolylineTrace.combine(PolylineTrace.java:180)
	at app.freerouting.board.PolylineTrace.combine(PolylineTrace.java:180)
	at app.freerouting.board.PolylineTrace.combine(PolylineTrace.java:180)
	at app.freerouting.board.PolylineTrace.combine(PolylineTrace.java:180)
	at app.freerouting.board.PolylineTrace.combine(PolylineTrace.java:180)
	at app.freerouting.board.PolylineTrace.combine(PolylineTrace.java:180)
	at app.freerouting.board.PolylineTrace.combine(PolylineTrace.java:180)
	at app.freerouting.board.PolylineTrace.combine(PolylineTrace.java:180)
	at app.freerouting.board.PolylineTrace.combine(PolylineTrace.java:180)
	at app.freerouting.board.PolylineTrace.combine(PolylineTrace.java:180)
	at app.freerouting.board.PolylineTrace.combine(PolylineTrace.java:180)
	at app.freerouting.board.PolylineTrace.combine(PolylineTrace.java:180)
	at app.freerouting.board.PolylineTrace.combine(PolylineTrace.java:180)
	at app.freerouting.board.PolylineTrace.combine(PolylineTrace.java:180)
	at app.freerouting.board.PolylineTrace.combine(PolylineTrace.java:180)
	at app.freerouting.board.PolylineTrace.combine(PolylineTrace.java:180)
	at app.freerouting.board.PolylineTrace.combine(PolylineTrace.java:180)
	at app.freerouting.board.PolylineTrace.combine(PolylineTrace.java:180)
	at app.freerouting.board.PolylineTrace.combine(PolylineTrace.java:180)
	at app.freerouting.board.PolylineTrace.combine(PolylineTrace.java:180)
	at app.freerouting.board.PolylineTrace.combine(PolylineTrace.java:180)
	at app.freerouting.board.PolylineTrace.combine(PolylineTrace.java:180)
	at app.freerouting.board.PolylineTrace.combine(PolylineTrace.java:180)
	at app.freerouting.board.PolylineTrace.combine(PolylineTrace.java:180)
	at app.freerouting.board.PolylineTrace.combine(PolylineTrace.java:180)
	at app.freerouting.board.PolylineTrace.combine(PolylineTrace.java:180)
	at app.freerouting.board.PolylineTrace.combine(PolylineTrace.java:180)
	at app.freerouting.board.PolylineTrace.combine(PolylineTrace.java:180)
	at app.freerouting.board.PolylineTrace.combine(PolylineTrace.java:180)
	at app.freerouting.board.PolylineTrace.combine(PolylineTrace.java:180)
	at app.freerouting.board.PolylineTrace.combine(PolylineTrace.java:180)
	at app.freerouting.board.PolylineTrace.combine(PolylineTrace.java:180)
	at app.freerouting.board.PolylineTrace.combine(PolylineTrace.java:180)
	at app.freerouting.board.PolylineTrace.combine(PolylineTrace.java:180)
	at app.freerouting.board.PolylineTrace.combine(PolylineTrace.java:180)
	at app.freerouting.board.PolylineTrace.combine(PolylineTrace.java:180)
	at app.freerouting.board.PolylineTrace.combine(PolylineTrace.java:180)
	at app.freerouting.board.PolylineTrace.combine(PolylineTrace.java:180)
	at app.freerouting.board.PolylineTrace.combine(PolylineTrace.java:180)
	at app.freerouting.board.PolylineTrace.combine(PolylineTrace.java:180)
	at app.freerouting.board.PolylineTrace.combine(PolylineTrace.java:180)
	at app.freerouting.board.PolylineTrace.combine(PolylineTrace.java:180)
	at app.freerouting.board.PolylineTrace.combine(PolylineTrace.java:180)
	at app.freerouting.board.PolylineTrace.combine(PolylineTrace.java:180)
	at app.freerouting.board.PolylineTrace.combine(PolylineTrace.java:180)
	at app.freerouting.board.PolylineTrace.combine(PolylineTrace.java:180)
	at app.freerouting.board.PolylineTrace.combine(PolylineTrace.java:180)
	at app.freerouting.board.PolylineTrace.combine(PolylineTrace.java:180)
	at app.freerouting.board.PolylineTrace.combine(PolylineTrace.java:180)
	at app.freerouting.board.PolylineTrace.combine(PolylineTrace.java:180)
	at app.freerouting.board.PolylineTrace.combine(PolylineTrace.java:180)
	at app.freerouting.board.PolylineTrace.combine(PolylineTrace.java:180)
	at app.freerouting.board.PolylineTrace.combine(PolylineTrace.java:180)
	at app.freerouting.board.PolylineTrace.combine(PolylineTrace.java:180)
	at app.freerouting.board.PolylineTrace.combine(PolylineTrace.java:180)
	at app.freerouting.board.PolylineTrace.combine(PolylineTrace.java:180)
	at app.freerouting.board.PolylineTrace.combine(PolylineTrace.java:180)
	at app.freerouting.board.PolylineTrace.combine(PolylineTrace.java:180)
	at app.freerouting.board.PolylineTrace.combine(PolylineTrace.java:180)
	at app.freerouting.board.PolylineTrace.combine(PolylineTrace.java:180)
	at app.freerouting.board.PolylineTrace.combine(PolylineTrace.java:180)
	at app.freerouting.board.PolylineTrace.combine(PolylineTrace.java:180)
	at app.freerouting.board.PolylineTrace.combine(PolylineTrace.java:180)
	at app.freerouting.board.PolylineTrace.combine(PolylineTrace.java:180)
	at app.freerouting.board.PolylineTrace.combine(PolylineTrace.java:180)
	at app.freerouting.board.PolylineTrace.combine(PolylineTrace.java:180)
	at app.freerouting.board.PolylineTrace.combine(PolylineTrace.java:180)
	at app.freerouting.board.PolylineTrace.combine(PolylineTrace.java:180)
	at app.freerouting.board.PolylineTrace.combine(PolylineTrace.java:180)
	at app.freerouting.board.PolylineTrace.combine(PolylineTrace.java:180)
	at app.freerouting.board.PolylineTrace.combine(PolylineTrace.java:180)
	at app.freerouting.board.PolylineTrace.combine(PolylineTrace.java:180)
	at app.freerouting.board.PolylineTrace.combine(PolylineTrace.java:180)
	at app.freerouting.board.PolylineTrace.combine(PolylineTrace.java:180)
	at app.freerouting.board.PolylineTrace.combine(PolylineTrace.java:180)
	at app.freerouting.board.PolylineTrace.combine(PolylineTrace.java:180)
	at app.freerouting.board.PolylineTrace.combine(PolylineTrace.java:180)
	at app.freerouting.board.PolylineTrace.combine(PolylineTrace.java:180)
	at app.freerouting.board.PolylineTrace.combine(PolylineTrace.java:180)
	at app.freerouting.board.PolylineTrace.combine(PolylineTrace.java:180)
	at app.freerouting.board.PolylineTrace.combine(PolylineTrace.java:180)
	at app.freerouting.board.PolylineTrace.combine(PolylineTrace.java:180)
	at app.freerouting.board.PolylineTrace.combine(PolylineTrace.java:180)
	at app.freerouting.board.PolylineTrace.combine(PolylineTrace.java:180)
	at app.freerouting.board.PolylineTrace.combine(PolylineTrace.java:180)
	at app.freerouting.board.PolylineTrace.combine(PolylineTrace.java:180)
	at app.freerouting.board.PolylineTrace.combine(PolylineTrace.java:180)
	at app.freerouting.board.PolylineTrace.combine(PolylineTrace.java:180)
	at app.freerouting.board.PolylineTrace.combine(PolylineTrace.java:180)
	at app.freerouting.board.PolylineTrace.combine(PolylineTrace.java:180)
	at app.freerouting.board.PolylineTrace.combine(PolylineTrace.java:180)
	at app.freerouting.board.PolylineTrace.combine(PolylineTrace.java:180)
	at app.freerouting.board.PolylineTrace.combine(PolylineTrace.java:180)
	at app.freerouting.board.PolylineTrace.combine(PolylineTrace.java:180)
	at app.freerouting.board.PolylineTrace.combine(PolylineTrace.java:180)
	at app.freerouting.board.PolylineTrace.combine(PolylineTrace.java:180)
	at app.freerouting.board.PolylineTrace.combine(PolylineTrace.java:180)
	at app.freerouting.board.PolylineTrace.combine(PolylineTrace.java:180)
	at app.freerouting.board.PolylineTrace.combine(PolylineTrace.java:180)
	at app.freerouting.board.PolylineTrace.combine(PolylineTrace.java:180)
	at app.freerouting.board.PolylineTrace.combine(PolylineTrace.java:180)
	at app.freerouting.board.PolylineTrace.combine(PolylineTrace.java:180)
	at app.freerouting.board.PolylineTrace.combine(PolylineTrace.java:180)
	at app.freerouting.board.PolylineTrace.combine(PolylineTrace.java:180)
	at app.freerouting.board.PolylineTrace.combine(PolylineTrace.java:180)
	at app.freerouting.board.PolylineTrace.combine(PolylineTrace.java:180)
	at app.freerouting.board.PolylineTrace.combine(PolylineTrace.java:180)
	at app.freerouting.board.PolylineTrace.combine(PolylineTrace.java:180)
	at app.freerouting.board.PolylineTrace.combine(PolylineTrace.java:180)
	at app.freerouting.board.PolylineTrace.combine(PolylineTrace.java:180)
	at app.freerouting.board.PolylineTrace.combine(PolylineTrace.java:180)
	at app.freerouting.board.PolylineTrace.combine(PolylineTrace.java:180)
	at app.freerouting.board.PolylineTrace.combine(PolylineTrace.java:180)
	at app.freerouting.board.PolylineTrace.combine(PolylineTrace.java:180)
	at app.freerouting.board.PolylineTrace.combine(PolylineTrace.java:180)
	at app.freerouting.board.PolylineTrace.combine(PolylineTrace.java:180)
	at app.freerouting.board.PolylineTrace.combine(PolylineTrace.java:180)
	at app.freerouting.board.PolylineTrace.combine(PolylineTrace.java:180)
	at app.freerouting.board.PolylineTrace.combine(PolylineTrace.java:180)
	at app.freerouting.board.PolylineTrace.combine(PolylineTrace.java:180)
	at app.freerouting.board.PolylineTrace.combine(PolylineTrace.java:180)
	at app.freerouting.board.PolylineTrace.combine(PolylineTrace.java:180)
	at app.freerouting.board.PolylineTrace.combine(PolylineTrace.java:180)
	at app.freerouting.board.PolylineTrace.combine(PolylineTrace.java:180)
	at app.freerouting.board.PolylineTrace.combine(PolylineTrace.java:180)
	at app.freerouting.board.PolylineTrace.combine(PolylineTrace.java:180)
	at app.freerouting.board.PolylineTrace.combine(PolylineTrace.java:180)
	at app.freerouting.board.PolylineTrace.combine(PolylineTrace.java:180)
	at app.freerouting.board.PolylineTrace.combine(PolylineTrace.java:180)
	at app.freerouting.board.PolylineTrace.combine(PolylineTrace.java:180)
	at app.freerouting.board.PolylineTrace.combine(PolylineTrace.java:180)
	at app.freerouting.board.PolylineTrace.combine(PolylineTrace.java:180)
	at app.freerouting.board.PolylineTrace.combine(PolylineTrace.java:180)
	at app.freerouting.board.PolylineTrace.combine(PolylineTrace.java:180)
	at app.freerouting.board.PolylineTrace.combine(PolylineTrace.java:180)
	at app.freerouting.board.PolylineTrace.combine(PolylineTrace.java:180)
	at app.freerouting.board.PolylineTrace.combine(PolylineTrace.java:180)
	at app.freerouting.board.PolylineTrace.combine(PolylineTrace.java:180)
	at app.freerouting.board.PolylineTrace.combine(PolylineTrace.java:180)
	at app.freerouting.board.PolylineTrace.combine(PolylineTrace.java:180)
	at app.freerouting.board.PolylineTrace.combine(PolylineTrace.java:180)
	at app.freerouting.board.PolylineTrace.combine(PolylineTrace.java:180)
	at app.freerouting.board.PolylineTrace.combine(PolylineTrace.java:180)
	at app.freerouting.board.PolylineTrace.combine(PolylineTrace.java:180)
	at app.freerouting.board.PolylineTrace.combine(PolylineTrace.java:180)
	at app.freerouting.board.PolylineTrace.combine(PolylineTrace.java:180)
	at app.freerouting.board.PolylineTrace.combine(PolylineTrace.java:180)
	at app.freerouting.board.PolylineTrace.combine(PolylineTrace.java:180)
	at app.freerouting.board.PolylineTrace.combine(PolylineTrace.java:180)
	at app.freerouting.board.PolylineTrace.combine(PolylineTrace.java:180)
	at app.freerouting.board.PolylineTrace.combine(PolylineTrace.java:180)
	at app.freerouting.board.PolylineTrace.combine(PolylineTrace.java:180)
	at app.freerouting.board.PolylineTrace.combine(PolylineTrace.java:180)
	at app.freerouting.board.PolylineTrace.combine(PolylineTrace.java:180)
	at app.freerouting.board.PolylineTrace.combine(PolylineTrace.java:180)
	at app.freerouting.board.PolylineTrace.combine(PolylineTrace.java:180)
	at app.freerouting.board.PolylineTrace.combine(PolylineTrace.java:180)
	at app.freerouting.board.PolylineTrace.combine(PolylineTrace.java:180)
	at app.freerouting.board.PolylineTrace.combine(PolylineTrace.java:180)
	at app.freerouting.board.PolylineTrace.combine(PolylineTrace.java:180)
	at app.freerouting.board.PolylineTrace.combine(PolylineTrace.java:180)
	at app.freerouting.board.PolylineTrace.combine(PolylineTrace.java:180)
	at app.freerouting.board.PolylineTrace.combine(PolylineTrace.java:180)
	at app.freerouting.board.PolylineTrace.combine(PolylineTrace.java:180)
	at app.freerouting.board.PolylineTrace.combine(PolylineTrace.java:180)
	at app.freerouting.board.PolylineTrace.combine(PolylineTrace.java:180)
	at app.freerouting.board.PolylineTrace.combine(PolylineTrace.java:180)
	at app.freerouting.board.PolylineTrace.combine(PolylineTrace.java:180)
	at app.freerouting.board.PolylineTrace.combine(PolylineTrace.java:180)
	at app.freerouting.board.PolylineTrace.combine(PolylineTrace.java:180)
	at app.freerouting.board.PolylineTrace.combine(PolylineTrace.java:180)
	at app.freerouting.board.PolylineTrace.combine(PolylineTrace.java:180)
	at app.freerouting.board.PolylineTrace.combine(PolylineTrace.java:180)
	at app.freerouting.board.PolylineTrace.combine(PolylineTrace.java:180)
	at app.freerouting.board.PolylineTrace.combine(PolylineTrace.java:180)
	at app.freerouting.board.PolylineTrace.combine(PolylineTrace.java:180)
	at app.freerouting.board.PolylineTrace.combine(PolylineTrace.java:180)
	at app.freerouting.board.PolylineTrace.combine(PolylineTrace.java:180)
	at app.freerouting.board.PolylineTrace.combine(PolylineTrace.java:180)
	at app.freerouting.board.PolylineTrace.combine(PolylineTrace.java:180)
	at app.freerouting.board.PolylineTrace.combine(PolylineTrace.java:180)
	at app.freerouting.board.PolylineTrace.combine(PolylineTrace.java:180)
	at app.freerouting.board.PolylineTrace.combine(PolylineTrace.java:180)
	at app.freerouting.board.PolylineTrace.combine(PolylineTrace.java:180)
	at app.freerouting.board.PolylineTrace.combine(PolylineTrace.java:180)
	at app.freerouting.board.PolylineTrace.combine(PolylineTrace.java:180)
	at app.freerouting.board.PolylineTrace.combine(PolylineTrace.java:180)
	at app.freerouting.board.PolylineTrace.combine(PolylineTrace.java:180)
	at app.freerouting.board.PolylineTrace.combine(PolylineTrace.java:180)
	at app.freerouting.board.PolylineTrace.combine(PolylineTrace.java:180)
	at app.freerouting.board.PolylineTrace.combine(PolylineTrace.java:180)
	at app.freerouting.board.PolylineTrace.combine(PolylineTrace.java:180)
	at app.freerouting.board.PolylineTrace.combine(PolylineTrace.java:180)
	at app.freerouting.board.PolylineTrace.combine(PolylineTrace.java:180)
	at app.freerouting.board.PolylineTrace.combine(PolylineTrace.java:180)
	at app.freerouting.board.PolylineTrace.combine(PolylineTrace.java:180)
	at app.freerouting.board.PolylineTrace.combine(PolylineTrace.java:180)
	at app.freerouting.board.PolylineTrace.combine(PolylineTrace.java:180)
	at app.freerouting.board.PolylineTrace.combine(PolylineTrace.java:180)
	at app.freerouting.board.PolylineTrace.combine(PolylineTrace.java:180)
	at app.freerouting.board.PolylineTrace.combine(PolylineTrace.java:180)
	at app.freerouting.board.PolylineTrace.combine(PolylineTrace.java:180)
	at app.freerouting.board.PolylineTrace.combine(PolylineTrace.java:180)
	at app.freerouting.board.PolylineTrace.combine(PolylineTrace.java:180)
	at app.freerouting.board.PolylineTrace.combine(PolylineTrace.java:180)
	at app.freerouting.board.PolylineTrace.combine(PolylineTrace.java:180)
	at app.freerouting.board.PolylineTrace.combine(PolylineTrace.java:180)
	at app.freerouting.board.PolylineTrace.combine(PolylineTrace.java:180)
	at app.freerouting.board.PolylineTrace.combine(PolylineTrace.java:180)
	at app.freerouting.board.PolylineTrace.combine(PolylineTrace.java:180)
	at app.freerouting.board.PolylineTrace.combine(PolylineTrace.java:180)
	at app.freerouting.board.PolylineTrace.combine(PolylineTrace.java:180)
	at app.freerouting.board.PolylineTrace.combine(PolylineTrace.java:180)
	at app.freerouting.board.PolylineTrace.combine(PolylineTrace.java:180)
	at app.freerouting.board.PolylineTrace.combine(PolylineTrace.java:180)
	at app.freerouting.board.PolylineTrace.combine(PolylineTrace.java:180)
	at app.freerouting.board.PolylineTrace.combine(PolylineTrace.java:180)
	at app.freerouting.board.PolylineTrace.combine(PolylineTrace.java:180)
	at app.freerouting.board.PolylineTrace.combine(PolylineTrace.java:180)
	at app.freerouting.board.PolylineTrace.combine(PolylineTrace.java:180)
	at app.freerouting.board.PolylineTrace.combine(PolylineTrace.java:180)
	at app.freerouting.board.PolylineTrace.combine(PolylineTrace.java:180)
	at app.freerouting.board.PolylineTrace.combine(PolylineTrace.java:180)
	at app.freerouting.board.PolylineTrace.combine(PolylineTrace.java:180)
	at app.freerouting.board.PolylineTrace.combine(PolylineTrace.java:180)
	at app.freerouting.board.PolylineTrace.combine(PolylineTrace.java:180)
	at app.freerouting.board.PolylineTrace.combine(PolylineTrace.java:180)
	at app.freerouting.board.PolylineTrace.combine(PolylineTrace.java:180)
	at app.freerouting.board.PolylineTrace.combine(PolylineTrace.java:180)
	at app.freerouting.board.PolylineTrace.combine(PolylineTrace.java:180)
	at app.freerouting.board.PolylineTrace.combine(PolylineTrace.java:180)
	at app.freerouting.board.PolylineTrace.combine(PolylineTrace.java:180)
	at app.freerouting.board.PolylineTrace.combine(PolylineTrace.java:180)
	at app.freerouting.board.PolylineTrace.combine(PolylineTrace.java:180)
	at app.freerouting.board.PolylineTrace.combine(PolylineTrace.java:180)
	at app.freerouting.board.PolylineTrace.combine(PolylineTrace.java:180)
	at app.freerouting.board.PolylineTrace.combine(PolylineTrace.java:180)
	at app.freerouting.board.PolylineTrace.combine(PolylineTrace.java:180)
	at app.freerouting.board.PolylineTrace.combine(PolylineTrace.java:180)
	at app.freerouting.board.PolylineTrace.combine(PolylineTrace.java:180)
	at app.freerouting.board.PolylineTrace.combine(PolylineTrace.java:180)
	at app.freerouting.board.PolylineTrace.combine(PolylineTrace.java:180)
	at app.freerouting.board.PolylineTrace.combine(PolylineTrace.java:180)
	at app.freerouting.board.PolylineTrace.combine(PolylineTrace.java:180)
	at app.freerouting.board.PolylineTrace.combine(PolylineTrace.java:180)
	at app.freerouting.board.PolylineTrace.combine(PolylineTrace.java:180)
	at app.freerouting.board.PolylineTrace.combine(PolylineTrace.java:180)
	at app.freerouting.board.PolylineTrace.combine(PolylineTrace.java:180)
	at app.freerouting.board.PolylineTrace.combine(PolylineTrace.java:180)
	at app.freerouting.board.PolylineTrace.combine(PolylineTrace.java:180)
	at app.freerouting.board.PolylineTrace.combine(PolylineTrace.java:180)
	at app.freerouting.board.PolylineTrace.combine(PolylineTrace.java:180)
	at app.freerouting.board.PolylineTrace.combine(PolylineTrace.java:180)
	at app.freerouting.board.PolylineTrace.combine(PolylineTrace.java:180)
	at app.freerouting.board.PolylineTrace.combine(PolylineTrace.java:180)
	at app.freerouting.board.PolylineTrace.combine(PolylineTrace.java:180)
	at app.freerouting.board.PolylineTrace.combine(PolylineTrace.java:180)
	at app.freerouting.board.PolylineTrace.combine(PolylineTrace.java:180)
	at app.freerouting.board.PolylineTrace.combine(PolylineTrace.java:180)
	at app.freerouting.board.PolylineTrace.combine(PolylineTrace.java:180)
	at app.freerouting.board.PolylineTrace.combine(PolylineTrace.java:180)
	at app.freerouting.board.PolylineTrace.combine(PolylineTrace.java:180)
	at app.freerouting.board.PolylineTrace.combine(PolylineTrace.java:180)
	at app.freerouting.board.PolylineTrace.combine(PolylineTrace.java:180)
	at app.freerouting.board.PolylineTrace.combine(PolylineTrace.java:180)
	at app.freerouting.board.PolylineTrace.combine(PolylineTrace.java:180)
	at app.freerouting.board.PolylineTrace.combine(PolylineTrace.java:180)
	at app.freerouting.board.PolylineTrace.combine(PolylineTrace.java:180)
	at app.freerouting.board.PolylineTrace.combine(PolylineTrace.java:180)
	at app.freerouting.board.PolylineTrace.combine(PolylineTrace.java:180)
	at app.freerouting.board.PolylineTrace.combine(PolylineTrace.java:180)
	at app.freerouting.board.PolylineTrace.combine(PolylineTrace.java:180)
	at app.freerouting.board.PolylineTrace.combine(PolylineTrace.java:180)
	at app.freerouting.board.PolylineTrace.combine(PolylineTrace.java:180)
	at app.freerouting.board.PolylineTrace.combine(PolylineTrace.java:180)
	at app.freerouting.board.PolylineTrace.combine(PolylineTrace.java:180)
	at app.freerouting.board.PolylineTrace.combine(PolylineTrace.java:180)
	at app.freerouting.board.PolylineTrace.combine(PolylineTrace.java:180)
	at app.freerouting.board.PolylineTrace.combine(PolylineTrace.java:180)
	at app.freerouting.board.PolylineTrace.combine(PolylineTrace.java:180)
	at app.freerouting.board.PolylineTrace.combine(PolylineTrace.java:180)
	at app.freerouting.board.PolylineTrace.combine(PolylineTrace.java:180)
	at app.freerouting.board.PolylineTrace.combine(PolylineTrace.java:180)
	at app.freerouting.board.PolylineTrace.combine(PolylineTrace.java:180)
	at app.freerouting.board.PolylineTrace.combine(PolylineTrace.java:180)
	at app.freerouting.board.PolylineTrace.combine(PolylineTrace.java:180)
	at app.freerouting.board.PolylineTrace.combine(PolylineTrace.java:180)
	at app.freerouting.board.PolylineTrace.combine(PolylineTrace.java:180)
	at app.freerouting.board.PolylineTrace.combine(PolylineTrace.java:180)
	at app.freerouting.board.PolylineTrace.combine(PolylineTrace.java:180)
	at app.freerouting.board.PolylineTrace.combine(PolylineTrace.java:180)
	at app.freerouting.board.PolylineTrace.combine(PolylineTrace.java:180)
	at app.freerouting.board.PolylineTrace.combine(PolylineTrace.java:180)
	at app.freerouting.board.PolylineTrace.combine(PolylineTrace.java:180)
	at app.freerouting.board.PolylineTrace.combine(PolylineTrace.java:180)
	at app.freerouting.board.PolylineTrace.combine(PolylineTrace.java:180)
	at app.freerouting.board.PolylineTrace.combine(PolylineTrace.java:180)
	at app.freerouting.board.PolylineTrace.combine(PolylineTrace.java:180)
	at app.freerouting.board.PolylineTrace.combine(PolylineTrace.java:180)
	at app.freerouting.board.PolylineTrace.combine(PolylineTrace.java:180)
	at app.freerouting.board.PolylineTrace.combine(PolylineTrace.java:180)
	at app.freerouting.board.PolylineTrace.combine(PolylineTrace.java:180)
	at app.freerouting.board.PolylineTrace.combine(PolylineTrace.java:180)
	at app.freerouting.board.PolylineTrace.combine(PolylineTrace.java:180)
	at app.freerouting.board.PolylineTrace.combine(PolylineTrace.java:180)
	at app.freerouting.board.PolylineTrace.combine(PolylineTrace.java:180)
	at app.freerouting.board.PolylineTrace.combine(PolylineTrace.java:180)
	at app.freerouting.board.PolylineTrace.combine(PolylineTrace.java:180)
	at app.freerouting.board.PolylineTrace.combine(PolylineTrace.java:180)
	at app.freerouting.board.PolylineTrace.combine(PolylineTrace.java:180)
	at app.freerouting.board.PolylineTrace.combine(PolylineTrace.java:180)
	at app.freerouting.board.PolylineTrace.combine(PolylineTrace.java:180)
	at app.freerouting.board.PolylineTrace.combine(PolylineTrace.java:180)
	at app.freerouting.board.PolylineTrace.combine(PolylineTrace.java:180)
	at app.freerouting.board.PolylineTrace.combine(PolylineTrace.java:180)
	at app.freerouting.board.PolylineTrace.combine(PolylineTrace.java:180)
	at app.freerouting.board.PolylineTrace.combine(PolylineTrace.java:180)
	at app.freerouting.board.PolylineTrace.combine(PolylineTrace.java:180)
	at app.freerouting.board.PolylineTrace.combine(PolylineTrace.java:180)
	at app.freerouting.board.PolylineTrace.combine(PolylineTrace.java:180)
	at app.freerouting.board.PolylineTrace.combine(PolylineTrace.java:180)
	at app.freerouting.board.PolylineTrace.combine(PolylineTrace.java:180)
	at app.freerouting.board.PolylineTrace.combine(PolylineTrace.java:180)
	at app.freerouting.board.PolylineTrace.combine(PolylineTrace.java:180)
	at app.freerouting.board.PolylineTrace.combine(PolylineTrace.java:180)
	at app.freerouting.board.PolylineTrace.combine(PolylineTrace.java:180)
	at app.freerouting.board.PolylineTrace.combine(PolylineTrace.java:180)
	at app.freerouting.board.PolylineTrace.combine(PolylineTrace.java:180)
	at app.freerouting.board.PolylineTrace.combine(PolylineTrace.java:180)
	at app.freerouting.board.PolylineTrace.combine(PolylineTrace.java:180)
	at app.freerouting.board.PolylineTrace.combine(PolylineTrace.java:180)
	at app.freerouting.board.PolylineTrace.combine(PolylineTrace.java:180)
	at app.freerouting.board.PolylineTrace.combine(PolylineTrace.java:180)
	at app.freerouting.board.PolylineTrace.combine(PolylineTrace.java:180)
	at app.freerouting.board.PolylineTrace.combine(PolylineTrace.java:180)
	at app.freerouting.board.PolylineTrace.combine(PolylineTrace.java:180)
	at app.freerouting.board.PolylineTrace.combine(PolylineTrace.java:180)
	at app.freerouting.board.PolylineTrace.combine(PolylineTrace.java:180)
	at app.freerouting.board.PolylineTrace.combine(PolylineTrace.java:180)
	at app.freerouting.board.PolylineTrace.combine(PolylineTrace.java:180)
	at app.freerouting.board.PolylineTrace.combine(PolylineTrace.java:180)
	at app.freerouting.board.PolylineTrace.combine(PolylineTrace.java:180)
	at app.freerouting.board.PolylineTrace.combine(PolylineTrace.java:180)
	at app.freerouting.board.PolylineTrace.combine(PolylineTrace.java:180)
	at app.freerouting.board.PolylineTrace.combine(PolylineTrace.java:180)
	at app.freerouting.board.PolylineTrace.combine(PolylineTrace.java:180)
	at app.freerouting.board.PolylineTrace.combine(PolylineTrace.java:180)
	at app.freerouting.board.PolylineTrace.combine(PolylineTrace.java:180)
	at app.freerouting.board.PolylineTrace.combine(PolylineTrace.java:180)
	at app.freerouting.board.PolylineTrace.combine(PolylineTrace.java:180)
	at app.freerouting.board.PolylineTrace.combine(PolylineTrace.java:180)
	at app.freerouting.board.PolylineTrace.combine(PolylineTrace.java:180)
	at app.freerouting.board.PolylineTrace.combine(PolylineTrace.java:180)
	at app.freerouting.board.PolylineTrace.combine(PolylineTrace.java:180)
	at app.freerouting.board.PolylineTrace.combine(PolylineTrace.java:180)
	at app.freerouting.board.PolylineTrace.combine(PolylineTrace.java:180)
	at app.freerouting.board.PolylineTrace.combine(PolylineTrace.java:180)
	at app.freerouting.board.PolylineTrace.combine(PolylineTrace.java:180)
	at app.freerouting.board.PolylineTrace.combine(PolylineTrace.java:180)
	at app.freerouting.board.PolylineTrace.combine(PolylineTrace.java:180)
	at app.freerouting.board.PolylineTrace.combine(PolylineTrace.java:180)
	at app.freerouting.board.PolylineTrace.combine(PolylineTrace.java:180)
	at app.freerouting.board.PolylineTrace.combine(PolylineTrace.java:180)
	at app.freerouting.board.PolylineTrace.combine(PolylineTrace.java:180)
	at app.freerouting.board.PolylineTrace.combine(PolylineTrace.java:180)
	at app.freerouting.board.PolylineTrace.combine(PolylineTrace.java:180)
	at app.freerouting.board.PolylineTrace.combine(PolylineTrace.java:180)
	at app.freerouting.board.PolylineTrace.combine(PolylineTrace.java:180)
	at app.freerouting.board.PolylineTrace.combine(PolylineTrace.java:180)
	at app.freerouting.board.PolylineTrace.combine(PolylineTrace.java:180)
	at app.freerouting.board.PolylineTrace.combine(PolylineTrace.java:180)
	at app.freerouting.board.PolylineTrace.combine(PolylineTrace.java:180)
	at app.freerouting.board.PolylineTrace.combine(PolylineTrace.java:180)
	at app.freerouting.board.PolylineTrace.combine(PolylineTrace.java:180)
	at app.freerouting.board.PolylineTrace.combine(PolylineTrace.java:180)
	at app.freerouting.board.PolylineTrace.combine(PolylineTrace.java:180)
	at app.freerouting.board.PolylineTrace.combine(PolylineTrace.java:180)
	at app.freerouting.board.PolylineTrace.combine(PolylineTrace.java:180)
	at app.freerouting.board.PolylineTrace.combine(PolylineTrace.java:180)
	at app.freerouting.board.PolylineTrace.combine(PolylineTrace.java:180)
	at app.freerouting.board.PolylineTrace.combine(PolylineTrace.java:180)
	at app.freerouting.board.PolylineTrace.combine(PolylineTrace.java:180)
	at app.freerouting.board.PolylineTrace.combine(PolylineTrace.java:180)
	at app.freerouting.board.PolylineTrace.combine(PolylineTrace.java:180)
	at app.freerouting.board.PolylineTrace.combine(PolylineTrace.java:180)
	at app.freerouting.board.PolylineTrace.combine(PolylineTrace.java:180)
	at app.freerouting.board.PolylineTrace.combine(PolylineTrace.java:180)
	at app.freerouting.board.PolylineTrace.combine(PolylineTrace.java:180)
	at app.freerouting.board.PolylineTrace.combine(PolylineTrace.java:180)
	at app.freerouting.board.PolylineTrace.combine(PolylineTrace.java:180)
	at app.freerouting.board.PolylineTrace.combine(PolylineTrace.java:180)
	at app.freerouting.board.PolylineTrace.combine(PolylineTrace.java:180)
	at app.freerouting.board.PolylineTrace.combine(PolylineTrace.java:180)
	at app.freerouting.board.PolylineTrace.combine(PolylineTrace.java:180)
	at app.freerouting.board.PolylineTrace.combine(PolylineTrace.java:180)
	at app.freerouting.board.PolylineTrace.combine(PolylineTrace.java:180)
	at app.freerouting.board.PolylineTrace.combine(PolylineTrace.java:180)
	at app.freerouting.board.PolylineTrace.combine(PolylineTrace.java:180)
	at app.freerouting.board.PolylineTrace.combine(PolylineTrace.java:180)
	at app.freerouting.board.PolylineTrace.combine(PolylineTrace.java:180)
	at app.freerouting.board.PolylineTrace.combine(PolylineTrace.java:180)
	at app.freerouting.board.PolylineTrace.combine(PolylineTrace.java:180)
	at app.freerouting.board.PolylineTrace.combine(PolylineTrace.java:180)
	at app.freerouting.board.PolylineTrace.combine(PolylineTrace.java:180)
	at app.freerouting.board.PolylineTrace.combine(PolylineTrace.java:180)
	at app.freerouting.board.PolylineTrace.combine(PolylineTrace.java:180)
	at app.freerouting.board.PolylineTrace.combine(PolylineTrace.java:180)
	at app.freerouting.board.PolylineTrace.combine(PolylineTrace.java:180)
	at app.freerouting.board.PolylineTrace.combine(PolylineTrace.java:180)
	at app.freerouting.board.PolylineTrace.combine(PolylineTrace.java:180)
	at app.freerouting.board.PolylineTrace.combine(PolylineTrace.java:180)
	at app.freerouting.board.PolylineTrace.combine(PolylineTrace.java:180)
	at app.freerouting.board.PolylineTrace.combine(PolylineTrace.java:180)
	at app.freerouting.board.PolylineTrace.combine(PolylineTrace.java:180)
	at app.freerouting.board.PolylineTrace.combine(PolylineTrace.java:180)
	at app.freerouting.board.PolylineTrace.combine(PolylineTrace.java:180)
	at app.freerouting.board.PolylineTrace.combine(PolylineTrace.java:180)
	at app.freerouting.board.PolylineTrace.combine(PolylineTrace.java:180)
	at app.freerouting.board.PolylineTrace.combine(PolylineTrace.java:180)
	at app.freerouting.board.PolylineTrace.combine(PolylineTrace.java:180)
	at app.freerouting.board.PolylineTrace.combine(PolylineTrace.java:180)
	at app.freerouting.board.PolylineTrace.combine(PolylineTrace.java:180)
	at app.freerouting.board.PolylineTrace.combine(PolylineTrace.java:180)
	at app.freerouting.board.PolylineTrace.combine(PolylineTrace.java:180)
	at app.freerouting.board.PolylineTrace.combine(PolylineTrace.java:180)
	at app.freerouting.board.PolylineTrace.combine(PolylineTrace.java:180)
	at app.freerouting.board.PolylineTrace.combine(PolylineTrace.java:180)
	at app.freerouting.board.PolylineTrace.combine(PolylineTrace.java:180)
	at app.freerouting.board.PolylineTrace.combine(PolylineTrace.java:180)
	at app.freerouting.board.PolylineTrace.combine(PolylineTrace.java:180)
	at app.freerouting.board.PolylineTrace.combine(PolylineTrace.java:180)
	at app.freerouting.board.PolylineTrace.combine(PolylineTrace.java:180)
	at app.freerouting.board.PolylineTrace.combine(PolylineTrace.java:180)
	at app.freerouting.board.PolylineTrace.combine(PolylineTrace.java:180)
	at app.freerouting.board.PolylineTrace.combine(PolylineTrace.java:180)
	at app.freerouting.board.PolylineTrace.combine(PolylineTrace.java:180)
	at app.freerouting.board.PolylineTrace.combine(PolylineTrace.java:180)
	at app.freerouting.board.PolylineTrace.combine(PolylineTrace.java:180)
	at app.freerouting.board.PolylineTrace.combine(PolylineTrace.java:180)
	at app.freerouting.board.PolylineTrace.combine(PolylineTrace.java:180)
	at app.freerouting.board.PolylineTrace.combine(PolylineTrace.java:180)
	at app.freerouting.board.PolylineTrace.combine(PolylineTrace.java:180)
	at app.freerouting.board.PolylineTrace.combine(PolylineTrace.java:180)
	at app.freerouting.board.PolylineTrace.combine(PolylineTrace.java:180)
	at app.freerouting.board.PolylineTrace.combine(PolylineTrace.java:180)
	at app.freerouting.board.PolylineTrace.combine(PolylineTrace.java:180)
	at app.freerouting.board.PolylineTrace.combine(PolylineTrace.java:180)
	at app.freerouting.board.PolylineTrace.combine(PolylineTrace.java:180)
	at app.freerouting.board.PolylineTrace.combine(PolylineTrace.java:180)
	at app.freerouting.board.PolylineTrace.combine(PolylineTrace.java:180)
	at app.freerouting.board.PolylineTrace.combine(PolylineTrace.java:180)
	at app.freerouting.board.PolylineTrace.combine(PolylineTrace.java:180)
	at app.freerouting.board.PolylineTrace.combine(PolylineTrace.java:180)
	at app.freerouting.board.PolylineTrace.combine(PolylineTrace.java:180)
	at app.freerouting.board.PolylineTrace.combine(PolylineTrace.java:180)
	at app.freerouting.board.PolylineTrace.combine(PolylineTrace.java:180)
	at app.freerouting.board.PolylineTrace.combine(PolylineTrace.java:180)
	at app.freerouting.board.PolylineTrace.combine(PolylineTrace.java:180)
	at app.freerouting.board.PolylineTrace.combine(PolylineTrace.java:180)
	at app.freerouting.board.PolylineTrace.combine(PolylineTrace.java:180)
	at app.freerouting.board.PolylineTrace.combine(PolylineTrace.java:180)
	at app.freerouting.board.PolylineTrace.combine(PolylineTrace.java:180)
	at app.freerouting.board.PolylineTrace.combine(PolylineTrace.java:180)
	at app.freerouting.board.PolylineTrace.combine(PolylineTrace.java:180)
	at app.freerouting.board.PolylineTrace.combine(PolylineTrace.java:180)
	at app.freerouting.board.PolylineTrace.combine(PolylineTrace.java:180)
	at app.freerouting.board.PolylineTrace.combine(PolylineTrace.java:180)
	at app.freerouting.board.PolylineTrace.combine(PolylineTrace.java:180)
	at app.freerouting.board.PolylineTrace.combine(PolylineTrace.java:180)
	at app.freerouting.board.PolylineTrace.combine(PolylineTrace.java:180)
	at app.freerouting.board.PolylineTrace.combine(PolylineTrace.java:180)
	at app.freerouting.board.PolylineTrace.combine(PolylineTrace.java:180)
	at app.freerouting.board.PolylineTrace.combine(PolylineTrace.java:180)
	at app.freerouting.board.PolylineTrace.combine(PolylineTrace.java:180)
	at app.freerouting.board.PolylineTrace.combine(PolylineTrace.java:180)
	at app.freerouting.board.PolylineTrace.combine(PolylineTrace.java:180)
	at app.freerouting.board.PolylineTrace.combine(PolylineTrace.java:180)
	at app.freerouting.board.PolylineTrace.combine(PolylineTrace.java:180)
	at app.freerouting.board.PolylineTrace.combine(PolylineTrace.java:180)
	at app.freerouting.board.PolylineTrace.combine(PolylineTrace.java:180)
	at app.freerouting.board.PolylineTrace.combine(PolylineTrace.java:180)
	at app.freerouting.board.PolylineTrace.combine(PolylineTrace.java:180)
	at app.freerouting.board.PolylineTrace.combine(PolylineTrace.java:180)
	at app.freerouting.board.PolylineTrace.combine(PolylineTrace.java:180)
	at app.freerouting.board.PolylineTrace.combine(PolylineTrace.java:180)
	at app.freerouting.board.PolylineTrace.combine(PolylineTrace.java:180)
	at app.freerouting.board.PolylineTrace.combine(PolylineTrace.java:180)
	at app.freerouting.board.PolylineTrace.combine(PolylineTrace.java:180)
	at app.freerouting.board.PolylineTrace.combine(PolylineTrace.java:180)
	at app.freerouting.board.PolylineTrace.combine(PolylineTrace.java:180)
	at app.freerouting.board.PolylineTrace.combine(PolylineTrace.java:180)
	at app.freerouting.board.PolylineTrace.combine(PolylineTrace.java:180)
	at app.freerouting.board.PolylineTrace.combine(PolylineTrace.java:180)
	at app.freerouting.board.PolylineTrace.combine(PolylineTrace.java:180)
	at app.freerouting.board.PolylineTrace.combine(PolylineTrace.java:180)
	at app.freerouting.board.PolylineTrace.combine(PolylineTrace.java:180)
	at app.freerouting.board.PolylineTrace.combine(PolylineTrace.java:180)
	at app.freerouting.board.PolylineTrace.combine(PolylineTrace.java:180)
	at app.freerouting.board.PolylineTrace.combine(PolylineTrace.java:180)
	at app.freerouting.board.PolylineTrace.combine(PolylineTrace.java:180)
	at app.freerouting.board.PolylineTrace.combine(PolylineTrace.java:180)
	at app.freerouting.board.PolylineTrace.combine(PolylineTrace.java:180)
	at app.freerouting.board.PolylineTrace.combine(PolylineTrace.java:180)
	at app.freerouting.board.PolylineTrace.combine(PolylineTrace.java:180)
	at app.freerouting.board.PolylineTrace.combine(PolylineTrace.java:180)
	at app.freerouting.board.PolylineTrace.combine(PolylineTrace.java:180)
	at app.freerouting.board.PolylineTrace.combine(PolylineTrace.java:180)
	at app.freerouting.board.PolylineTrace.combine(PolylineTrace.java:180)
	at app.freerouting.board.PolylineTrace.combine(PolylineTrace.java:180)
	at app.freerouting.board.PolylineTrace.combine(PolylineTrace.java:180)
	at app.freerouting.board.PolylineTrace.combine(PolylineTrace.java:180)
	at app.freerouting.board.PolylineTrace.combine(PolylineTrace.java:180)
	at app.freerouting.board.PolylineTrace.combine(PolylineTrace.java:180)
	at app.freerouting.board.PolylineTrace.combine(PolylineTrace.java:180)
	at app.freerouting.board.PolylineTrace.combine(PolylineTrace.java:180)
	at app.freerouting.board.PolylineTrace.combine(PolylineTrace.java:180)
	at app.freerouting.board.PolylineTrace.combine(PolylineTrace.java:180)
	at app.freerouting.board.PolylineTrace.combine(PolylineTrace.java:180)
	at app.freerouting.board.PolylineTrace.combine(PolylineTrace.java:180)
	at app.freerouting.board.PolylineTrace.combine(PolylineTrace.java:180)
	at app.freerouting.board.PolylineTrace.combine(PolylineTrace.java:180)
	at app.freerouting.board.PolylineTrace.combine(PolylineTrace.java:180)
	at app.freerouting.board.PolylineTrace.combine(PolylineTrace.java:180)
	at app.freerouting.board.PolylineTrace.combine(PolylineTrace.java:180)
	at app.freerouting.board.PolylineTrace.combine(PolylineTrace.java:180)
	at app.freerouting.board.PolylineTrace.combine(PolylineTrace.java:180)
	at app.freerouting.board.PolylineTrace.combine(PolylineTrace.java:180)
	at app.freerouting.board.PolylineTrace.combine(PolylineTrace.java:180)
	at app.freerouting.board.PolylineTrace.combine(PolylineTrace.java:180)
	at app.freerouting.board.PolylineTrace.combine(PolylineTrace.java:180)
	at app.freerouting.board.PolylineTrace.combine(PolylineTrace.java:180)
	at app.freerouting.board.PolylineTrace.combine(PolylineTrace.java:180)
	at app.freerouting.board.PolylineTrace.combine(PolylineTrace.java:180)
	at app.freerouting.board.PolylineTrace.combine(PolylineTrace.java:180)
	at app.freerouting.board.PolylineTrace.combine(PolylineTrace.java:180)
	at app.freerouting.board.PolylineTrace.combine(PolylineTrace.java:180)
	at app.freerouting.board.PolylineTrace.combine(PolylineTrace.java:180)
	at app.freerouting.board.PolylineTrace.combine(PolylineTrace.java:180)
	at app.freerouting.board.PolylineTrace.combine(PolylineTrace.java:180)
	at app.freerouting.board.PolylineTrace.combine(PolylineTrace.java:180)
	at app.freerouting.board.PolylineTrace.combine(PolylineTrace.java:180)
	at app.freerouting.board.PolylineTrace.combine(PolylineTrace.java:180)
	at app.freerouting.board.PolylineTrace.combine(PolylineTrace.java:180)
	at app.freerouting.board.PolylineTrace.combine(PolylineTrace.java:180)
	at app.freerouting.board.PolylineTrace.combine(PolylineTrace.java:180)
	at app.freerouting.board.PolylineTrace.combine(PolylineTrace.java:180)
	at app.freerouting.board.PolylineTrace.combine(PolylineTrace.java:180)
	at app.freerouting.board.PolylineTrace.combine(PolylineTrace.java:180)
	at app.freerouting.board.PolylineTrace.combine(PolylineTrace.java:180)
	at app.freerouting.board.PolylineTrace.combine(PolylineTrace.java:180)
	at app.freerouting.board.PolylineTrace.combine(PolylineTrace.java:180)
	at app.freerouting.board.PolylineTrace.combine(PolylineTrace.java:180)
	at app.freerouting.board.PolylineTrace.combine(PolylineTrace.java:180)
	at app.freerouting.board.PolylineTrace.combine(PolylineTrace.java:180)
	at app.freerouting.board.PolylineTrace.combine(PolylineTrace.java:180)
	at app.freerouting.board.PolylineTrace.combine(PolylineTrace.java:180)
	at app.freerouting.board.PolylineTrace.combine(PolylineTrace.java:180)
	at app.freerouting.board.PolylineTrace.combine(PolylineTrace.java:180)
	at app.freerouting.board.PolylineTrace.combine(PolylineTrace.java:180)
	at app.freerouting.board.PolylineTrace.combine(PolylineTrace.java:180)
	at app.freerouting.board.PolylineTrace.combine(PolylineTrace.java:180)
	at app.freerouting.board.PolylineTrace.combine(PolylineTrace.java:180)
	at app.freerouting.board.PolylineTrace.combine(PolylineTrace.java:180)
	at app.freerouting.board.PolylineTrace.combine(PolylineTrace.java:180)
	at app.freerouting.board.PolylineTrace.combine(PolylineTrace.java:180)
	at app.freerouting.board.PolylineTrace.combine(PolylineTrace.java:180)
	at app.freerouting.board.PolylineTrace.combine(PolylineTrace.java:180)
	at app.freerouting.board.PolylineTrace.combine(PolylineTrace.java:180)
	at app.freerouting.board.PolylineTrace.combine(PolylineTrace.java:180)
	at app.freerouting.board.PolylineTrace.combine(PolylineTrace.java:180)
	at app.freerouting.board.PolylineTrace.combine(PolylineTrace.java:180)
	at app.freerouting.board.PolylineTrace.combine(PolylineTrace.java:180)
	at app.freerouting.board.PolylineTrace.combine(PolylineTrace.java:180)
	at app.freerouting.board.PolylineTrace.combine(PolylineTrace.java:180)
	at app.freerouting.board.PolylineTrace.combine(PolylineTrace.java:180)
	at app.freerouting.board.PolylineTrace.combine(PolylineTrace.java:180)
	at app.freerouting.board.PolylineTrace.combine(PolylineTrace.java:180)
	at app.freerouting.board.PolylineTrace.combine(PolylineTrace.java:180)
	at app.freerouting.board.PolylineTrace.combine(PolylineTrace.java:180)
	at app.freerouting.board.PolylineTrace.combine(PolylineTrace.java:180)
	at app.freerouting.board.PolylineTrace.combine(PolylineTrace.java:180)
	at app.freerouting.board.PolylineTrace.combine(PolylineTrace.java:180)
	at app.freerouting.board.PolylineTrace.combine(PolylineTrace.java:180)
	at app.freerouting.board.PolylineTrace.combine(PolylineTrace.java:180)
	at app.freerouting.board.PolylineTrace.combine(PolylineTrace.java:180)
	at app.freerouting.board.PolylineTrace.combine(PolylineTrace.java:180)
	at app.freerouting.board.PolylineTrace.combine(PolylineTrace.java:180)
	at app.freerouting.board.PolylineTrace.combine(PolylineTrace.java:180)
	at app.freerouting.board.PolylineTrace.combine(PolylineTrace.java:180)
	at app.freerouting.board.PolylineTrace.combine(PolylineTrace.java:180)
	at app.freerouting.board.PolylineTrace.combine(PolylineTrace.java:180)
	at app.freerouting.board.PolylineTrace.combine(PolylineTrace.java:180)
	at app.freerouting.board.PolylineTrace.combine(PolylineTrace.java:180)
	at app.freerouting.board.PolylineTrace.combine(PolylineTrace.java:180)
	at app.freerouting.board.PolylineTrace.combine(PolylineTrace.java:180)
	at app.freerouting.board.PolylineTrace.combine(PolylineTrace.java:180)
	at app.freerouting.board.PolylineTrace.combine(PolylineTrace.java:180)
	at app.freerouting.board.PolylineTrace.combine(PolylineTrace.java:180)
	at app.freerouting.board.PolylineTrace.combine(PolylineTrace.java:180)
	at app.freerouting.board.PolylineTrace.combine(PolylineTrace.java:180)
	at app.freerouting.board.PolylineTrace.combine(PolylineTrace.java:180)
	at app.freerouting.board.PolylineTrace.combine(PolylineTrace.java:180)
	at app.freerouting.board.PolylineTrace.combine(PolylineTrace.java:180)
	at app.freerouting.board.PolylineTrace.combine(PolylineTrace.java:180)
	at app.freerouting.board.PolylineTrace.combine(PolylineTrace.java:180)
	at app.freerouting.board.PolylineTrace.combine(PolylineTrace.java:180)
	at app.freerouting.board.PolylineTrace.combine(PolylineTrace.java:180)
	at app.freerouting.board.PolylineTrace.combine(PolylineTrace.java:180)
	at app.freerouting.board.PolylineTrace.combine(PolylineTrace.java:180)
	at app.freerouting.board.PolylineTrace.combine(PolylineTrace.java:180)
	at app.freerouting.board.PolylineTrace.combine(PolylineTrace.java:180)
	at app.freerouting.board.PolylineTrace.combine(PolylineTrace.java:180)
	at app.freerouting.board.PolylineTrace.combine(PolylineTrace.java:180)
	at app.freerouting.board.PolylineTrace.combine(PolylineTrace.java:180)
	at app.freerouting.board.PolylineTrace.combine(PolylineTrace.java:180)
	at app.freerouting.board.PolylineTrace.combine(PolylineTrace.java:180)
	at app.freerouting.board.PolylineTrace.combine(PolylineTrace.java:180)
	at app.freerouting.board.PolylineTrace.combine(PolylineTrace.java:180)
	at app.freerouting.board.PolylineTrace.combine(PolylineTrace.java:180)
	at app.freerouting.board.PolylineTrace.combine(PolylineTrace.java:180)
	at app.freerouting.board.PolylineTrace.combine(PolylineTrace.java:180)
	at app.freerouting.board.PolylineTrace.combine(PolylineTrace.java:180)
	at app.freerouting.board.PolylineTrace.combine(PolylineTrace.java:180)
	at app.freerouting.board.PolylineTrace.combine(PolylineTrace.java:180)
	at app.freerouting.board.PolylineTrace.combine(PolylineTrace.java:180)
	at app.freerouting.board.PolylineTrace.combine(PolylineTrace.java:180)
	at app.freerouting.board.PolylineTrace.combine(PolylineTrace.java:180)
	at app.freerouting.board.PolylineTrace.combine(PolylineTrace.java:180)
	at app.freerouting.board.PolylineTrace.combine(PolylineTrace.java:180)
	at app.freerouting.board.PolylineTrace.combine(PolylineTrace.java:180)
	at app.freerouting.board.PolylineTrace.combine(PolylineTrace.java:180)
	at app.freerouting.board.PolylineTrace.combine(PolylineTrace.java:180)
	at app.freerouting.board.PolylineTrace.combine(PolylineTrace.java:180)
	at app.freerouting.board.PolylineTrace.combine(PolylineTrace.java:180)
	at app.freerouting.board.PolylineTrace.combine(PolylineTrace.java:180)
	at app.freerouting.board.PolylineTrace.combine(PolylineTrace.java:180)
	at app.freerouting.board.PolylineTrace.combine(PolylineTrace.java:180)
	at app.freerouting.board.PolylineTrace.combine(PolylineTrace.java:180)
	at app.freerouting.board.PolylineTrace.combine(PolylineTrace.java:180)
	at app.freerouting.board.PolylineTrace.combine(PolylineTrace.java:180)
	at app.freerouting.board.PolylineTrace.combine(PolylineTrace.java:180)
	at app.freerouting.board.PolylineTrace.combine(PolylineTrace.java:180)
	at app.freerouting.board.PolylineTrace.combine(PolylineTrace.java:180)
	at app.freerouting.board.PolylineTrace.combine(PolylineTrace.java:180)
	at app.freerouting.board.PolylineTrace.combine(PolylineTrace.java:180)
	at app.freerouting.board.PolylineTrace.combine(PolylineTrace.java:180)
	at app.freerouting.board.PolylineTrace.combine(PolylineTrace.java:180)
	at app.freerouting.board.PolylineTrace.combine(PolylineTrace.java:180)
	at app.freerouting.board.PolylineTrace.combine(PolylineTrace.java:180)
	at app.freerouting.board.PolylineTrace.combine(PolylineTrace.java:180)
	at app.freerouting.board.PolylineTrace.combine(PolylineTrace.java:180)
2026-08-20 02:31:48.737 INFO   New version available: v2.3.0
