2026-08-17 21:33:28.519 INFO   Freerouting v2.2.4 (build-date: 2026-05-13)
2026-08-17 21:33:29.707 WARN   DSN file 'bb-ldo.dsn' was loaded with 1 warning(s).
2026-08-17 21:33:29.750 INFO   [139A6D\621258] Job '139A6D\621258' started at 2026-08-18T04:33:29.750840200Z.
2026-08-17 21:33:29.925 ERROR  Error during routing passes
java.lang.ArrayIndexOutOfBoundsException: Index -1 out of bounds for length 7
	at app.freerouting.geometry.planar.Polyline.remove_overlaps(Polyline.java:157)
	at app.freerouting.geometry.planar.Polyline.<init>(Polyline.java:86)
	at app.freerouting.board.PolylineTrace.combine_at_end(PolylineTrace.java:379)
	at app.freerouting.board.PolylineTrace.combine(PolylineTrace.java:178)
	at app.freerouting.board.PolylineTrace.normalize(PolylineTrace.java:781)
	at app.freerouting.board.PolylineTrace.normalize(PolylineTrace.java:735)
	at app.freerouting.board.BasicBoard.normalize_traces(BasicBoard.java:830)
	at app.freerouting.autoroute.InsertFoundConnectionAlgo.get_instance(InsertFoundConnectionAlgo.java:87)
	at app.freerouting.autoroute.AutorouteEngine.autoroute_connection(AutorouteEngine.java:241)
	at app.freerouting.autoroute.BatchAutorouter.autoroute_item(BatchAutorouter.java:1104)
	at app.freerouting.autoroute.BatchAutorouter.autoroute_pass(BatchAutorouter.java:451)
	at app.freerouting.autoroute.BatchAutorouter.runBatchLoop(BatchAutorouter.java:744)
	at app.freerouting.management.RoutingJobSchedulerActionThread.thread_action(RoutingJobSchedulerActionThread.java:114)
	at app.freerouting.core.StoppableThread.run(StoppableThread.java:22)
2026-08-17 21:33:29.965 ERROR  Error during routing passes
java.lang.ArrayIndexOutOfBoundsException: Index -1 out of bounds for length 7
	at app.freerouting.geometry.planar.Polyline.remove_overlaps(Polyline.java:157)
	at app.freerouting.geometry.planar.Polyline.<init>(Polyline.java:86)
	at app.freerouting.board.PolylineTrace.combine_at_end(PolylineTrace.java:379)
	at app.freerouting.board.PolylineTrace.combine(PolylineTrace.java:178)
	at app.freerouting.board.PolylineTrace.normalize(PolylineTrace.java:781)
	at app.freerouting.board.PolylineTrace.normalize(PolylineTrace.java:735)
	at app.freerouting.board.BasicBoard.normalize_traces(BasicBoard.java:830)
	at app.freerouting.autoroute.InsertFoundConnectionAlgo.get_instance(InsertFoundConnectionAlgo.java:87)
	at app.freerouting.autoroute.AutorouteEngine.autoroute_connection(AutorouteEngine.java:241)
	at app.freerouting.autoroute.BatchAutorouter.autoroute_item(BatchAutorouter.java:1104)
	at app.freerouting.autoroute.BatchAutorouter.autoroute_pass(BatchAutorouter.java:451)
	at app.freerouting.autoroute.BatchAutorouter.runBatchLoop(BatchAutorouter.java:744)
	at app.freerouting.management.RoutingJobSchedulerActionThread.thread_action(RoutingJobSchedulerActionThread.java:114)
	at app.freerouting.core.StoppableThread.run(StoppableThread.java:22)
2026-08-17 21:33:29.976 ERROR  Error during routing passes
java.lang.ArrayIndexOutOfBoundsException: Index -1 out of bounds for length 7
	at app.freerouting.geometry.planar.Polyline.remove_overlaps(Polyline.java:157)
	at app.freerouting.geometry.planar.Polyline.<init>(Polyline.java:86)
	at app.freerouting.board.PolylineTrace.combine_at_end(PolylineTrace.java:379)
	at app.freerouting.board.PolylineTrace.combine(PolylineTrace.java:178)
	at app.freerouting.board.PolylineTrace.normalize(PolylineTrace.java:781)
	at app.freerouting.board.PolylineTrace.normalize(PolylineTrace.java:735)
	at app.freerouting.board.BasicBoard.normalize_traces(BasicBoard.java:830)
	at app.freerouting.autoroute.InsertFoundConnectionAlgo.get_instance(InsertFoundConnectionAlgo.java:87)
	at app.freerouting.autoroute.AutorouteEngine.autoroute_connection(AutorouteEngine.java:241)
	at app.freerouting.autoroute.BatchAutorouter.autoroute_item(BatchAutorouter.java:1104)
	at app.freerouting.autoroute.BatchAutorouter.autoroute_pass(BatchAutorouter.java:451)
	at app.freerouting.autoroute.BatchAutorouter.runBatchLoop(BatchAutorouter.java:744)
	at app.freerouting.management.RoutingJobSchedulerActionThread.thread_action(RoutingJobSchedulerActionThread.java:114)
	at app.freerouting.core.StoppableThread.run(StoppableThread.java:22)
2026-08-17 21:33:30.030 ERROR  Error during routing passes
java.lang.ArrayIndexOutOfBoundsException: Index -1 out of bounds for length 7
	at app.freerouting.geometry.planar.Polyline.remove_overlaps(Polyline.java:157)
	at app.freerouting.geometry.planar.Polyline.<init>(Polyline.java:86)
	at app.freerouting.board.PolylineTrace.combine_at_end(PolylineTrace.java:379)
	at app.freerouting.board.PolylineTrace.combine(PolylineTrace.java:178)
	at app.freerouting.board.PolylineTrace.normalize(PolylineTrace.java:781)
	at app.freerouting.board.PolylineTrace.normalize(PolylineTrace.java:735)
	at app.freerouting.board.BasicBoard.normalize_traces(BasicBoard.java:830)
	at app.freerouting.autoroute.InsertFoundConnectionAlgo.get_instance(InsertFoundConnectionAlgo.java:87)
	at app.freerouting.autoroute.AutorouteEngine.autoroute_connection(AutorouteEngine.java:241)
	at app.freerouting.autoroute.BatchAutorouter.autoroute_item(BatchAutorouter.java:1104)
	at app.freerouting.autoroute.BatchAutorouter.autoroute_pass(BatchAutorouter.java:451)
	at app.freerouting.autoroute.BatchAutorouter.runBatchLoop(BatchAutorouter.java:744)
	at app.freerouting.management.RoutingJobSchedulerActionThread.thread_action(RoutingJobSchedulerActionThread.java:114)
	at app.freerouting.core.StoppableThread.run(StoppableThread.java:22)
2026-08-17 21:33:30.040 ERROR  Error during routing passes
java.lang.ArrayIndexOutOfBoundsException: Index -1 out of bounds for length 7
	at app.freerouting.geometry.planar.Polyline.remove_overlaps(Polyline.java:157)
	at app.freerouting.geometry.planar.Polyline.<init>(Polyline.java:86)
	at app.freerouting.board.PolylineTrace.combine_at_end(PolylineTrace.java:379)
	at app.freerouting.board.PolylineTrace.combine(PolylineTrace.java:178)
	at app.freerouting.board.PolylineTrace.normalize(PolylineTrace.java:781)
	at app.freerouting.board.PolylineTrace.normalize(PolylineTrace.java:735)
	at app.freerouting.board.BasicBoard.normalize_traces(BasicBoard.java:830)
	at app.freerouting.autoroute.InsertFoundConnectionAlgo.get_instance(InsertFoundConnectionAlgo.java:87)
	at app.freerouting.autoroute.AutorouteEngine.autoroute_connection(AutorouteEngine.java:241)
	at app.freerouting.autoroute.BatchAutorouter.autoroute_item(BatchAutorouter.java:1104)
	at app.freerouting.autoroute.BatchAutorouter.autoroute_pass(BatchAutorouter.java:451)
	at app.freerouting.autoroute.BatchAutorouter.runBatchLoop(BatchAutorouter.java:744)
	at app.freerouting.management.RoutingJobSchedulerActionThread.thread_action(RoutingJobSchedulerActionThread.java:114)
	at app.freerouting.core.StoppableThread.run(StoppableThread.java:22)
2026-08-17 21:33:30.048 ERROR  Error during routing passes
java.lang.ArrayIndexOutOfBoundsException: Index -1 out of bounds for length 7
	at app.freerouting.geometry.planar.Polyline.remove_overlaps(Polyline.java:157)
	at app.freerouting.geometry.planar.Polyline.<init>(Polyline.java:86)
	at app.freerouting.board.PolylineTrace.combine_at_end(PolylineTrace.java:379)
	at app.freerouting.board.PolylineTrace.combine(PolylineTrace.java:178)
	at app.freerouting.board.PolylineTrace.normalize(PolylineTrace.java:781)
	at app.freerouting.board.PolylineTrace.normalize(PolylineTrace.java:735)
	at app.freerouting.board.BasicBoard.normalize_traces(BasicBoard.java:830)
	at app.freerouting.autoroute.InsertFoundConnectionAlgo.get_instance(InsertFoundConnectionAlgo.java:87)
	at app.freerouting.autoroute.AutorouteEngine.autoroute_connection(AutorouteEngine.java:241)
	at app.freerouting.autoroute.BatchAutorouter.autoroute_item(BatchAutorouter.java:1104)
	at app.freerouting.autoroute.BatchAutorouter.autoroute_pass(BatchAutorouter.java:451)
	at app.freerouting.autoroute.BatchAutorouter.runBatchLoop(BatchAutorouter.java:744)
	at app.freerouting.management.RoutingJobSchedulerActionThread.thread_action(RoutingJobSchedulerActionThread.java:114)
	at app.freerouting.core.StoppableThread.run(StoppableThread.java:22)
2026-08-17 21:33:30.065 ERROR  [139A6D\621258] Something went wrong during the auto-routing
java.lang.ArrayIndexOutOfBoundsException: Index -1 out of bounds for length 7
	at app.freerouting.geometry.planar.Polyline.remove_overlaps(Polyline.java:157)
	at app.freerouting.geometry.planar.Polyline.<init>(Polyline.java:86)
	at app.freerouting.board.PolylineTrace.combine_at_end(PolylineTrace.java:379)
	at app.freerouting.board.PolylineTrace.combine(PolylineTrace.java:178)
	at app.freerouting.board.BasicBoard.combine_traces(BasicBoard.java:797)
	at app.freerouting.board.RoutingBoard.remove_trace_tails(RoutingBoard.java:1138)
	at app.freerouting.autoroute.BatchAutorouter.remove_tails(BatchAutorouter.java:1033)
	at app.freerouting.autoroute.BatchAutorouter.autoroute_pass(BatchAutorouter.java:589)
	at app.freerouting.autoroute.BatchAutorouter.runBatchLoop(BatchAutorouter.java:744)
	at app.freerouting.management.RoutingJobSchedulerActionThread.thread_action(RoutingJobSchedulerActionThread.java:114)
	at app.freerouting.core.StoppableThread.run(StoppableThread.java:22)
2026-08-17 21:33:30.071 INFO   [139A6D\621258] Auto-router pass #1 on board '79a9298423564e09592e552b132cf25d' was completed in 0.26 seconds with the score of 913.25 (2 unrouted).
2026-08-17 21:33:30.080 INFO   [139A6D\621258] Auto-router session completed: started with 5 unrouted nets, completed in 0.30 seconds, final score: 913.25 (2 unrouted), using 0.00 total CPU seconds, 0.00 GB total allocated, and 0.00 MB peak heap usage.
2026-08-17 21:33:30.120 INFO   New version available: v2.3.0

2026-08-17 21:33:29.925 ERROR  Error during routing passes
java.lang.ArrayIndexOutOfBoundsException: Index -1 out of bounds for length 7
	at app.freerouting.geometry.planar.Polyline.remove_overlaps(Polyline.java:157)
	at app.freerouting.geometry.planar.Polyline.<init>(Polyline.java:86)
	at app.freerouting.board.PolylineTrace.combine_at_end(PolylineTrace.java:379)
	at app.freerouting.board.PolylineTrace.combine(PolylineTrace.java:178)
	at app.freerouting.board.PolylineTrace.normalize(PolylineTrace.java:781)
	at app.freerouting.board.PolylineTrace.normalize(PolylineTrace.java:735)
	at app.freerouting.board.BasicBoard.normalize_traces(BasicBoard.java:830)
	at app.freerouting.autoroute.InsertFoundConnectionAlgo.get_instance(InsertFoundConnectionAlgo.java:87)
	at app.freerouting.autoroute.AutorouteEngine.autoroute_connection(AutorouteEngine.java:241)
	at app.freerouting.autoroute.BatchAutorouter.autoroute_item(BatchAutorouter.java:1104)
	at app.freerouting.autoroute.BatchAutorouter.autoroute_pass(BatchAutorouter.java:451)
	at app.freerouting.autoroute.BatchAutorouter.runBatchLoop(BatchAutorouter.java:744)
	at app.freerouting.management.RoutingJobSchedulerActionThread.thread_action(RoutingJobSchedulerActionThread.java:114)
	at app.freerouting.core.StoppableThread.run(StoppableThread.java:22)
2026-08-17 21:33:29.965 ERROR  Error during routing passes
java.lang.ArrayIndexOutOfBoundsException: Index -1 out of bounds for length 7
	at app.freerouting.geometry.planar.Polyline.remove_overlaps(Polyline.java:157)
	at app.freerouting.geometry.planar.Polyline.<init>(Polyline.java:86)
	at app.freerouting.board.PolylineTrace.combine_at_end(PolylineTrace.java:379)
	at app.freerouting.board.PolylineTrace.combine(PolylineTrace.java:178)
	at app.freerouting.board.PolylineTrace.normalize(PolylineTrace.java:781)
	at app.freerouting.board.PolylineTrace.normalize(PolylineTrace.java:735)
	at app.freerouting.board.BasicBoard.normalize_traces(BasicBoard.java:830)
	at app.freerouting.autoroute.InsertFoundConnectionAlgo.get_instance(InsertFoundConnectionAlgo.java:87)
	at app.freerouting.autoroute.AutorouteEngine.autoroute_connection(AutorouteEngine.java:241)
	at app.freerouting.autoroute.BatchAutorouter.autoroute_item(BatchAutorouter.java:1104)
	at app.freerouting.autoroute.BatchAutorouter.autoroute_pass(BatchAutorouter.java:451)
	at app.freerouting.autoroute.BatchAutorouter.runBatchLoop(BatchAutorouter.java:744)
	at app.freerouting.management.RoutingJobSchedulerActionThread.thread_action(RoutingJobSchedulerActionThread.java:114)
	at app.freerouting.core.StoppableThread.run(StoppableThread.java:22)
2026-08-17 21:33:29.976 ERROR  Error during routing passes
java.lang.ArrayIndexOutOfBoundsException: Index -1 out of bounds for length 7
	at app.freerouting.geometry.planar.Polyline.remove_overlaps(Polyline.java:157)
	at app.freerouting.geometry.planar.Polyline.<init>(Polyline.java:86)
	at app.freerouting.board.PolylineTrace.combine_at_end(PolylineTrace.java:379)
	at app.freerouting.board.PolylineTrace.combine(PolylineTrace.java:178)
	at app.freerouting.board.PolylineTrace.normalize(PolylineTrace.java:781)
	at app.freerouting.board.PolylineTrace.normalize(PolylineTrace.java:735)
	at app.freerouting.board.BasicBoard.normalize_traces(BasicBoard.java:830)
	at app.freerouting.autoroute.InsertFoundConnectionAlgo.get_instance(InsertFoundConnectionAlgo.java:87)
	at app.freerouting.autoroute.AutorouteEngine.autoroute_connection(AutorouteEngine.java:241)
	at app.freerouting.autoroute.BatchAutorouter.autoroute_item(BatchAutorouter.java:1104)
	at app.freerouting.autoroute.BatchAutorouter.autoroute_pass(BatchAutorouter.java:451)
	at app.freerouting.autoroute.BatchAutorouter.runBatchLoop(BatchAutorouter.java:744)
	at app.freerouting.management.RoutingJobSchedulerActionThread.thread_action(RoutingJobSchedulerActionThread.java:114)
	at app.freerouting.core.StoppableThread.run(StoppableThread.java:22)
2026-08-17 21:33:30.030 ERROR  Error during routing passes
java.lang.ArrayIndexOutOfBoundsException: Index -1 out of bounds for length 7
	at app.freerouting.geometry.planar.Polyline.remove_overlaps(Polyline.java:157)
	at app.freerouting.geometry.planar.Polyline.<init>(Polyline.java:86)
	at app.freerouting.board.PolylineTrace.combine_at_end(PolylineTrace.java:379)
	at app.freerouting.board.PolylineTrace.combine(PolylineTrace.java:178)
	at app.freerouting.board.PolylineTrace.normalize(PolylineTrace.java:781)
	at app.freerouting.board.PolylineTrace.normalize(PolylineTrace.java:735)
	at app.freerouting.board.BasicBoard.normalize_traces(BasicBoard.java:830)
	at app.freerouting.autoroute.InsertFoundConnectionAlgo.get_instance(InsertFoundConnectionAlgo.java:87)
	at app.freerouting.autoroute.AutorouteEngine.autoroute_connection(AutorouteEngine.java:241)
	at app.freerouting.autoroute.BatchAutorouter.autoroute_item(BatchAutorouter.java:1104)
	at app.freerouting.autoroute.BatchAutorouter.autoroute_pass(BatchAutorouter.java:451)
	at app.freerouting.autoroute.BatchAutorouter.runBatchLoop(BatchAutorouter.java:744)
	at app.freerouting.management.RoutingJobSchedulerActionThread.thread_action(RoutingJobSchedulerActionThread.java:114)
	at app.freerouting.core.StoppableThread.run(StoppableThread.java:22)
2026-08-17 21:33:30.040 ERROR  Error during routing passes
java.lang.ArrayIndexOutOfBoundsException: Index -1 out of bounds for length 7
	at app.freerouting.geometry.planar.Polyline.remove_overlaps(Polyline.java:157)
	at app.freerouting.geometry.planar.Polyline.<init>(Polyline.java:86)
	at app.freerouting.board.PolylineTrace.combine_at_end(PolylineTrace.java:379)
	at app.freerouting.board.PolylineTrace.combine(PolylineTrace.java:178)
	at app.freerouting.board.PolylineTrace.normalize(PolylineTrace.java:781)
	at app.freerouting.board.PolylineTrace.normalize(PolylineTrace.java:735)
	at app.freerouting.board.BasicBoard.normalize_traces(BasicBoard.java:830)
	at app.freerouting.autoroute.InsertFoundConnectionAlgo.get_instance(InsertFoundConnectionAlgo.java:87)
	at app.freerouting.autoroute.AutorouteEngine.autoroute_connection(AutorouteEngine.java:241)
	at app.freerouting.autoroute.BatchAutorouter.autoroute_item(BatchAutorouter.java:1104)
	at app.freerouting.autoroute.BatchAutorouter.autoroute_pass(BatchAutorouter.java:451)
	at app.freerouting.autoroute.BatchAutorouter.runBatchLoop(BatchAutorouter.java:744)
	at app.freerouting.management.RoutingJobSchedulerActionThread.thread_action(RoutingJobSchedulerActionThread.java:114)
	at app.freerouting.core.StoppableThread.run(StoppableThread.java:22)
2026-08-17 21:33:30.048 ERROR  Error during routing passes
java.lang.ArrayIndexOutOfBoundsException: Index -1 out of bounds for length 7
	at app.freerouting.geometry.planar.Polyline.remove_overlaps(Polyline.java:157)
	at app.freerouting.geometry.planar.Polyline.<init>(Polyline.java:86)
	at app.freerouting.board.PolylineTrace.combine_at_end(PolylineTrace.java:379)
	at app.freerouting.board.PolylineTrace.combine(PolylineTrace.java:178)
	at app.freerouting.board.PolylineTrace.normalize(PolylineTrace.java:781)
	at app.freerouting.board.PolylineTrace.normalize(PolylineTrace.java:735)
	at app.freerouting.board.BasicBoard.normalize_traces(BasicBoard.java:830)
	at app.freerouting.autoroute.InsertFoundConnectionAlgo.get_instance(InsertFoundConnectionAlgo.java:87)
	at app.freerouting.autoroute.AutorouteEngine.autoroute_connection(AutorouteEngine.java:241)
	at app.freerouting.autoroute.BatchAutorouter.autoroute_item(BatchAutorouter.java:1104)
	at app.freerouting.autoroute.BatchAutorouter.autoroute_pass(BatchAutorouter.java:451)
	at app.freerouting.autoroute.BatchAutorouter.runBatchLoop(BatchAutorouter.java:744)
	at app.freerouting.management.RoutingJobSchedulerActionThread.thread_action(RoutingJobSchedulerActionThread.java:114)
	at app.freerouting.core.StoppableThread.run(StoppableThread.java:22)
2026-08-17 21:33:30.065 ERROR  [139A6D\621258] Something went wrong during the auto-routing
java.lang.ArrayIndexOutOfBoundsException: Index -1 out of bounds for length 7
	at app.freerouting.geometry.planar.Polyline.remove_overlaps(Polyline.java:157)
	at app.freerouting.geometry.planar.Polyline.<init>(Polyline.java:86)
	at app.freerouting.board.PolylineTrace.combine_at_end(PolylineTrace.java:379)
	at app.freerouting.board.PolylineTrace.combine(PolylineTrace.java:178)
	at app.freerouting.board.BasicBoard.combine_traces(BasicBoard.java:797)
	at app.freerouting.board.RoutingBoard.remove_trace_tails(RoutingBoard.java:1138)
	at app.freerouting.autoroute.BatchAutorouter.remove_tails(BatchAutorouter.java:1033)
	at app.freerouting.autoroute.BatchAutorouter.autoroute_pass(BatchAutorouter.java:589)
	at app.freerouting.autoroute.BatchAutorouter.runBatchLoop(BatchAutorouter.java:744)
	at app.freerouting.management.RoutingJobSchedulerActionThread.thread_action(RoutingJobSchedulerActionThread.java:114)
	at app.freerouting.core.StoppableThread.run(StoppableThread.java:22)
