2026-08-16 23:09:25.833 INFO   Freerouting v2.2.4 (build-date: 2026-05-13)
2026-08-16 23:09:27.047 WARN   DSN file 'bb-mcu.dsn' was loaded with 1 warning(s).
2026-08-16 23:09:27.110 INFO   [F535CC\90DB66] Job 'F535CC\90DB66' started at 2026-08-17T06:09:27.110126600Z.
2026-08-16 23:09:27.336 ERROR  Error during routing passes
java.lang.ArrayIndexOutOfBoundsException: Index -1 out of bounds for length 7
	at app.freerouting.geometry.planar.Polyline.remove_overlaps(Polyline.java:157)
	at app.freerouting.geometry.planar.Polyline.<init>(Polyline.java:86)
	at app.freerouting.board.PolylineTrace.combine_at_end(PolylineTrace.java:379)
	at app.freerouting.board.PolylineTrace.combine(PolylineTrace.java:178)
	at app.freerouting.board.PolylineTrace.normalize(PolylineTrace.java:781)
	at app.freerouting.board.PolylineTrace.normalize(PolylineTrace.java:735)
	at app.freerouting.board.BasicBoard.normalize_traces(BasicBoard.java:830)
	at app.freerouting.autoroute.InsertFoundConnectionAlgo.get_instance(InsertFoundConnectionAlgo.java:87)
	at app.freerouting.autoroute.AutorouteEngine.autoroute_connection(AutorouteEngine.java:241)
	at app.freerouting.autoroute.BatchAutorouter.autoroute_item(BatchAutorouter.java:1104)
	at app.freerouting.autoroute.BatchAutorouter.autoroute_pass(BatchAutorouter.java:451)
	at app.freerouting.autoroute.BatchAutorouter.runBatchLoop(BatchAutorouter.java:744)
	at app.freerouting.management.RoutingJobSchedulerActionThread.thread_action(RoutingJobSchedulerActionThread.java:114)
	at app.freerouting.core.StoppableThread.run(StoppableThread.java:22)
2026-08-16 23:09:27.418 INFO   New version available: v2.3.0
2026-08-16 23:09:27.426 ERROR  Error during routing passes
java.lang.ArrayIndexOutOfBoundsException: Index -1 out of bounds for length 7
	at app.freerouting.geometry.planar.Polyline.remove_overlaps(Polyline.java:157)
	at app.freerouting.geometry.planar.Polyline.<init>(Polyline.java:86)
	at app.freerouting.board.PolylineTrace.combine_at_end(PolylineTrace.java:379)
	at app.freerouting.board.PolylineTrace.combine(PolylineTrace.java:178)
	at app.freerouting.board.PolylineTrace.normalize(PolylineTrace.java:781)
	at app.freerouting.board.PolylineTrace.normalize(PolylineTrace.java:735)
	at app.freerouting.board.BasicBoard.normalize_traces(BasicBoard.java:830)
	at app.freerouting.autoroute.InsertFoundConnectionAlgo.get_instance(InsertFoundConnectionAlgo.java:87)
	at app.freerouting.autoroute.AutorouteEngine.autoroute_connection(AutorouteEngine.java:241)
	at app.freerouting.autoroute.BatchAutorouter.autoroute_item(BatchAutorouter.java:1104)
	at app.freerouting.autoroute.BatchAutorouter.autoroute_pass(BatchAutorouter.java:451)
	at app.freerouting.autoroute.BatchAutorouter.runBatchLoop(BatchAutorouter.java:744)
	at app.freerouting.management.RoutingJobSchedulerActionThread.thread_action(RoutingJobSchedulerActionThread.java:114)
	at app.freerouting.core.StoppableThread.run(StoppableThread.java:22)
2026-08-16 23:09:27.439 ERROR  Error during routing passes
java.lang.ArrayIndexOutOfBoundsException: Index -1 out of bounds for length 7
	at app.freerouting.geometry.planar.Polyline.remove_overlaps(Polyline.java:157)
	at app.freerouting.geometry.planar.Polyline.<init>(Polyline.java:86)
	at app.freerouting.board.PolylineTrace.combine_at_end(PolylineTrace.java:379)
	at app.freerouting.board.PolylineTrace.combine(PolylineTrace.java:178)
	at app.freerouting.board.PolylineTrace.normalize(PolylineTrace.java:781)
	at app.freerouting.board.PolylineTrace.normalize(PolylineTrace.java:735)
	at app.freerouting.board.BasicBoard.normalize_traces(BasicBoard.java:830)
	at app.freerouting.autoroute.InsertFoundConnectionAlgo.get_instance(InsertFoundConnectionAlgo.java:87)
	at app.freerouting.autoroute.AutorouteEngine.autoroute_connection(AutorouteEngine.java:241)
	at app.freerouting.autoroute.BatchAutorouter.autoroute_item(BatchAutorouter.java:1104)
	at app.freerouting.autoroute.BatchAutorouter.autoroute_pass(BatchAutorouter.java:451)
	at app.freerouting.autoroute.BatchAutorouter.runBatchLoop(BatchAutorouter.java:744)
	at app.freerouting.management.RoutingJobSchedulerActionThread.thread_action(RoutingJobSchedulerActionThread.java:114)
	at app.freerouting.core.StoppableThread.run(StoppableThread.java:22)
2026-08-16 23:09:27.449 ERROR  Error during routing passes
java.lang.ArrayIndexOutOfBoundsException: Index -1 out of bounds for length 7
	at app.freerouting.geometry.planar.Polyline.remove_overlaps(Polyline.java:157)
	at app.freerouting.geometry.planar.Polyline.<init>(Polyline.java:86)
	at app.freerouting.board.PolylineTrace.combine_at_end(PolylineTrace.java:379)
	at app.freerouting.board.PolylineTrace.combine(PolylineTrace.java:178)
	at app.freerouting.board.PolylineTrace.normalize(PolylineTrace.java:781)
	at app.freerouting.board.PolylineTrace.normalize(PolylineTrace.java:735)
	at app.freerouting.board.BasicBoard.normalize_traces(BasicBoard.java:830)
	at app.freerouting.autoroute.InsertFoundConnectionAlgo.get_instance(InsertFoundConnectionAlgo.java:87)
	at app.freerouting.autoroute.AutorouteEngine.autoroute_connection(AutorouteEngine.java:241)
	at app.freerouting.autoroute.BatchAutorouter.autoroute_item(BatchAutorouter.java:1104)
	at app.freerouting.autoroute.BatchAutorouter.autoroute_pass(BatchAutorouter.java:451)
	at app.freerouting.autoroute.BatchAutorouter.runBatchLoop(BatchAutorouter.java:744)
	at app.freerouting.management.RoutingJobSchedulerActionThread.thread_action(RoutingJobSchedulerActionThread.java:114)
	at app.freerouting.core.StoppableThread.run(StoppableThread.java:22)
2026-08-16 23:09:27.460 ERROR  Error during routing passes
java.lang.ArrayIndexOutOfBoundsException: Index -1 out of bounds for length 7
	at app.freerouting.geometry.planar.Polyline.remove_overlaps(Polyline.java:157)
	at app.freerouting.geometry.planar.Polyline.<init>(Polyline.java:86)
	at app.freerouting.board.PolylineTrace.combine_at_end(PolylineTrace.java:379)
	at app.freerouting.board.PolylineTrace.combine(PolylineTrace.java:178)
	at app.freerouting.board.PolylineTrace.normalize(PolylineTrace.java:781)
	at app.freerouting.board.PolylineTrace.normalize(PolylineTrace.java:735)
	at app.freerouting.board.BasicBoard.normalize_traces(BasicBoard.java:830)
	at app.freerouting.autoroute.InsertFoundConnectionAlgo.get_instance(InsertFoundConnectionAlgo.java:87)
	at app.freerouting.autoroute.AutorouteEngine.autoroute_connection(AutorouteEngine.java:241)
	at app.freerouting.autoroute.BatchAutorouter.autoroute_item(BatchAutorouter.java:1104)
	at app.freerouting.autoroute.BatchAutorouter.autoroute_pass(BatchAutorouter.java:451)
	at app.freerouting.autoroute.BatchAutorouter.runBatchLoop(BatchAutorouter.java:744)
	at app.freerouting.management.RoutingJobSchedulerActionThread.thread_action(RoutingJobSchedulerActionThread.java:114)
	at app.freerouting.core.StoppableThread.run(StoppableThread.java:22)
2026-08-16 23:09:27.474 ERROR  Error during routing passes
java.lang.ArrayIndexOutOfBoundsException: Index -1 out of bounds for length 7
	at app.freerouting.geometry.planar.Polyline.remove_overlaps(Polyline.java:157)
	at app.freerouting.geometry.planar.Polyline.<init>(Polyline.java:86)
	at app.freerouting.board.PolylineTrace.combine_at_end(PolylineTrace.java:379)
	at app.freerouting.board.PolylineTrace.combine(PolylineTrace.java:178)
	at app.freerouting.board.PolylineTrace.normalize(PolylineTrace.java:781)
	at app.freerouting.board.PolylineTrace.normalize(PolylineTrace.java:735)
	at app.freerouting.board.BasicBoard.normalize_traces(BasicBoard.java:830)
	at app.freerouting.autoroute.InsertFoundConnectionAlgo.get_instance(InsertFoundConnectionAlgo.java:87)
	at app.freerouting.autoroute.AutorouteEngine.autoroute_connection(AutorouteEngine.java:241)
	at app.freerouting.autoroute.BatchAutorouter.autoroute_item(BatchAutorouter.java:1104)
	at app.freerouting.autoroute.BatchAutorouter.autoroute_pass(BatchAutorouter.java:451)
	at app.freerouting.autoroute.BatchAutorouter.runBatchLoop(BatchAutorouter.java:744)
	at app.freerouting.management.RoutingJobSchedulerActionThread.thread_action(RoutingJobSchedulerActionThread.java:114)
	at app.freerouting.core.StoppableThread.run(StoppableThread.java:22)
2026-08-16 23:09:27.484 ERROR  Error during routing passes
java.lang.ArrayIndexOutOfBoundsException: Index -1 out of bounds for length 7
	at app.freerouting.geometry.planar.Polyline.remove_overlaps(Polyline.java:157)
	at app.freerouting.geometry.planar.Polyline.<init>(Polyline.java:86)
	at app.freerouting.board.PolylineTrace.combine_at_end(PolylineTrace.java:379)
	at app.freerouting.board.PolylineTrace.combine(PolylineTrace.java:178)
	at app.freerouting.board.PolylineTrace.normalize(PolylineTrace.java:781)
	at app.freerouting.board.PolylineTrace.normalize(PolylineTrace.java:735)
	at app.freerouting.board.BasicBoard.normalize_traces(BasicBoard.java:830)
	at app.freerouting.autoroute.InsertFoundConnectionAlgo.get_instance(InsertFoundConnectionAlgo.java:87)
	at app.freerouting.autoroute.AutorouteEngine.autoroute_connection(AutorouteEngine.java:241)
	at app.freerouting.autoroute.BatchAutorouter.autoroute_item(BatchAutorouter.java:1104)
	at app.freerouting.autoroute.BatchAutorouter.autoroute_pass(BatchAutorouter.java:451)
	at app.freerouting.autoroute.BatchAutorouter.runBatchLoop(BatchAutorouter.java:744)
	at app.freerouting.management.RoutingJobSchedulerActionThread.thread_action(RoutingJobSchedulerActionThread.java:114)
	at app.freerouting.core.StoppableThread.run(StoppableThread.java:22)
2026-08-16 23:09:27.494 ERROR  Error during routing passes
java.lang.ArrayIndexOutOfBoundsException: Index -1 out of bounds for length 7
	at app.freerouting.geometry.planar.Polyline.remove_overlaps(Polyline.java:157)
	at app.freerouting.geometry.planar.Polyline.<init>(Polyline.java:86)
	at app.freerouting.board.PolylineTrace.combine_at_end(PolylineTrace.java:379)
	at app.freerouting.board.PolylineTrace.combine(PolylineTrace.java:178)
	at app.freerouting.board.PolylineTrace.normalize(PolylineTrace.java:781)
	at app.freerouting.board.PolylineTrace.normalize(PolylineTrace.java:735)
	at app.freerouting.board.BasicBoard.normalize_traces(BasicBoard.java:830)
	at app.freerouting.autoroute.InsertFoundConnectionAlgo.get_instance(InsertFoundConnectionAlgo.java:87)
	at app.freerouting.autoroute.AutorouteEngine.autoroute_connection(AutorouteEngine.java:241)
	at app.freerouting.autoroute.BatchAutorouter.autoroute_item(BatchAutorouter.java:1104)
	at app.freerouting.autoroute.BatchAutorouter.autoroute_pass(BatchAutorouter.java:451)
	at app.freerouting.autoroute.BatchAutorouter.runBatchLoop(BatchAutorouter.java:744)
	at app.freerouting.management.RoutingJobSchedulerActionThread.thread_action(RoutingJobSchedulerActionThread.java:114)
	at app.freerouting.core.StoppableThread.run(StoppableThread.java:22)
2026-08-16 23:09:27.506 ERROR  Error during routing passes
java.lang.ArrayIndexOutOfBoundsException: Index -1 out of bounds for length 7
	at app.freerouting.geometry.planar.Polyline.remove_overlaps(Polyline.java:157)
	at app.freerouting.geometry.planar.Polyline.<init>(Polyline.java:86)
	at app.freerouting.board.PolylineTrace.combine_at_end(PolylineTrace.java:379)
	at app.freerouting.board.PolylineTrace.combine(PolylineTrace.java:178)
	at app.freerouting.board.PolylineTrace.normalize(PolylineTrace.java:781)
	at app.freerouting.board.PolylineTrace.normalize(PolylineTrace.java:735)
	at app.freerouting.board.BasicBoard.normalize_traces(BasicBoard.java:830)
	at app.freerouting.autoroute.InsertFoundConnectionAlgo.get_instance(InsertFoundConnectionAlgo.java:87)
	at app.freerouting.autoroute.AutorouteEngine.autoroute_connection(AutorouteEngine.java:241)
	at app.freerouting.autoroute.BatchAutorouter.autoroute_item(BatchAutorouter.java:1104)
	at app.freerouting.autoroute.BatchAutorouter.autoroute_pass(BatchAutorouter.java:451)
	at app.freerouting.autoroute.BatchAutorouter.runBatchLoop(BatchAutorouter.java:744)
	at app.freerouting.management.RoutingJobSchedulerActionThread.thread_action(RoutingJobSchedulerActionThread.java:114)
	at app.freerouting.core.StoppableThread.run(StoppableThread.java:22)
2026-08-16 23:09:27.646 ERROR  Error during routing passes
java.lang.ArrayIndexOutOfBoundsException: Index -1 out of bounds for length 7
	at app.freerouting.geometry.planar.Polyline.remove_overlaps(Polyline.java:157)
	at app.freerouting.geometry.planar.Polyline.<init>(Polyline.java:86)
	at app.freerouting.board.PolylineTrace.combine_at_end(PolylineTrace.java:379)
	at app.freerouting.board.PolylineTrace.combine(PolylineTrace.java:178)
	at app.freerouting.board.PolylineTrace.normalize(PolylineTrace.java:781)
	at app.freerouting.board.PolylineTrace.normalize(PolylineTrace.java:735)
	at app.freerouting.board.BasicBoard.normalize_traces(BasicBoard.java:830)
	at app.freerouting.autoroute.InsertFoundConnectionAlgo.get_instance(InsertFoundConnectionAlgo.java:87)
	at app.freerouting.autoroute.AutorouteEngine.autoroute_connection(AutorouteEngine.java:241)
	at app.freerouting.autoroute.BatchAutorouter.autoroute_item(BatchAutorouter.java:1104)
	at app.freerouting.autoroute.BatchAutorouter.autoroute_pass(BatchAutorouter.java:451)
	at app.freerouting.autoroute.BatchAutorouter.runBatchLoop(BatchAutorouter.java:744)
	at app.freerouting.management.RoutingJobSchedulerActionThread.thread_action(RoutingJobSchedulerActionThread.java:114)
	at app.freerouting.core.StoppableThread.run(StoppableThread.java:22)
2026-08-16 23:09:27.685 ERROR  Error during routing passes
java.lang.ArrayIndexOutOfBoundsException: Index -1 out of bounds for length 7
	at app.freerouting.geometry.planar.Polyline.remove_overlaps(Polyline.java:157)
	at app.freerouting.geometry.planar.Polyline.<init>(Polyline.java:86)
	at app.freerouting.board.PolylineTrace.combine_at_end(PolylineTrace.java:379)
	at app.freerouting.board.PolylineTrace.combine(PolylineTrace.java:178)
	at app.freerouting.board.PolylineTrace.normalize(PolylineTrace.java:781)
	at app.freerouting.board.PolylineTrace.normalize(PolylineTrace.java:735)
	at app.freerouting.board.BasicBoard.normalize_traces(BasicBoard.java:830)
	at app.freerouting.autoroute.InsertFoundConnectionAlgo.get_instance(InsertFoundConnectionAlgo.java:87)
	at app.freerouting.autoroute.AutorouteEngine.autoroute_connection(AutorouteEngine.java:241)
	at app.freerouting.autoroute.BatchAutorouter.autoroute_item(BatchAutorouter.java:1104)
	at app.freerouting.autoroute.BatchAutorouter.autoroute_pass(BatchAutorouter.java:451)
	at app.freerouting.autoroute.BatchAutorouter.runBatchLoop(BatchAutorouter.java:744)
	at app.freerouting.management.RoutingJobSchedulerActionThread.thread_action(RoutingJobSchedulerActionThread.java:114)
	at app.freerouting.core.StoppableThread.run(StoppableThread.java:22)
2026-08-16 23:09:27.702 ERROR  Error during routing passes
java.lang.ArrayIndexOutOfBoundsException: Index -1 out of bounds for length 7
	at app.freerouting.geometry.planar.Polyline.remove_overlaps(Polyline.java:157)
	at app.freerouting.geometry.planar.Polyline.<init>(Polyline.java:86)
	at app.freerouting.board.PolylineTrace.combine_at_end(PolylineTrace.java:379)
	at app.freerouting.board.PolylineTrace.combine(PolylineTrace.java:178)
	at app.freerouting.board.PolylineTrace.normalize(PolylineTrace.java:781)
	at app.freerouting.board.PolylineTrace.normalize(PolylineTrace.java:735)
	at app.freerouting.board.BasicBoard.normalize_traces(BasicBoard.java:830)
	at app.freerouting.autoroute.InsertFoundConnectionAlgo.get_instance(InsertFoundConnectionAlgo.java:87)
	at app.freerouting.autoroute.AutorouteEngine.autoroute_connection(AutorouteEngine.java:241)
	at app.freerouting.autoroute.BatchAutorouter.autoroute_item(BatchAutorouter.java:1104)
	at app.freerouting.autoroute.BatchAutorouter.autoroute_pass(BatchAutorouter.java:451)
	at app.freerouting.autoroute.BatchAutorouter.runBatchLoop(BatchAutorouter.java:744)
	at app.freerouting.management.RoutingJobSchedulerActionThread.thread_action(RoutingJobSchedulerActionThread.java:114)
	at app.freerouting.core.StoppableThread.run(StoppableThread.java:22)
2026-08-16 23:09:27.752 ERROR  Error during routing passes
java.lang.ArrayIndexOutOfBoundsException: Index -1 out of bounds for length 7
	at app.freerouting.geometry.planar.Polyline.remove_overlaps(Polyline.java:157)
	at app.freerouting.geometry.planar.Polyline.<init>(Polyline.java:86)
	at app.freerouting.board.PolylineTrace.combine_at_end(PolylineTrace.java:379)
	at app.freerouting.board.PolylineTrace.combine(PolylineTrace.java:178)
	at app.freerouting.board.PolylineTrace.normalize(PolylineTrace.java:781)
	at app.freerouting.board.PolylineTrace.normalize(PolylineTrace.java:735)
	at app.freerouting.board.BasicBoard.normalize_traces(BasicBoard.java:830)
	at app.freerouting.autoroute.InsertFoundConnectionAlgo.get_instance(InsertFoundConnectionAlgo.java:87)
	at app.freerouting.autoroute.AutorouteEngine.autoroute_connection(AutorouteEngine.java:241)
	at app.freerouting.autoroute.BatchAutorouter.autoroute_item(BatchAutorouter.java:1104)
	at app.freerouting.autoroute.BatchAutorouter.autoroute_pass(BatchAutorouter.java:451)
	at app.freerouting.autoroute.BatchAutorouter.runBatchLoop(BatchAutorouter.java:744)
	at app.freerouting.management.RoutingJobSchedulerActionThread.thread_action(RoutingJobSchedulerActionThread.java:114)
	at app.freerouting.core.StoppableThread.run(StoppableThread.java:22)
2026-08-16 23:09:27.762 ERROR  Error during routing passes
java.lang.ArrayIndexOutOfBoundsException: Index -1 out of bounds for length 7
	at app.freerouting.geometry.planar.Polyline.remove_overlaps(Polyline.java:157)
	at app.freerouting.geometry.planar.Polyline.<init>(Polyline.java:86)
	at app.freerouting.board.PolylineTrace.combine_at_end(PolylineTrace.java:379)
	at app.freerouting.board.PolylineTrace.combine(PolylineTrace.java:178)
	at app.freerouting.board.PolylineTrace.normalize(PolylineTrace.java:781)
	at app.freerouting.board.PolylineTrace.normalize(PolylineTrace.java:735)
	at app.freerouting.board.BasicBoard.normalize_traces(BasicBoard.java:830)
	at app.freerouting.autoroute.InsertFoundConnectionAlgo.get_instance(InsertFoundConnectionAlgo.java:87)
	at app.freerouting.autoroute.AutorouteEngine.autoroute_connection(AutorouteEngine.java:241)
	at app.freerouting.autoroute.BatchAutorouter.autoroute_item(BatchAutorouter.java:1104)
	at app.freerouting.autoroute.BatchAutorouter.autoroute_pass(BatchAutorouter.java:451)
	at app.freerouting.autoroute.BatchAutorouter.runBatchLoop(BatchAutorouter.java:744)
	at app.freerouting.management.RoutingJobSchedulerActionThread.thread_action(RoutingJobSchedulerActionThread.java:114)
	at app.freerouting.core.StoppableThread.run(StoppableThread.java:22)
2026-08-16 23:09:27.767 ERROR  [F535CC\90DB66] Something went wrong during the auto-routing
java.lang.ArrayIndexOutOfBoundsException: Index -1 out of bounds for length 7
	at app.freerouting.geometry.planar.Polyline.remove_overlaps(Polyline.java:157)
	at app.freerouting.geometry.planar.Polyline.<init>(Polyline.java:86)
	at app.freerouting.board.PolylineTrace.combine_at_end(PolylineTrace.java:379)
	at app.freerouting.board.PolylineTrace.combine(PolylineTrace.java:178)
	at app.freerouting.board.BasicBoard.combine_traces(BasicBoard.java:797)
	at app.freerouting.board.RoutingBoard.remove_trace_tails(RoutingBoard.java:1138)
	at app.freerouting.autoroute.BatchAutorouter.remove_tails(BatchAutorouter.java:1033)
	at app.freerouting.autoroute.BatchAutorouter.autoroute_pass(BatchAutorouter.java:589)
	at app.freerouting.autoroute.BatchAutorouter.runBatchLoop(BatchAutorouter.java:744)
	at app.freerouting.management.RoutingJobSchedulerActionThread.thread_action(RoutingJobSchedulerActionThread.java:114)
	at app.freerouting.core.StoppableThread.run(StoppableThread.java:22)
2026-08-16 23:09:27.772 INFO   [F535CC\90DB66] Auto-router pass #1 on board 'c6b89d0114c03d22d018914158bceb73' was completed in 0.55 seconds with the score of 961.17 (3 unrouted).
2026-08-16 23:09:27.785 INFO   [F535CC\90DB66] Auto-router session completed: started with 21 unrouted nets, completed in 0.62 seconds, final score: 961.17 (3 unrouted), using 0.00 total CPU seconds, 0.00 GB total allocated, and 0.00 MB peak heap usage.

2026-08-16 23:09:27.336 ERROR  Error during routing passes
java.lang.ArrayIndexOutOfBoundsException: Index -1 out of bounds for length 7
	at app.freerouting.geometry.planar.Polyline.remove_overlaps(Polyline.java:157)
	at app.freerouting.geometry.planar.Polyline.<init>(Polyline.java:86)
	at app.freerouting.board.PolylineTrace.combine_at_end(PolylineTrace.java:379)
	at app.freerouting.board.PolylineTrace.combine(PolylineTrace.java:178)
	at app.freerouting.board.PolylineTrace.normalize(PolylineTrace.java:781)
	at app.freerouting.board.PolylineTrace.normalize(PolylineTrace.java:735)
	at app.freerouting.board.BasicBoard.normalize_traces(BasicBoard.java:830)
	at app.freerouting.autoroute.InsertFoundConnectionAlgo.get_instance(InsertFoundConnectionAlgo.java:87)
	at app.freerouting.autoroute.AutorouteEngine.autoroute_connection(AutorouteEngine.java:241)
	at app.freerouting.autoroute.BatchAutorouter.autoroute_item(BatchAutorouter.java:1104)
	at app.freerouting.autoroute.BatchAutorouter.autoroute_pass(BatchAutorouter.java:451)
	at app.freerouting.autoroute.BatchAutorouter.runBatchLoop(BatchAutorouter.java:744)
	at app.freerouting.management.RoutingJobSchedulerActionThread.thread_action(RoutingJobSchedulerActionThread.java:114)
	at app.freerouting.core.StoppableThread.run(StoppableThread.java:22)
2026-08-16 23:09:27.426 ERROR  Error during routing passes
java.lang.ArrayIndexOutOfBoundsException: Index -1 out of bounds for length 7
	at app.freerouting.geometry.planar.Polyline.remove_overlaps(Polyline.java:157)
	at app.freerouting.geometry.planar.Polyline.<init>(Polyline.java:86)
	at app.freerouting.board.PolylineTrace.combine_at_end(PolylineTrace.java:379)
	at app.freerouting.board.PolylineTrace.combine(PolylineTrace.java:178)
	at app.freerouting.board.PolylineTrace.normalize(PolylineTrace.java:781)
	at app.freerouting.board.PolylineTrace.normalize(PolylineTrace.java:735)
	at app.freerouting.board.BasicBoard.normalize_traces(BasicBoard.java:830)
	at app.freerouting.autoroute.InsertFoundConnectionAlgo.get_instance(InsertFoundConnectionAlgo.java:87)
	at app.freerouting.autoroute.AutorouteEngine.autoroute_connection(AutorouteEngine.java:241)
	at app.freerouting.autoroute.BatchAutorouter.autoroute_item(BatchAutorouter.java:1104)
	at app.freerouting.autoroute.BatchAutorouter.autoroute_pass(BatchAutorouter.java:451)
	at app.freerouting.autoroute.BatchAutorouter.runBatchLoop(BatchAutorouter.java:744)
	at app.freerouting.management.RoutingJobSchedulerActionThread.thread_action(RoutingJobSchedulerActionThread.java:114)
	at app.freerouting.core.StoppableThread.run(StoppableThread.java:22)
2026-08-16 23:09:27.439 ERROR  Error during routing passes
java.lang.ArrayIndexOutOfBoundsException: Index -1 out of bounds for length 7
	at app.freerouting.geometry.planar.Polyline.remove_overlaps(Polyline.java:157)
	at app.freerouting.geometry.planar.Polyline.<init>(Polyline.java:86)
	at app.freerouting.board.PolylineTrace.combine_at_end(PolylineTrace.java:379)
	at app.freerouting.board.PolylineTrace.combine(PolylineTrace.java:178)
	at app.freerouting.board.PolylineTrace.normalize(PolylineTrace.java:781)
	at app.freerouting.board.PolylineTrace.normalize(PolylineTrace.java:735)
	at app.freerouting.board.BasicBoard.normalize_traces(BasicBoard.java:830)
	at app.freerouting.autoroute.InsertFoundConnectionAlgo.get_instance(InsertFoundConnectionAlgo.java:87)
	at app.freerouting.autoroute.AutorouteEngine.autoroute_connection(AutorouteEngine.java:241)
	at app.freerouting.autoroute.BatchAutorouter.autoroute_item(BatchAutorouter.java:1104)
	at app.freerouting.autoroute.BatchAutorouter.autoroute_pass(BatchAutorouter.java:451)
	at app.freerouting.autoroute.BatchAutorouter.runBatchLoop(BatchAutorouter.java:744)
	at app.freerouting.management.RoutingJobSchedulerActionThread.thread_action(RoutingJobSchedulerActionThread.java:114)
	at app.freerouting.core.StoppableThread.run(StoppableThread.java:22)
2026-08-16 23:09:27.449 ERROR  Error during routing passes
java.lang.ArrayIndexOutOfBoundsException: Index -1 out of bounds for length 7
	at app.freerouting.geometry.planar.Polyline.remove_overlaps(Polyline.java:157)
	at app.freerouting.geometry.planar.Polyline.<init>(Polyline.java:86)
	at app.freerouting.board.PolylineTrace.combine_at_end(PolylineTrace.java:379)
	at app.freerouting.board.PolylineTrace.combine(PolylineTrace.java:178)
	at app.freerouting.board.PolylineTrace.normalize(PolylineTrace.java:781)
	at app.freerouting.board.PolylineTrace.normalize(PolylineTrace.java:735)
	at app.freerouting.board.BasicBoard.normalize_traces(BasicBoard.java:830)
	at app.freerouting.autoroute.InsertFoundConnectionAlgo.get_instance(InsertFoundConnectionAlgo.java:87)
	at app.freerouting.autoroute.AutorouteEngine.autoroute_connection(AutorouteEngine.java:241)
	at app.freerouting.autoroute.BatchAutorouter.autoroute_item(BatchAutorouter.java:1104)
	at app.freerouting.autoroute.BatchAutorouter.autoroute_pass(BatchAutorouter.java:451)
	at app.freerouting.autoroute.BatchAutorouter.runBatchLoop(BatchAutorouter.java:744)
	at app.freerouting.management.RoutingJobSchedulerActionThread.thread_action(RoutingJobSchedulerActionThread.java:114)
	at app.freerouting.core.StoppableThread.run(StoppableThread.java:22)
2026-08-16 23:09:27.460 ERROR  Error during routing passes
java.lang.ArrayIndexOutOfBoundsException: Index -1 out of bounds for length 7
	at app.freerouting.geometry.planar.Polyline.remove_overlaps(Polyline.java:157)
	at app.freerouting.geometry.planar.Polyline.<init>(Polyline.java:86)
	at app.freerouting.board.PolylineTrace.combine_at_end(PolylineTrace.java:379)
	at app.freerouting.board.PolylineTrace.combine(PolylineTrace.java:178)
	at app.freerouting.board.PolylineTrace.normalize(PolylineTrace.java:781)
	at app.freerouting.board.PolylineTrace.normalize(PolylineTrace.java:735)
	at app.freerouting.board.BasicBoard.normalize_traces(BasicBoard.java:830)
	at app.freerouting.autoroute.InsertFoundConnectionAlgo.get_instance(InsertFoundConnectionAlgo.java:87)
	at app.freerouting.autoroute.AutorouteEngine.autoroute_connection(AutorouteEngine.java:241)
	at app.freerouting.autoroute.BatchAutorouter.autoroute_item(BatchAutorouter.java:1104)
	at app.freerouting.autoroute.BatchAutorouter.autoroute_pass(BatchAutorouter.java:451)
	at app.freerouting.autoroute.BatchAutorouter.runBatchLoop(BatchAutorouter.java:744)
	at app.freerouting.management.RoutingJobSchedulerActionThread.thread_action(RoutingJobSchedulerActionThread.java:114)
	at app.freerouting.core.StoppableThread.run(StoppableThread.java:22)
2026-08-16 23:09:27.474 ERROR  Error during routing passes
java.lang.ArrayIndexOutOfBoundsException: Index -1 out of bounds for length 7
	at app.freerouting.geometry.planar.Polyline.remove_overlaps(Polyline.java:157)
	at app.freerouting.geometry.planar.Polyline.<init>(Polyline.java:86)
	at app.freerouting.board.PolylineTrace.combine_at_end(PolylineTrace.java:379)
	at app.freerouting.board.PolylineTrace.combine(PolylineTrace.java:178)
	at app.freerouting.board.PolylineTrace.normalize(PolylineTrace.java:781)
	at app.freerouting.board.PolylineTrace.normalize(PolylineTrace.java:735)
	at app.freerouting.board.BasicBoard.normalize_traces(BasicBoard.java:830)
	at app.freerouting.autoroute.InsertFoundConnectionAlgo.get_instance(InsertFoundConnectionAlgo.java:87)
	at app.freerouting.autoroute.AutorouteEngine.autoroute_connection(AutorouteEngine.java:241)
	at app.freerouting.autoroute.BatchAutorouter.autoroute_item(BatchAutorouter.java:1104)
	at app.freerouting.autoroute.BatchAutorouter.autoroute_pass(BatchAutorouter.java:451)
	at app.freerouting.autoroute.BatchAutorouter.runBatchLoop(BatchAutorouter.java:744)
	at app.freerouting.management.RoutingJobSchedulerActionThread.thread_action(RoutingJobSchedulerActionThread.java:114)
	at app.freerouting.core.StoppableThread.run(StoppableThread.java:22)
2026-08-16 23:09:27.484 ERROR  Error during routing passes
java.lang.ArrayIndexOutOfBoundsException: Index -1 out of bounds for length 7
	at app.freerouting.geometry.planar.Polyline.remove_overlaps(Polyline.java:157)
	at app.freerouting.geometry.planar.Polyline.<init>(Polyline.java:86)
	at app.freerouting.board.PolylineTrace.combine_at_end(PolylineTrace.java:379)
	at app.freerouting.board.PolylineTrace.combine(PolylineTrace.java:178)
	at app.freerouting.board.PolylineTrace.normalize(PolylineTrace.java:781)
	at app.freerouting.board.PolylineTrace.normalize(PolylineTrace.java:735)
	at app.freerouting.board.BasicBoard.normalize_traces(BasicBoard.java:830)
	at app.freerouting.autoroute.InsertFoundConnectionAlgo.get_instance(InsertFoundConnectionAlgo.java:87)
	at app.freerouting.autoroute.AutorouteEngine.autoroute_connection(AutorouteEngine.java:241)
	at app.freerouting.autoroute.BatchAutorouter.autoroute_item(BatchAutorouter.java:1104)
	at app.freerouting.autoroute.BatchAutorouter.autoroute_pass(BatchAutorouter.java:451)
	at app.freerouting.autoroute.BatchAutorouter.runBatchLoop(BatchAutorouter.java:744)
	at app.freerouting.management.RoutingJobSchedulerActionThread.thread_action(RoutingJobSchedulerActionThread.java:114)
	at app.freerouting.core.StoppableThread.run(StoppableThread.java:22)
2026-08-16 23:09:27.494 ERROR  Error during routing passes
java.lang.ArrayIndexOutOfBoundsException: Index -1 out of bounds for length 7
	at app.freerouting.geometry.planar.Polyline.remove_overlaps(Polyline.java:157)
	at app.freerouting.geometry.planar.Polyline.<init>(Polyline.java:86)
	at app.freerouting.board.PolylineTrace.combine_at_end(PolylineTrace.java:379)
	at app.freerouting.board.PolylineTrace.combine(PolylineTrace.java:178)
	at app.freerouting.board.PolylineTrace.normalize(PolylineTrace.java:781)
	at app.freerouting.board.PolylineTrace.normalize(PolylineTrace.java:735)
	at app.freerouting.board.BasicBoard.normalize_traces(BasicBoard.java:830)
	at app.freerouting.autoroute.InsertFoundConnectionAlgo.get_instance(InsertFoundConnectionAlgo.java:87)
	at app.freerouting.autoroute.AutorouteEngine.autoroute_connection(AutorouteEngine.java:241)
	at app.freerouting.autoroute.BatchAutorouter.autoroute_item(BatchAutorouter.java:1104)
	at app.freerouting.autoroute.BatchAutorouter.autoroute_pass(BatchAutorouter.java:451)
	at app.freerouting.autoroute.BatchAutorouter.runBatchLoop(BatchAutorouter.java:744)
	at app.freerouting.management.RoutingJobSchedulerActionThread.thread_action(RoutingJobSchedulerActionThread.java:114)
	at app.freerouting.core.StoppableThread.run(StoppableThread.java:22)
2026-08-16 23:09:27.506 ERROR  Error during routing passes
java.lang.ArrayIndexOutOfBoundsException: Index -1 out of bounds for length 7
	at app.freerouting.geometry.planar.Polyline.remove_overlaps(Polyline.java:157)
	at app.freerouting.geometry.planar.Polyline.<init>(Polyline.java:86)
	at app.freerouting.board.PolylineTrace.combine_at_end(PolylineTrace.java:379)
	at app.freerouting.board.PolylineTrace.combine(PolylineTrace.java:178)
	at app.freerouting.board.PolylineTrace.normalize(PolylineTrace.java:781)
	at app.freerouting.board.PolylineTrace.normalize(PolylineTrace.java:735)
	at app.freerouting.board.BasicBoard.normalize_traces(BasicBoard.java:830)
	at app.freerouting.autoroute.InsertFoundConnectionAlgo.get_instance(InsertFoundConnectionAlgo.java:87)
	at app.freerouting.autoroute.AutorouteEngine.autoroute_connection(AutorouteEngine.java:241)
	at app.freerouting.autoroute.BatchAutorouter.autoroute_item(BatchAutorouter.java:1104)
	at app.freerouting.autoroute.BatchAutorouter.autoroute_pass(BatchAutorouter.java:451)
	at app.freerouting.autoroute.BatchAutorouter.runBatchLoop(BatchAutorouter.java:744)
	at app.freerouting.management.RoutingJobSchedulerActionThread.thread_action(RoutingJobSchedulerActionThread.java:114)
	at app.freerouting.core.StoppableThread.run(StoppableThread.java:22)
2026-08-16 23:09:27.646 ERROR  Error during routing passes
java.lang.ArrayIndexOutOfBoundsException: Index -1 out of bounds for length 7
	at app.freerouting.geometry.planar.Polyline.remove_overlaps(Polyline.java:157)
	at app.freerouting.geometry.planar.Polyline.<init>(Polyline.java:86)
	at app.freerouting.board.PolylineTrace.combine_at_end(PolylineTrace.java:379)
	at app.freerouting.board.PolylineTrace.combine(PolylineTrace.java:178)
	at app.freerouting.board.PolylineTrace.normalize(PolylineTrace.java:781)
	at app.freerouting.board.PolylineTrace.normalize(PolylineTrace.java:735)
	at app.freerouting.board.BasicBoard.normalize_traces(BasicBoard.java:830)
	at app.freerouting.autoroute.InsertFoundConnectionAlgo.get_instance(InsertFoundConnectionAlgo.java:87)
	at app.freerouting.autoroute.AutorouteEngine.autoroute_connection(AutorouteEngine.java:241)
	at app.freerouting.autoroute.BatchAutorouter.autoroute_item(BatchAutorouter.java:1104)
	at app.freerouting.autoroute.BatchAutorouter.autoroute_pass(BatchAutorouter.java:451)
	at app.freerouting.autoroute.BatchAutorouter.runBatchLoop(BatchAutorouter.java:744)
	at app.freerouting.management.RoutingJobSchedulerActionThread.thread_action(RoutingJobSchedulerActionThread.java:114)
	at app.freerouting.core.StoppableThread.run(StoppableThread.java:22)
2026-08-16 23:09:27.685 ERROR  Error during routing passes
java.lang.ArrayIndexOutOfBoundsException: Index -1 out of bounds for length 7
	at app.freerouting.geometry.planar.Polyline.remove_overlaps(Polyline.java:157)
	at app.freerouting.geometry.planar.Polyline.<init>(Polyline.java:86)
	at app.freerouting.board.PolylineTrace.combine_at_end(PolylineTrace.java:379)
	at app.freerouting.board.PolylineTrace.combine(PolylineTrace.java:178)
	at app.freerouting.board.PolylineTrace.normalize(PolylineTrace.java:781)
	at app.freerouting.board.PolylineTrace.normalize(PolylineTrace.java:735)
	at app.freerouting.board.BasicBoard.normalize_traces(BasicBoard.java:830)
	at app.freerouting.autoroute.InsertFoundConnectionAlgo.get_instance(InsertFoundConnectionAlgo.java:87)
	at app.freerouting.autoroute.AutorouteEngine.autoroute_connection(AutorouteEngine.java:241)
	at app.freerouting.autoroute.BatchAutorouter.autoroute_item(BatchAutorouter.java:1104)
	at app.freerouting.autoroute.BatchAutorouter.autoroute_pass(BatchAutorouter.java:451)
	at app.freerouting.autoroute.BatchAutorouter.runBatchLoop(BatchAutorouter.java:744)
	at app.freerouting.management.RoutingJobSchedulerActionThread.thread_action(RoutingJobSchedulerActionThread.java:114)
	at app.freerouting.core.StoppableThread.run(StoppableThread.java:22)
2026-08-16 23:09:27.702 ERROR  Error during routing passes
java.lang.ArrayIndexOutOfBoundsException: Index -1 out of bounds for length 7
	at app.freerouting.geometry.planar.Polyline.remove_overlaps(Polyline.java:157)
	at app.freerouting.geometry.planar.Polyline.<init>(Polyline.java:86)
	at app.freerouting.board.PolylineTrace.combine_at_end(PolylineTrace.java:379)
	at app.freerouting.board.PolylineTrace.combine(PolylineTrace.java:178)
	at app.freerouting.board.PolylineTrace.normalize(PolylineTrace.java:781)
	at app.freerouting.board.PolylineTrace.normalize(PolylineTrace.java:735)
	at app.freerouting.board.BasicBoard.normalize_traces(BasicBoard.java:830)
	at app.freerouting.autoroute.InsertFoundConnectionAlgo.get_instance(InsertFoundConnectionAlgo.java:87)
	at app.freerouting.autoroute.AutorouteEngine.autoroute_connection(AutorouteEngine.java:241)
	at app.freerouting.autoroute.BatchAutorouter.autoroute_item(BatchAutorouter.java:1104)
	at app.freerouting.autoroute.BatchAutorouter.autoroute_pass(BatchAutorouter.java:451)
	at app.freerouting.autoroute.BatchAutorouter.runBatchLoop(BatchAutorouter.java:744)
	at app.freerouting.management.RoutingJobSchedulerActionThread.thread_action(RoutingJobSchedulerActionThread.java:114)
	at app.freerouting.core.StoppableThread.run(StoppableThread.java:22)
2026-08-16 23:09:27.752 ERROR  Error during routing passes
java.lang.ArrayIndexOutOfBoundsException: Index -1 out of bounds for length 7
	at app.freerouting.geometry.planar.Polyline.remove_overlaps(Polyline.java:157)
	at app.freerouting.geometry.planar.Polyline.<init>(Polyline.java:86)
	at app.freerouting.board.PolylineTrace.combine_at_end(PolylineTrace.java:379)
	at app.freerouting.board.PolylineTrace.combine(PolylineTrace.java:178)
	at app.freerouting.board.PolylineTrace.normalize(PolylineTrace.java:781)
	at app.freerouting.board.PolylineTrace.normalize(PolylineTrace.java:735)
	at app.freerouting.board.BasicBoard.normalize_traces(BasicBoard.java:830)
	at app.freerouting.autoroute.InsertFoundConnectionAlgo.get_instance(InsertFoundConnectionAlgo.java:87)
	at app.freerouting.autoroute.AutorouteEngine.autoroute_connection(AutorouteEngine.java:241)
	at app.freerouting.autoroute.BatchAutorouter.autoroute_item(BatchAutorouter.java:1104)
	at app.freerouting.autoroute.BatchAutorouter.autoroute_pass(BatchAutorouter.java:451)
	at app.freerouting.autoroute.BatchAutorouter.runBatchLoop(BatchAutorouter.java:744)
	at app.freerouting.management.RoutingJobSchedulerActionThread.thread_action(RoutingJobSchedulerActionThread.java:114)
	at app.freerouting.core.StoppableThread.run(StoppableThread.java:22)
2026-08-16 23:09:27.762 ERROR  Error during routing passes
java.lang.ArrayIndexOutOfBoundsException: Index -1 out of bounds for length 7
	at app.freerouting.geometry.planar.Polyline.remove_overlaps(Polyline.java:157)
	at app.freerouting.geometry.planar.Polyline.<init>(Polyline.java:86)
	at app.freerouting.board.PolylineTrace.combine_at_end(PolylineTrace.java:379)
	at app.freerouting.board.PolylineTrace.combine(PolylineTrace.java:178)
	at app.freerouting.board.PolylineTrace.normalize(PolylineTrace.java:781)
	at app.freerouting.board.PolylineTrace.normalize(PolylineTrace.java:735)
	at app.freerouting.board.BasicBoard.normalize_traces(BasicBoard.java:830)
	at app.freerouting.autoroute.InsertFoundConnectionAlgo.get_instance(InsertFoundConnectionAlgo.java:87)
	at app.freerouting.autoroute.AutorouteEngine.autoroute_connection(AutorouteEngine.java:241)
	at app.freerouting.autoroute.BatchAutorouter.autoroute_item(BatchAutorouter.java:1104)
	at app.freerouting.autoroute.BatchAutorouter.autoroute_pass(BatchAutorouter.java:451)
	at app.freerouting.autoroute.BatchAutorouter.runBatchLoop(BatchAutorouter.java:744)
	at app.freerouting.management.RoutingJobSchedulerActionThread.thread_action(RoutingJobSchedulerActionThread.java:114)
	at app.freerouting.core.StoppableThread.run(StoppableThread.java:22)
2026-08-16 23:09:27.767 ERROR  [F535CC\90DB66] Something went wrong during the auto-routing
java.lang.ArrayIndexOutOfBoundsException: Index -1 out of bounds for length 7
	at app.freerouting.geometry.planar.Polyline.remove_overlaps(Polyline.java:157)
	at app.freerouting.geometry.planar.Polyline.<init>(Polyline.java:86)
	at app.freerouting.board.PolylineTrace.combine_at_end(PolylineTrace.java:379)
	at app.freerouting.board.PolylineTrace.combine(PolylineTrace.java:178)
	at app.freerouting.board.BasicBoard.combine_traces(BasicBoard.java:797)
	at app.freerouting.board.RoutingBoard.remove_trace_tails(RoutingBoard.java:1138)
	at app.freerouting.autoroute.BatchAutorouter.remove_tails(BatchAutorouter.java:1033)
	at app.freerouting.autoroute.BatchAutorouter.autoroute_pass(BatchAutorouter.java:589)
	at app.freerouting.autoroute.BatchAutorouter.runBatchLoop(BatchAutorouter.java:744)
	at app.freerouting.management.RoutingJobSchedulerActionThread.thread_action(RoutingJobSchedulerActionThread.java:114)
	at app.freerouting.core.StoppableThread.run(StoppableThread.java:22)
