2026-08-16 23:09:29.189 INFO   Freerouting v2.2.4 (build-date: 2026-05-13)
2026-08-16 23:09:30.419 WARN   DSN file 'bb-mcu.dsn' was loaded with 1 warning(s).
2026-08-16 23:09:30.480 INFO   [B33741\6A0070] Job 'B33741\6A0070' started at 2026-08-17T06:09:30.479565900Z.
2026-08-16 23:09:30.705 ERROR  Error during routing passes
java.lang.ArrayIndexOutOfBoundsException: Index -1 out of bounds for length 7
	at app.freerouting.geometry.planar.Polyline.remove_overlaps(Polyline.java:157)
	at app.freerouting.geometry.planar.Polyline.<init>(Polyline.java:86)
	at app.freerouting.board.PolylineTrace.combine_at_end(PolylineTrace.java:379)
	at app.freerouting.board.PolylineTrace.combine(PolylineTrace.java:178)
	at app.freerouting.board.PolylineTrace.normalize(PolylineTrace.java:781)
	at app.freerouting.board.PolylineTrace.normalize(PolylineTrace.java:735)
	at app.freerouting.board.BasicBoard.normalize_traces(BasicBoard.java:830)
	at app.freerouting.autoroute.InsertFoundConnectionAlgo.get_instance(InsertFoundConnectionAlgo.java:87)
	at app.freerouting.autoroute.AutorouteEngine.autoroute_connection(AutorouteEngine.java:241)
	at app.freerouting.autoroute.BatchAutorouter.autoroute_item(BatchAutorouter.java:1104)
	at app.freerouting.autoroute.BatchAutorouter.autoroute_pass(BatchAutorouter.java:451)
	at app.freerouting.autoroute.BatchAutorouter.runBatchLoop(BatchAutorouter.java:744)
	at app.freerouting.management.RoutingJobSchedulerActionThread.thread_action(RoutingJobSchedulerActionThread.java:114)
	at app.freerouting.core.StoppableThread.run(StoppableThread.java:22)
2026-08-16 23:09:30.796 ERROR  Error during routing passes
java.lang.ArrayIndexOutOfBoundsException: Index -1 out of bounds for length 7
	at app.freerouting.geometry.planar.Polyline.remove_overlaps(Polyline.java:157)
	at app.freerouting.geometry.planar.Polyline.<init>(Polyline.java:86)
	at app.freerouting.board.PolylineTrace.combine_at_end(PolylineTrace.java:379)
	at app.freerouting.board.PolylineTrace.combine(PolylineTrace.java:178)
	at app.freerouting.board.PolylineTrace.normalize(PolylineTrace.java:781)
	at app.freerouting.board.PolylineTrace.normalize(PolylineTrace.java:735)
	at app.freerouting.board.BasicBoard.normalize_traces(BasicBoard.java:830)
	at app.freerouting.autoroute.InsertFoundConnectionAlgo.get_instance(InsertFoundConnectionAlgo.java:87)
	at app.freerouting.autoroute.AutorouteEngine.autoroute_connection(AutorouteEngine.java:241)
	at app.freerouting.autoroute.BatchAutorouter.autoroute_item(BatchAutorouter.java:1104)
	at app.freerouting.autoroute.BatchAutorouter.autoroute_pass(BatchAutorouter.java:451)
	at app.freerouting.autoroute.BatchAutorouter.runBatchLoop(BatchAutorouter.java:744)
	at app.freerouting.management.RoutingJobSchedulerActionThread.thread_action(RoutingJobSchedulerActionThread.java:114)
	at app.freerouting.core.StoppableThread.run(StoppableThread.java:22)
2026-08-16 23:09:30.810 ERROR  Error during routing passes
java.lang.ArrayIndexOutOfBoundsException: Index -1 out of bounds for length 7
	at app.freerouting.geometry.planar.Polyline.remove_overlaps(Polyline.java:157)
	at app.freerouting.geometry.planar.Polyline.<init>(Polyline.java:86)
	at app.freerouting.board.PolylineTrace.combine_at_end(PolylineTrace.java:379)
	at app.freerouting.board.PolylineTrace.combine(PolylineTrace.java:178)
	at app.freerouting.board.PolylineTrace.normalize(PolylineTrace.java:781)
	at app.freerouting.board.PolylineTrace.normalize(PolylineTrace.java:735)
	at app.freerouting.board.BasicBoard.normalize_traces(BasicBoard.java:830)
	at app.freerouting.autoroute.InsertFoundConnectionAlgo.get_instance(InsertFoundConnectionAlgo.java:87)
	at app.freerouting.autoroute.AutorouteEngine.autoroute_connection(AutorouteEngine.java:241)
	at app.freerouting.autoroute.BatchAutorouter.autoroute_item(BatchAutorouter.java:1104)
	at app.freerouting.autoroute.BatchAutorouter.autoroute_pass(BatchAutorouter.java:451)
	at app.freerouting.autoroute.BatchAutorouter.runBatchLoop(BatchAutorouter.java:744)
	at app.freerouting.management.RoutingJobSchedulerActionThread.thread_action(RoutingJobSchedulerActionThread.java:114)
	at app.freerouting.core.StoppableThread.run(StoppableThread.java:22)
2026-08-16 23:09:30.820 ERROR  Error during routing passes
java.lang.ArrayIndexOutOfBoundsException: Index -1 out of bounds for length 7
	at app.freerouting.geometry.planar.Polyline.remove_overlaps(Polyline.java:157)
	at app.freerouting.geometry.planar.Polyline.<init>(Polyline.java:86)
	at app.freerouting.board.PolylineTrace.combine_at_end(PolylineTrace.java:379)
	at app.freerouting.board.PolylineTrace.combine(PolylineTrace.java:178)
	at app.freerouting.board.PolylineTrace.normalize(PolylineTrace.java:781)
	at app.freerouting.board.PolylineTrace.normalize(PolylineTrace.java:735)
	at app.freerouting.board.BasicBoard.normalize_traces(BasicBoard.java:830)
	at app.freerouting.autoroute.InsertFoundConnectionAlgo.get_instance(InsertFoundConnectionAlgo.java:87)
	at app.freerouting.autoroute.AutorouteEngine.autoroute_connection(AutorouteEngine.java:241)
	at app.freerouting.autoroute.BatchAutorouter.autoroute_item(BatchAutorouter.java:1104)
	at app.freerouting.autoroute.BatchAutorouter.autoroute_pass(BatchAutorouter.java:451)
	at app.freerouting.autoroute.BatchAutorouter.runBatchLoop(BatchAutorouter.java:744)
	at app.freerouting.management.RoutingJobSchedulerActionThread.thread_action(RoutingJobSchedulerActionThread.java:114)
	at app.freerouting.core.StoppableThread.run(StoppableThread.java:22)
2026-08-16 23:09:30.838 ERROR  Error during routing passes
java.lang.ArrayIndexOutOfBoundsException: Index -1 out of bounds for length 7
	at app.freerouting.geometry.planar.Polyline.remove_overlaps(Polyline.java:157)
	at app.freerouting.geometry.planar.Polyline.<init>(Polyline.java:86)
	at app.freerouting.board.PolylineTrace.combine_at_end(PolylineTrace.java:379)
	at app.freerouting.board.PolylineTrace.combine(PolylineTrace.java:178)
	at app.freerouting.board.PolylineTrace.normalize(PolylineTrace.java:781)
	at app.freerouting.board.PolylineTrace.normalize(PolylineTrace.java:735)
	at app.freerouting.board.BasicBoard.normalize_traces(BasicBoard.java:830)
	at app.freerouting.autoroute.InsertFoundConnectionAlgo.get_instance(InsertFoundConnectionAlgo.java:87)
	at app.freerouting.autoroute.AutorouteEngine.autoroute_connection(AutorouteEngine.java:241)
	at app.freerouting.autoroute.BatchAutorouter.autoroute_item(BatchAutorouter.java:1104)
	at app.freerouting.autoroute.BatchAutorouter.autoroute_pass(BatchAutorouter.java:451)
	at app.freerouting.autoroute.BatchAutorouter.runBatchLoop(BatchAutorouter.java:744)
	at app.freerouting.management.RoutingJobSchedulerActionThread.thread_action(RoutingJobSchedulerActionThread.java:114)
	at app.freerouting.core.StoppableThread.run(StoppableThread.java:22)
2026-08-16 23:09:30.853 ERROR  Error during routing passes
java.lang.ArrayIndexOutOfBoundsException: Index -1 out of bounds for length 7
	at app.freerouting.geometry.planar.Polyline.remove_overlaps(Polyline.java:157)
	at app.freerouting.geometry.planar.Polyline.<init>(Polyline.java:86)
	at app.freerouting.board.PolylineTrace.combine_at_end(PolylineTrace.java:379)
	at app.freerouting.board.PolylineTrace.combine(PolylineTrace.java:178)
	at app.freerouting.board.PolylineTrace.normalize(PolylineTrace.java:781)
	at app.freerouting.board.PolylineTrace.normalize(PolylineTrace.java:735)
	at app.freerouting.board.BasicBoard.normalize_traces(BasicBoard.java:830)
	at app.freerouting.autoroute.InsertFoundConnectionAlgo.get_instance(InsertFoundConnectionAlgo.java:87)
	at app.freerouting.autoroute.AutorouteEngine.autoroute_connection(AutorouteEngine.java:241)
	at app.freerouting.autoroute.BatchAutorouter.autoroute_item(BatchAutorouter.java:1104)
	at app.freerouting.autoroute.BatchAutorouter.autoroute_pass(BatchAutorouter.java:451)
	at app.freerouting.autoroute.BatchAutorouter.runBatchLoop(BatchAutorouter.java:744)
	at app.freerouting.management.RoutingJobSchedulerActionThread.thread_action(RoutingJobSchedulerActionThread.java:114)
	at app.freerouting.core.StoppableThread.run(StoppableThread.java:22)
2026-08-16 23:09:30.865 ERROR  Error during routing passes
java.lang.ArrayIndexOutOfBoundsException: Index -1 out of bounds for length 7
	at app.freerouting.geometry.planar.Polyline.remove_overlaps(Polyline.java:157)
	at app.freerouting.geometry.planar.Polyline.<init>(Polyline.java:86)
	at app.freerouting.board.PolylineTrace.combine_at_end(PolylineTrace.java:379)
	at app.freerouting.board.PolylineTrace.combine(PolylineTrace.java:178)
	at app.freerouting.board.PolylineTrace.normalize(PolylineTrace.java:781)
	at app.freerouting.board.PolylineTrace.normalize(PolylineTrace.java:735)
	at app.freerouting.board.BasicBoard.normalize_traces(BasicBoard.java:830)
	at app.freerouting.autoroute.InsertFoundConnectionAlgo.get_instance(InsertFoundConnectionAlgo.java:87)
	at app.freerouting.autoroute.AutorouteEngine.autoroute_connection(AutorouteEngine.java:241)
	at app.freerouting.autoroute.BatchAutorouter.autoroute_item(BatchAutorouter.java:1104)
	at app.freerouting.autoroute.BatchAutorouter.autoroute_pass(BatchAutorouter.java:451)
	at app.freerouting.autoroute.BatchAutorouter.runBatchLoop(BatchAutorouter.java:744)
	at app.freerouting.management.RoutingJobSchedulerActionThread.thread_action(RoutingJobSchedulerActionThread.java:114)
	at app.freerouting.core.StoppableThread.run(StoppableThread.java:22)
2026-08-16 23:09:30.875 INFO   New version available: v2.3.0
2026-08-16 23:09:30.877 ERROR  Error during routing passes
java.lang.ArrayIndexOutOfBoundsException: Index -1 out of bounds for length 7
	at app.freerouting.geometry.planar.Polyline.remove_overlaps(Polyline.java:157)
	at app.freerouting.geometry.planar.Polyline.<init>(Polyline.java:86)
	at app.freerouting.board.PolylineTrace.combine_at_end(PolylineTrace.java:379)
	at app.freerouting.board.PolylineTrace.combine(PolylineTrace.java:178)
	at app.freerouting.board.PolylineTrace.normalize(PolylineTrace.java:781)
	at app.freerouting.board.PolylineTrace.normalize(PolylineTrace.java:735)
	at app.freerouting.board.BasicBoard.normalize_traces(BasicBoard.java:830)
	at app.freerouting.autoroute.InsertFoundConnectionAlgo.get_instance(InsertFoundConnectionAlgo.java:87)
	at app.freerouting.autoroute.AutorouteEngine.autoroute_connection(AutorouteEngine.java:241)
	at app.freerouting.autoroute.BatchAutorouter.autoroute_item(BatchAutorouter.java:1104)
	at app.freerouting.autoroute.BatchAutorouter.autoroute_pass(BatchAutorouter.java:451)
	at app.freerouting.autoroute.BatchAutorouter.runBatchLoop(BatchAutorouter.java:744)
	at app.freerouting.management.RoutingJobSchedulerActionThread.thread_action(RoutingJobSchedulerActionThread.java:114)
	at app.freerouting.core.StoppableThread.run(StoppableThread.java:22)
2026-08-16 23:09:30.891 ERROR  Error during routing passes
java.lang.ArrayIndexOutOfBoundsException: Index -1 out of bounds for length 7
	at app.freerouting.geometry.planar.Polyline.remove_overlaps(Polyline.java:157)
	at app.freerouting.geometry.planar.Polyline.<init>(Polyline.java:86)
	at app.freerouting.board.PolylineTrace.combine_at_end(PolylineTrace.java:379)
	at app.freerouting.board.PolylineTrace.combine(PolylineTrace.java:178)
	at app.freerouting.board.PolylineTrace.normalize(PolylineTrace.java:781)
	at app.freerouting.board.PolylineTrace.normalize(PolylineTrace.java:735)
	at app.freerouting.board.BasicBoard.normalize_traces(BasicBoard.java:830)
	at app.freerouting.autoroute.InsertFoundConnectionAlgo.get_instance(InsertFoundConnectionAlgo.java:87)
	at app.freerouting.autoroute.AutorouteEngine.autoroute_connection(AutorouteEngine.java:241)
	at app.freerouting.autoroute.BatchAutorouter.autoroute_item(BatchAutorouter.java:1104)
	at app.freerouting.autoroute.BatchAutorouter.autoroute_pass(BatchAutorouter.java:451)
	at app.freerouting.autoroute.BatchAutorouter.runBatchLoop(BatchAutorouter.java:744)
	at app.freerouting.management.RoutingJobSchedulerActionThread.thread_action(RoutingJobSchedulerActionThread.java:114)
	at app.freerouting.core.StoppableThread.run(StoppableThread.java:22)
2026-08-16 23:09:31.030 ERROR  Error during routing passes
java.lang.ArrayIndexOutOfBoundsException: Index -1 out of bounds for length 7
	at app.freerouting.geometry.planar.Polyline.remove_overlaps(Polyline.java:157)
	at app.freerouting.geometry.planar.Polyline.<init>(Polyline.java:86)
	at app.freerouting.board.PolylineTrace.combine_at_end(PolylineTrace.java:379)
	at app.freerouting.board.PolylineTrace.combine(PolylineTrace.java:178)
	at app.freerouting.board.PolylineTrace.normalize(PolylineTrace.java:781)
	at app.freerouting.board.PolylineTrace.normalize(PolylineTrace.java:735)
	at app.freerouting.board.BasicBoard.normalize_traces(BasicBoard.java:830)
	at app.freerouting.autoroute.InsertFoundConnectionAlgo.get_instance(InsertFoundConnectionAlgo.java:87)
	at app.freerouting.autoroute.AutorouteEngine.autoroute_connection(AutorouteEngine.java:241)
	at app.freerouting.autoroute.BatchAutorouter.autoroute_item(BatchAutorouter.java:1104)
	at app.freerouting.autoroute.BatchAutorouter.autoroute_pass(BatchAutorouter.java:451)
	at app.freerouting.autoroute.BatchAutorouter.runBatchLoop(BatchAutorouter.java:744)
	at app.freerouting.management.RoutingJobSchedulerActionThread.thread_action(RoutingJobSchedulerActionThread.java:114)
	at app.freerouting.core.StoppableThread.run(StoppableThread.java:22)
2026-08-16 23:09:31.067 ERROR  Error during routing passes
java.lang.ArrayIndexOutOfBoundsException: Index -1 out of bounds for length 7
	at app.freerouting.geometry.planar.Polyline.remove_overlaps(Polyline.java:157)
	at app.freerouting.geometry.planar.Polyline.<init>(Polyline.java:86)
	at app.freerouting.board.PolylineTrace.combine_at_end(PolylineTrace.java:379)
	at app.freerouting.board.PolylineTrace.combine(PolylineTrace.java:178)
	at app.freerouting.board.PolylineTrace.normalize(PolylineTrace.java:781)
	at app.freerouting.board.PolylineTrace.normalize(PolylineTrace.java:735)
	at app.freerouting.board.BasicBoard.normalize_traces(BasicBoard.java:830)
	at app.freerouting.autoroute.InsertFoundConnectionAlgo.get_instance(InsertFoundConnectionAlgo.java:87)
	at app.freerouting.autoroute.AutorouteEngine.autoroute_connection(AutorouteEngine.java:241)
	at app.freerouting.autoroute.BatchAutorouter.autoroute_item(BatchAutorouter.java:1104)
	at app.freerouting.autoroute.BatchAutorouter.autoroute_pass(BatchAutorouter.java:451)
	at app.freerouting.autoroute.BatchAutorouter.runBatchLoop(BatchAutorouter.java:744)
	at app.freerouting.management.RoutingJobSchedulerActionThread.thread_action(RoutingJobSchedulerActionThread.java:114)
	at app.freerouting.core.StoppableThread.run(StoppableThread.java:22)
2026-08-16 23:09:31.083 ERROR  Error during routing passes
java.lang.ArrayIndexOutOfBoundsException: Index -1 out of bounds for length 7
	at app.freerouting.geometry.planar.Polyline.remove_overlaps(Polyline.java:157)
	at app.freerouting.geometry.planar.Polyline.<init>(Polyline.java:86)
	at app.freerouting.board.PolylineTrace.combine_at_end(PolylineTrace.java:379)
	at app.freerouting.board.PolylineTrace.combine(PolylineTrace.java:178)
	at app.freerouting.board.PolylineTrace.normalize(PolylineTrace.java:781)
	at app.freerouting.board.PolylineTrace.normalize(PolylineTrace.java:735)
	at app.freerouting.board.BasicBoard.normalize_traces(BasicBoard.java:830)
	at app.freerouting.autoroute.InsertFoundConnectionAlgo.get_instance(InsertFoundConnectionAlgo.java:87)
	at app.freerouting.autoroute.AutorouteEngine.autoroute_connection(AutorouteEngine.java:241)
	at app.freerouting.autoroute.BatchAutorouter.autoroute_item(BatchAutorouter.java:1104)
	at app.freerouting.autoroute.BatchAutorouter.autoroute_pass(BatchAutorouter.java:451)
	at app.freerouting.autoroute.BatchAutorouter.runBatchLoop(BatchAutorouter.java:744)
	at app.freerouting.management.RoutingJobSchedulerActionThread.thread_action(RoutingJobSchedulerActionThread.java:114)
	at app.freerouting.core.StoppableThread.run(StoppableThread.java:22)
2026-08-16 23:09:31.130 ERROR  Error during routing passes
java.lang.ArrayIndexOutOfBoundsException: Index -1 out of bounds for length 7
	at app.freerouting.geometry.planar.Polyline.remove_overlaps(Polyline.java:157)
	at app.freerouting.geometry.planar.Polyline.<init>(Polyline.java:86)
	at app.freerouting.board.PolylineTrace.combine_at_end(PolylineTrace.java:379)
	at app.freerouting.board.PolylineTrace.combine(PolylineTrace.java:178)
	at app.freerouting.board.PolylineTrace.normalize(PolylineTrace.java:781)
	at app.freerouting.board.PolylineTrace.normalize(PolylineTrace.java:735)
	at app.freerouting.board.BasicBoard.normalize_traces(BasicBoard.java:830)
	at app.freerouting.autoroute.InsertFoundConnectionAlgo.get_instance(InsertFoundConnectionAlgo.java:87)
	at app.freerouting.autoroute.AutorouteEngine.autoroute_connection(AutorouteEngine.java:241)
	at app.freerouting.autoroute.BatchAutorouter.autoroute_item(BatchAutorouter.java:1104)
	at app.freerouting.autoroute.BatchAutorouter.autoroute_pass(BatchAutorouter.java:451)
	at app.freerouting.autoroute.BatchAutorouter.runBatchLoop(BatchAutorouter.java:744)
	at app.freerouting.management.RoutingJobSchedulerActionThread.thread_action(RoutingJobSchedulerActionThread.java:114)
	at app.freerouting.core.StoppableThread.run(StoppableThread.java:22)
2026-08-16 23:09:31.138 ERROR  Error during routing passes
java.lang.ArrayIndexOutOfBoundsException: Index -1 out of bounds for length 7
	at app.freerouting.geometry.planar.Polyline.remove_overlaps(Polyline.java:157)
	at app.freerouting.geometry.planar.Polyline.<init>(Polyline.java:86)
	at app.freerouting.board.PolylineTrace.combine_at_end(PolylineTrace.java:379)
	at app.freerouting.board.PolylineTrace.combine(PolylineTrace.java:178)
	at app.freerouting.board.PolylineTrace.normalize(PolylineTrace.java:781)
	at app.freerouting.board.PolylineTrace.normalize(PolylineTrace.java:735)
	at app.freerouting.board.BasicBoard.normalize_traces(BasicBoard.java:830)
	at app.freerouting.autoroute.InsertFoundConnectionAlgo.get_instance(InsertFoundConnectionAlgo.java:87)
	at app.freerouting.autoroute.AutorouteEngine.autoroute_connection(AutorouteEngine.java:241)
	at app.freerouting.autoroute.BatchAutorouter.autoroute_item(BatchAutorouter.java:1104)
	at app.freerouting.autoroute.BatchAutorouter.autoroute_pass(BatchAutorouter.java:451)
	at app.freerouting.autoroute.BatchAutorouter.runBatchLoop(BatchAutorouter.java:744)
	at app.freerouting.management.RoutingJobSchedulerActionThread.thread_action(RoutingJobSchedulerActionThread.java:114)
	at app.freerouting.core.StoppableThread.run(StoppableThread.java:22)
2026-08-16 23:09:31.140 ERROR  [B33741\6A0070] Something went wrong during the auto-routing
java.lang.ArrayIndexOutOfBoundsException: Index -1 out of bounds for length 7
	at app.freerouting.geometry.planar.Polyline.remove_overlaps(Polyline.java:157)
	at app.freerouting.geometry.planar.Polyline.<init>(Polyline.java:86)
	at app.freerouting.board.PolylineTrace.combine_at_end(PolylineTrace.java:379)
	at app.freerouting.board.PolylineTrace.combine(PolylineTrace.java:178)
	at app.freerouting.board.BasicBoard.combine_traces(BasicBoard.java:797)
	at app.freerouting.board.RoutingBoard.remove_trace_tails(RoutingBoard.java:1138)
	at app.freerouting.autoroute.BatchAutorouter.remove_tails(BatchAutorouter.java:1033)
	at app.freerouting.autoroute.BatchAutorouter.autoroute_pass(BatchAutorouter.java:589)
	at app.freerouting.autoroute.BatchAutorouter.runBatchLoop(BatchAutorouter.java:744)
	at app.freerouting.management.RoutingJobSchedulerActionThread.thread_action(RoutingJobSchedulerActionThread.java:114)
	at app.freerouting.core.StoppableThread.run(StoppableThread.java:22)
2026-08-16 23:09:31.144 INFO   [B33741\6A0070] Auto-router pass #1 on board 'c6b89d0114c03d22d018914158bceb73' was completed in 0.57 seconds with the score of 961.17 (3 unrouted).
2026-08-16 23:09:31.157 INFO   [B33741\6A0070] Auto-router session completed: started with 21 unrouted nets, completed in 0.63 seconds, final score: 961.17 (3 unrouted), using 0.00 total CPU seconds, 0.00 GB total allocated, and 0.00 MB peak heap usage.

2026-08-16 23:09:30.705 ERROR  Error during routing passes
java.lang.ArrayIndexOutOfBoundsException: Index -1 out of bounds for length 7
	at app.freerouting.geometry.planar.Polyline.remove_overlaps(Polyline.java:157)
	at app.freerouting.geometry.planar.Polyline.<init>(Polyline.java:86)
	at app.freerouting.board.PolylineTrace.combine_at_end(PolylineTrace.java:379)
	at app.freerouting.board.PolylineTrace.combine(PolylineTrace.java:178)
	at app.freerouting.board.PolylineTrace.normalize(PolylineTrace.java:781)
	at app.freerouting.board.PolylineTrace.normalize(PolylineTrace.java:735)
	at app.freerouting.board.BasicBoard.normalize_traces(BasicBoard.java:830)
	at app.freerouting.autoroute.InsertFoundConnectionAlgo.get_instance(InsertFoundConnectionAlgo.java:87)
	at app.freerouting.autoroute.AutorouteEngine.autoroute_connection(AutorouteEngine.java:241)
	at app.freerouting.autoroute.BatchAutorouter.autoroute_item(BatchAutorouter.java:1104)
	at app.freerouting.autoroute.BatchAutorouter.autoroute_pass(BatchAutorouter.java:451)
	at app.freerouting.autoroute.BatchAutorouter.runBatchLoop(BatchAutorouter.java:744)
	at app.freerouting.management.RoutingJobSchedulerActionThread.thread_action(RoutingJobSchedulerActionThread.java:114)
	at app.freerouting.core.StoppableThread.run(StoppableThread.java:22)
2026-08-16 23:09:30.796 ERROR  Error during routing passes
java.lang.ArrayIndexOutOfBoundsException: Index -1 out of bounds for length 7
	at app.freerouting.geometry.planar.Polyline.remove_overlaps(Polyline.java:157)
	at app.freerouting.geometry.planar.Polyline.<init>(Polyline.java:86)
	at app.freerouting.board.PolylineTrace.combine_at_end(PolylineTrace.java:379)
	at app.freerouting.board.PolylineTrace.combine(PolylineTrace.java:178)
	at app.freerouting.board.PolylineTrace.normalize(PolylineTrace.java:781)
	at app.freerouting.board.PolylineTrace.normalize(PolylineTrace.java:735)
	at app.freerouting.board.BasicBoard.normalize_traces(BasicBoard.java:830)
	at app.freerouting.autoroute.InsertFoundConnectionAlgo.get_instance(InsertFoundConnectionAlgo.java:87)
	at app.freerouting.autoroute.AutorouteEngine.autoroute_connection(AutorouteEngine.java:241)
	at app.freerouting.autoroute.BatchAutorouter.autoroute_item(BatchAutorouter.java:1104)
	at app.freerouting.autoroute.BatchAutorouter.autoroute_pass(BatchAutorouter.java:451)
	at app.freerouting.autoroute.BatchAutorouter.runBatchLoop(BatchAutorouter.java:744)
	at app.freerouting.management.RoutingJobSchedulerActionThread.thread_action(RoutingJobSchedulerActionThread.java:114)
	at app.freerouting.core.StoppableThread.run(StoppableThread.java:22)
2026-08-16 23:09:30.810 ERROR  Error during routing passes
java.lang.ArrayIndexOutOfBoundsException: Index -1 out of bounds for length 7
	at app.freerouting.geometry.planar.Polyline.remove_overlaps(Polyline.java:157)
	at app.freerouting.geometry.planar.Polyline.<init>(Polyline.java:86)
	at app.freerouting.board.PolylineTrace.combine_at_end(PolylineTrace.java:379)
	at app.freerouting.board.PolylineTrace.combine(PolylineTrace.java:178)
	at app.freerouting.board.PolylineTrace.normalize(PolylineTrace.java:781)
	at app.freerouting.board.PolylineTrace.normalize(PolylineTrace.java:735)
	at app.freerouting.board.BasicBoard.normalize_traces(BasicBoard.java:830)
	at app.freerouting.autoroute.InsertFoundConnectionAlgo.get_instance(InsertFoundConnectionAlgo.java:87)
	at app.freerouting.autoroute.AutorouteEngine.autoroute_connection(AutorouteEngine.java:241)
	at app.freerouting.autoroute.BatchAutorouter.autoroute_item(BatchAutorouter.java:1104)
	at app.freerouting.autoroute.BatchAutorouter.autoroute_pass(BatchAutorouter.java:451)
	at app.freerouting.autoroute.BatchAutorouter.runBatchLoop(BatchAutorouter.java:744)
	at app.freerouting.management.RoutingJobSchedulerActionThread.thread_action(RoutingJobSchedulerActionThread.java:114)
	at app.freerouting.core.StoppableThread.run(StoppableThread.java:22)
2026-08-16 23:09:30.820 ERROR  Error during routing passes
java.lang.ArrayIndexOutOfBoundsException: Index -1 out of bounds for length 7
	at app.freerouting.geometry.planar.Polyline.remove_overlaps(Polyline.java:157)
	at app.freerouting.geometry.planar.Polyline.<init>(Polyline.java:86)
	at app.freerouting.board.PolylineTrace.combine_at_end(PolylineTrace.java:379)
	at app.freerouting.board.PolylineTrace.combine(PolylineTrace.java:178)
	at app.freerouting.board.PolylineTrace.normalize(PolylineTrace.java:781)
	at app.freerouting.board.PolylineTrace.normalize(PolylineTrace.java:735)
	at app.freerouting.board.BasicBoard.normalize_traces(BasicBoard.java:830)
	at app.freerouting.autoroute.InsertFoundConnectionAlgo.get_instance(InsertFoundConnectionAlgo.java:87)
	at app.freerouting.autoroute.AutorouteEngine.autoroute_connection(AutorouteEngine.java:241)
	at app.freerouting.autoroute.BatchAutorouter.autoroute_item(BatchAutorouter.java:1104)
	at app.freerouting.autoroute.BatchAutorouter.autoroute_pass(BatchAutorouter.java:451)
	at app.freerouting.autoroute.BatchAutorouter.runBatchLoop(BatchAutorouter.java:744)
	at app.freerouting.management.RoutingJobSchedulerActionThread.thread_action(RoutingJobSchedulerActionThread.java:114)
	at app.freerouting.core.StoppableThread.run(StoppableThread.java:22)
2026-08-16 23:09:30.838 ERROR  Error during routing passes
java.lang.ArrayIndexOutOfBoundsException: Index -1 out of bounds for length 7
	at app.freerouting.geometry.planar.Polyline.remove_overlaps(Polyline.java:157)
	at app.freerouting.geometry.planar.Polyline.<init>(Polyline.java:86)
	at app.freerouting.board.PolylineTrace.combine_at_end(PolylineTrace.java:379)
	at app.freerouting.board.PolylineTrace.combine(PolylineTrace.java:178)
	at app.freerouting.board.PolylineTrace.normalize(PolylineTrace.java:781)
	at app.freerouting.board.PolylineTrace.normalize(PolylineTrace.java:735)
	at app.freerouting.board.BasicBoard.normalize_traces(BasicBoard.java:830)
	at app.freerouting.autoroute.InsertFoundConnectionAlgo.get_instance(InsertFoundConnectionAlgo.java:87)
	at app.freerouting.autoroute.AutorouteEngine.autoroute_connection(AutorouteEngine.java:241)
	at app.freerouting.autoroute.BatchAutorouter.autoroute_item(BatchAutorouter.java:1104)
	at app.freerouting.autoroute.BatchAutorouter.autoroute_pass(BatchAutorouter.java:451)
	at app.freerouting.autoroute.BatchAutorouter.runBatchLoop(BatchAutorouter.java:744)
	at app.freerouting.management.RoutingJobSchedulerActionThread.thread_action(RoutingJobSchedulerActionThread.java:114)
	at app.freerouting.core.StoppableThread.run(StoppableThread.java:22)
2026-08-16 23:09:30.853 ERROR  Error during routing passes
java.lang.ArrayIndexOutOfBoundsException: Index -1 out of bounds for length 7
	at app.freerouting.geometry.planar.Polyline.remove_overlaps(Polyline.java:157)
	at app.freerouting.geometry.planar.Polyline.<init>(Polyline.java:86)
	at app.freerouting.board.PolylineTrace.combine_at_end(PolylineTrace.java:379)
	at app.freerouting.board.PolylineTrace.combine(PolylineTrace.java:178)
	at app.freerouting.board.PolylineTrace.normalize(PolylineTrace.java:781)
	at app.freerouting.board.PolylineTrace.normalize(PolylineTrace.java:735)
	at app.freerouting.board.BasicBoard.normalize_traces(BasicBoard.java:830)
	at app.freerouting.autoroute.InsertFoundConnectionAlgo.get_instance(InsertFoundConnectionAlgo.java:87)
	at app.freerouting.autoroute.AutorouteEngine.autoroute_connection(AutorouteEngine.java:241)
	at app.freerouting.autoroute.BatchAutorouter.autoroute_item(BatchAutorouter.java:1104)
	at app.freerouting.autoroute.BatchAutorouter.autoroute_pass(BatchAutorouter.java:451)
	at app.freerouting.autoroute.BatchAutorouter.runBatchLoop(BatchAutorouter.java:744)
	at app.freerouting.management.RoutingJobSchedulerActionThread.thread_action(RoutingJobSchedulerActionThread.java:114)
	at app.freerouting.core.StoppableThread.run(StoppableThread.java:22)
2026-08-16 23:09:30.865 ERROR  Error during routing passes
java.lang.ArrayIndexOutOfBoundsException: Index -1 out of bounds for length 7
	at app.freerouting.geometry.planar.Polyline.remove_overlaps(Polyline.java:157)
	at app.freerouting.geometry.planar.Polyline.<init>(Polyline.java:86)
	at app.freerouting.board.PolylineTrace.combine_at_end(PolylineTrace.java:379)
	at app.freerouting.board.PolylineTrace.combine(PolylineTrace.java:178)
	at app.freerouting.board.PolylineTrace.normalize(PolylineTrace.java:781)
	at app.freerouting.board.PolylineTrace.normalize(PolylineTrace.java:735)
	at app.freerouting.board.BasicBoard.normalize_traces(BasicBoard.java:830)
	at app.freerouting.autoroute.InsertFoundConnectionAlgo.get_instance(InsertFoundConnectionAlgo.java:87)
	at app.freerouting.autoroute.AutorouteEngine.autoroute_connection(AutorouteEngine.java:241)
	at app.freerouting.autoroute.BatchAutorouter.autoroute_item(BatchAutorouter.java:1104)
	at app.freerouting.autoroute.BatchAutorouter.autoroute_pass(BatchAutorouter.java:451)
	at app.freerouting.autoroute.BatchAutorouter.runBatchLoop(BatchAutorouter.java:744)
	at app.freerouting.management.RoutingJobSchedulerActionThread.thread_action(RoutingJobSchedulerActionThread.java:114)
	at app.freerouting.core.StoppableThread.run(StoppableThread.java:22)
2026-08-16 23:09:30.877 ERROR  Error during routing passes
java.lang.ArrayIndexOutOfBoundsException: Index -1 out of bounds for length 7
	at app.freerouting.geometry.planar.Polyline.remove_overlaps(Polyline.java:157)
	at app.freerouting.geometry.planar.Polyline.<init>(Polyline.java:86)
	at app.freerouting.board.PolylineTrace.combine_at_end(PolylineTrace.java:379)
	at app.freerouting.board.PolylineTrace.combine(PolylineTrace.java:178)
	at app.freerouting.board.PolylineTrace.normalize(PolylineTrace.java:781)
	at app.freerouting.board.PolylineTrace.normalize(PolylineTrace.java:735)
	at app.freerouting.board.BasicBoard.normalize_traces(BasicBoard.java:830)
	at app.freerouting.autoroute.InsertFoundConnectionAlgo.get_instance(InsertFoundConnectionAlgo.java:87)
	at app.freerouting.autoroute.AutorouteEngine.autoroute_connection(AutorouteEngine.java:241)
	at app.freerouting.autoroute.BatchAutorouter.autoroute_item(BatchAutorouter.java:1104)
	at app.freerouting.autoroute.BatchAutorouter.autoroute_pass(BatchAutorouter.java:451)
	at app.freerouting.autoroute.BatchAutorouter.runBatchLoop(BatchAutorouter.java:744)
	at app.freerouting.management.RoutingJobSchedulerActionThread.thread_action(RoutingJobSchedulerActionThread.java:114)
	at app.freerouting.core.StoppableThread.run(StoppableThread.java:22)
2026-08-16 23:09:30.891 ERROR  Error during routing passes
java.lang.ArrayIndexOutOfBoundsException: Index -1 out of bounds for length 7
	at app.freerouting.geometry.planar.Polyline.remove_overlaps(Polyline.java:157)
	at app.freerouting.geometry.planar.Polyline.<init>(Polyline.java:86)
	at app.freerouting.board.PolylineTrace.combine_at_end(PolylineTrace.java:379)
	at app.freerouting.board.PolylineTrace.combine(PolylineTrace.java:178)
	at app.freerouting.board.PolylineTrace.normalize(PolylineTrace.java:781)
	at app.freerouting.board.PolylineTrace.normalize(PolylineTrace.java:735)
	at app.freerouting.board.BasicBoard.normalize_traces(BasicBoard.java:830)
	at app.freerouting.autoroute.InsertFoundConnectionAlgo.get_instance(InsertFoundConnectionAlgo.java:87)
	at app.freerouting.autoroute.AutorouteEngine.autoroute_connection(AutorouteEngine.java:241)
	at app.freerouting.autoroute.BatchAutorouter.autoroute_item(BatchAutorouter.java:1104)
	at app.freerouting.autoroute.BatchAutorouter.autoroute_pass(BatchAutorouter.java:451)
	at app.freerouting.autoroute.BatchAutorouter.runBatchLoop(BatchAutorouter.java:744)
	at app.freerouting.management.RoutingJobSchedulerActionThread.thread_action(RoutingJobSchedulerActionThread.java:114)
	at app.freerouting.core.StoppableThread.run(StoppableThread.java:22)
2026-08-16 23:09:31.030 ERROR  Error during routing passes
java.lang.ArrayIndexOutOfBoundsException: Index -1 out of bounds for length 7
	at app.freerouting.geometry.planar.Polyline.remove_overlaps(Polyline.java:157)
	at app.freerouting.geometry.planar.Polyline.<init>(Polyline.java:86)
	at app.freerouting.board.PolylineTrace.combine_at_end(PolylineTrace.java:379)
	at app.freerouting.board.PolylineTrace.combine(PolylineTrace.java:178)
	at app.freerouting.board.PolylineTrace.normalize(PolylineTrace.java:781)
	at app.freerouting.board.PolylineTrace.normalize(PolylineTrace.java:735)
	at app.freerouting.board.BasicBoard.normalize_traces(BasicBoard.java:830)
	at app.freerouting.autoroute.InsertFoundConnectionAlgo.get_instance(InsertFoundConnectionAlgo.java:87)
	at app.freerouting.autoroute.AutorouteEngine.autoroute_connection(AutorouteEngine.java:241)
	at app.freerouting.autoroute.BatchAutorouter.autoroute_item(BatchAutorouter.java:1104)
	at app.freerouting.autoroute.BatchAutorouter.autoroute_pass(BatchAutorouter.java:451)
	at app.freerouting.autoroute.BatchAutorouter.runBatchLoop(BatchAutorouter.java:744)
	at app.freerouting.management.RoutingJobSchedulerActionThread.thread_action(RoutingJobSchedulerActionThread.java:114)
	at app.freerouting.core.StoppableThread.run(StoppableThread.java:22)
2026-08-16 23:09:31.067 ERROR  Error during routing passes
java.lang.ArrayIndexOutOfBoundsException: Index -1 out of bounds for length 7
	at app.freerouting.geometry.planar.Polyline.remove_overlaps(Polyline.java:157)
	at app.freerouting.geometry.planar.Polyline.<init>(Polyline.java:86)
	at app.freerouting.board.PolylineTrace.combine_at_end(PolylineTrace.java:379)
	at app.freerouting.board.PolylineTrace.combine(PolylineTrace.java:178)
	at app.freerouting.board.PolylineTrace.normalize(PolylineTrace.java:781)
	at app.freerouting.board.PolylineTrace.normalize(PolylineTrace.java:735)
	at app.freerouting.board.BasicBoard.normalize_traces(BasicBoard.java:830)
	at app.freerouting.autoroute.InsertFoundConnectionAlgo.get_instance(InsertFoundConnectionAlgo.java:87)
	at app.freerouting.autoroute.AutorouteEngine.autoroute_connection(AutorouteEngine.java:241)
	at app.freerouting.autoroute.BatchAutorouter.autoroute_item(BatchAutorouter.java:1104)
	at app.freerouting.autoroute.BatchAutorouter.autoroute_pass(BatchAutorouter.java:451)
	at app.freerouting.autoroute.BatchAutorouter.runBatchLoop(BatchAutorouter.java:744)
	at app.freerouting.management.RoutingJobSchedulerActionThread.thread_action(RoutingJobSchedulerActionThread.java:114)
	at app.freerouting.core.StoppableThread.run(StoppableThread.java:22)
2026-08-16 23:09:31.083 ERROR  Error during routing passes
java.lang.ArrayIndexOutOfBoundsException: Index -1 out of bounds for length 7
	at app.freerouting.geometry.planar.Polyline.remove_overlaps(Polyline.java:157)
	at app.freerouting.geometry.planar.Polyline.<init>(Polyline.java:86)
	at app.freerouting.board.PolylineTrace.combine_at_end(PolylineTrace.java:379)
	at app.freerouting.board.PolylineTrace.combine(PolylineTrace.java:178)
	at app.freerouting.board.PolylineTrace.normalize(PolylineTrace.java:781)
	at app.freerouting.board.PolylineTrace.normalize(PolylineTrace.java:735)
	at app.freerouting.board.BasicBoard.normalize_traces(BasicBoard.java:830)
	at app.freerouting.autoroute.InsertFoundConnectionAlgo.get_instance(InsertFoundConnectionAlgo.java:87)
	at app.freerouting.autoroute.AutorouteEngine.autoroute_connection(AutorouteEngine.java:241)
	at app.freerouting.autoroute.BatchAutorouter.autoroute_item(BatchAutorouter.java:1104)
	at app.freerouting.autoroute.BatchAutorouter.autoroute_pass(BatchAutorouter.java:451)
	at app.freerouting.autoroute.BatchAutorouter.runBatchLoop(BatchAutorouter.java:744)
	at app.freerouting.management.RoutingJobSchedulerActionThread.thread_action(RoutingJobSchedulerActionThread.java:114)
	at app.freerouting.core.StoppableThread.run(StoppableThread.java:22)
2026-08-16 23:09:31.130 ERROR  Error during routing passes
java.lang.ArrayIndexOutOfBoundsException: Index -1 out of bounds for length 7
	at app.freerouting.geometry.planar.Polyline.remove_overlaps(Polyline.java:157)
	at app.freerouting.geometry.planar.Polyline.<init>(Polyline.java:86)
	at app.freerouting.board.PolylineTrace.combine_at_end(PolylineTrace.java:379)
	at app.freerouting.board.PolylineTrace.combine(PolylineTrace.java:178)
	at app.freerouting.board.PolylineTrace.normalize(PolylineTrace.java:781)
	at app.freerouting.board.PolylineTrace.normalize(PolylineTrace.java:735)
	at app.freerouting.board.BasicBoard.normalize_traces(BasicBoard.java:830)
	at app.freerouting.autoroute.InsertFoundConnectionAlgo.get_instance(InsertFoundConnectionAlgo.java:87)
	at app.freerouting.autoroute.AutorouteEngine.autoroute_connection(AutorouteEngine.java:241)
	at app.freerouting.autoroute.BatchAutorouter.autoroute_item(BatchAutorouter.java:1104)
	at app.freerouting.autoroute.BatchAutorouter.autoroute_pass(BatchAutorouter.java:451)
	at app.freerouting.autoroute.BatchAutorouter.runBatchLoop(BatchAutorouter.java:744)
	at app.freerouting.management.RoutingJobSchedulerActionThread.thread_action(RoutingJobSchedulerActionThread.java:114)
	at app.freerouting.core.StoppableThread.run(StoppableThread.java:22)
2026-08-16 23:09:31.138 ERROR  Error during routing passes
java.lang.ArrayIndexOutOfBoundsException: Index -1 out of bounds for length 7
	at app.freerouting.geometry.planar.Polyline.remove_overlaps(Polyline.java:157)
	at app.freerouting.geometry.planar.Polyline.<init>(Polyline.java:86)
	at app.freerouting.board.PolylineTrace.combine_at_end(PolylineTrace.java:379)
	at app.freerouting.board.PolylineTrace.combine(PolylineTrace.java:178)
	at app.freerouting.board.PolylineTrace.normalize(PolylineTrace.java:781)
	at app.freerouting.board.PolylineTrace.normalize(PolylineTrace.java:735)
	at app.freerouting.board.BasicBoard.normalize_traces(BasicBoard.java:830)
	at app.freerouting.autoroute.InsertFoundConnectionAlgo.get_instance(InsertFoundConnectionAlgo.java:87)
	at app.freerouting.autoroute.AutorouteEngine.autoroute_connection(AutorouteEngine.java:241)
	at app.freerouting.autoroute.BatchAutorouter.autoroute_item(BatchAutorouter.java:1104)
	at app.freerouting.autoroute.BatchAutorouter.autoroute_pass(BatchAutorouter.java:451)
	at app.freerouting.autoroute.BatchAutorouter.runBatchLoop(BatchAutorouter.java:744)
	at app.freerouting.management.RoutingJobSchedulerActionThread.thread_action(RoutingJobSchedulerActionThread.java:114)
	at app.freerouting.core.StoppableThread.run(StoppableThread.java:22)
2026-08-16 23:09:31.140 ERROR  [B33741\6A0070] Something went wrong during the auto-routing
java.lang.ArrayIndexOutOfBoundsException: Index -1 out of bounds for length 7
	at app.freerouting.geometry.planar.Polyline.remove_overlaps(Polyline.java:157)
	at app.freerouting.geometry.planar.Polyline.<init>(Polyline.java:86)
	at app.freerouting.board.PolylineTrace.combine_at_end(PolylineTrace.java:379)
	at app.freerouting.board.PolylineTrace.combine(PolylineTrace.java:178)
	at app.freerouting.board.BasicBoard.combine_traces(BasicBoard.java:797)
	at app.freerouting.board.RoutingBoard.remove_trace_tails(RoutingBoard.java:1138)
	at app.freerouting.autoroute.BatchAutorouter.remove_tails(BatchAutorouter.java:1033)
	at app.freerouting.autoroute.BatchAutorouter.autoroute_pass(BatchAutorouter.java:589)
	at app.freerouting.autoroute.BatchAutorouter.runBatchLoop(BatchAutorouter.java:744)
	at app.freerouting.management.RoutingJobSchedulerActionThread.thread_action(RoutingJobSchedulerActionThread.java:114)
	at app.freerouting.core.StoppableThread.run(StoppableThread.java:22)
